Component: ARM Compiler 5.06 update 5 (build 528) Tool: armlink [4d35e2]

==============================================================================

Section Cross References

    main.o(i.esb_init) refers to memcpya.o(.text) for __aeabi_memcpy4
    main.o(i.esb_init) refers to nrf_esb.o(i.nrf_esb_init) for nrf_esb_init
    main.o(i.esb_init) refers to nrf_esb.o(i.nrf_esb_set_base_address_0) for nrf_esb_set_base_address_0
    main.o(i.esb_init) refers to nrf_esb.o(i.nrf_esb_set_base_address_1) for nrf_esb_set_base_address_1
    main.o(i.esb_init) refers to nrf_esb.o(i.nrf_esb_set_prefixes) for nrf_esb_set_prefixes
    main.o(i.esb_init) refers to main.o(.constdata) for .constdata
    main.o(i.esb_init) refers to main.o(i.nrf_esb_event_handler) for nrf_esb_event_handler
    main.o(i.esb_init) refers to main.o(.data) for .data
    main.o(i.gpio_check_and_esb_tx) refers to main.o(i.nrf_gpio_pin_read) for nrf_gpio_pin_read
    main.o(i.gpio_check_and_esb_tx) refers to nrf_esb.o(i.nrf_esb_write_payload) for nrf_esb_write_payload
    main.o(i.gpio_check_and_esb_tx) refers to main.o(.data) for .data
    main.o(i.gpio_init) refers to main.o(i.nrf_gpio_cfg_sense_input) for nrf_gpio_cfg_sense_input
    main.o(i.gpio_init) refers to boards.o(i.bsp_board_init) for bsp_board_init
    main.o(i.gpio_init) refers to main.o(.constdata) for .constdata
    main.o(i.main) refers to main.o(i.clocks_start) for clocks_start
    main.o(i.main) refers to main.o(i.esb_init) for esb_init
    main.o(i.main) refers to app_error.o(i.app_error_handler_bare) for app_error_handler_bare
    main.o(i.main) refers to main.o(i.gpio_init) for gpio_init
    main.o(i.main) refers to main.o(i.recover_state) for recover_state
    main.o(i.main) refers to main.o(i.gpio_check_and_esb_tx) for gpio_check_and_esb_tx
    main.o(i.main) refers to main.o(i.nrf_gpio_pin_read) for nrf_gpio_pin_read
    main.o(i.main) refers to main.o(i.system_off) for system_off
    main.o(i.main) refers to main.o(.data) for .data
    main.o(i.nrf_esb_event_handler) refers to nrf_esb.o(i.nrf_esb_flush_tx) for nrf_esb_flush_tx
    main.o(i.nrf_esb_event_handler) refers to nrf_esb.o(i.nrf_esb_read_rx_payload) for nrf_esb_read_rx_payload
    main.o(i.nrf_esb_event_handler) refers to main.o(i.nrf_gpio_pin_write) for nrf_gpio_pin_write
    main.o(i.nrf_esb_event_handler) refers to main.o(.data) for .data
    main.o(i.nrf_esb_event_handler) refers to main.o(.bss) for .bss
    main.o(i.recover_state) refers to main.o(.data) for .data
    main.o(i.system_off) refers to boards.o(i.bsp_board_leds_off) for bsp_board_leds_off
    boards.o(i.bsp_board_button_idx_to_pin) refers to boards.o(.constdata) for .constdata
    boards.o(i.bsp_board_button_state_get) refers to boards.o(.constdata) for .constdata
    boards.o(i.bsp_board_init) refers to boards.o(i.nrf_gpio_cfg) for nrf_gpio_cfg
    boards.o(i.bsp_board_init) refers to boards.o(i.bsp_board_leds_off) for bsp_board_leds_off
    boards.o(i.bsp_board_init) refers to boards.o(.constdata) for .constdata
    boards.o(i.bsp_board_led_idx_to_pin) refers to boards.o(.constdata) for .constdata
    boards.o(i.bsp_board_led_invert) refers to boards.o(.constdata) for .constdata
    boards.o(i.bsp_board_led_off) refers to boards.o(i.nrf_gpio_pin_write) for nrf_gpio_pin_write
    boards.o(i.bsp_board_led_off) refers to boards.o(.constdata) for .constdata
    boards.o(i.bsp_board_led_on) refers to boards.o(i.nrf_gpio_pin_write) for nrf_gpio_pin_write
    boards.o(i.bsp_board_led_on) refers to boards.o(.constdata) for .constdata
    boards.o(i.bsp_board_led_state_get) refers to boards.o(.constdata) for .constdata
    boards.o(i.bsp_board_leds_off) refers to boards.o(i.bsp_board_led_off) for bsp_board_led_off
    boards.o(i.bsp_board_leds_on) refers to boards.o(i.bsp_board_led_on) for bsp_board_led_on
    boards.o(i.bsp_board_pin_to_button_idx) refers to boards.o(.constdata) for .constdata
    boards.o(i.bsp_board_pin_to_led_idx) refers to boards.o(.constdata) for .constdata
    nrf_drv_uart.o(i.nrf_drv_uart_init) refers to memcpya.o(.text) for __aeabi_memcpy4
    nrf_drv_uart.o(i.nrf_drv_uart_init) refers to nrfx_uarte.o(i.nrfx_uarte_init) for nrfx_uarte_init
    nrf_drv_uart.o(i.nrf_drv_uart_init) refers to nrfx_uart.o(i.nrfx_uart_init) for nrfx_uart_init
    nrf_drv_uart.o(i.nrf_drv_uart_init) refers to nrf_drv_uart.o(.data) for .data
    nrf_drv_uart.o(i.nrf_drv_uart_init) refers to nrf_drv_uart.o(i.uarte_evt_handler) for uarte_evt_handler
    nrf_drv_uart.o(i.nrf_drv_uart_init) refers to nrf_drv_uart.o(i.uart_evt_handler) for uart_evt_handler
    nrf_drv_uart.o(i.uart_evt_handler) refers to nrf_drv_uart.o(.data) for .data
    nrf_drv_uart.o(i.uarte_evt_handler) refers to nrf_drv_uart.o(.data) for .data
    nrfx_prs.o(i.UARTE0_UART0_IRQHandler) refers to nrfx_prs.o(.data) for .data
    nrfx_prs.o(i.nrfx_prs_acquire) refers to nrfx_prs.o(i.prs_box_get) for prs_box_get
[...]
    nrf_memobj.o(i.nrf_memobj_pool_init) refers to nrf_balloc.o(i.nrf_balloc_init) for nrf_balloc_init
    nrf_memobj.o(i.nrf_memobj_put) refers to nrf_atomic.o(i.nrf_atomic_u32_sub) for nrf_atomic_u32_sub
    nrf_memobj.o(i.nrf_memobj_put) refers to nrf_memobj.o(i.nrf_memobj_free) for nrf_memobj_free
    nrf_memobj.o(i.nrf_memobj_read) refers to nrf_memobj.o(i.memobj_op) for memobj_op
    nrf_memobj.o(i.nrf_memobj_write) refers to nrf_memobj.o(i.memobj_op) for memobj_op
    nrf_ringbuf.o(i.nrf_ringbuf_alloc) refers to nrf_atomic.o(i.nrf_atomic_flag_set_fetch) for nrf_atomic_flag_set_fetch
    nrf_ringbuf.o(i.nrf_ringbuf_alloc) refers to nrf_atomic.o(i.nrf_atomic_flag_clear) for nrf_atomic_flag_clear
    nrf_ringbuf.o(i.nrf_ringbuf_cpy_get) refers to nrf_atomic.o(i.nrf_atomic_flag_set_fetch) for nrf_atomic_flag_set_fetch
    nrf_ringbuf.o(i.nrf_ringbuf_cpy_get) refers to memcpya.o(.text) for __aeabi_memcpy
    nrf_ringbuf.o(i.nrf_ringbuf_cpy_get) refers to nrf_atomic.o(i.nrf_atomic_flag_clear) for nrf_atomic_flag_clear
    nrf_ringbuf.o(i.nrf_ringbuf_cpy_put) refers to nrf_atomic.o(i.nrf_atomic_flag_set_fetch) for nrf_atomic_flag_set_fetch
    nrf_ringbuf.o(i.nrf_ringbuf_cpy_put) refers to memcpya.o(.text) for __aeabi_memcpy
    nrf_ringbuf.o(i.nrf_ringbuf_cpy_put) refers to nrf_atomic.o(i.nrf_atomic_flag_clear) for nrf_atomic_flag_clear
    nrf_ringbuf.o(i.nrf_ringbuf_free) refers to nrf_atomic.o(i.nrf_atomic_flag_clear) for nrf_atomic_flag_clear
    nrf_ringbuf.o(i.nrf_ringbuf_get) refers to nrf_atomic.o(i.nrf_atomic_flag_set_fetch) for nrf_atomic_flag_set_fetch
    nrf_ringbuf.o(i.nrf_ringbuf_get) refers to nrf_atomic.o(i.nrf_atomic_flag_clear) for nrf_atomic_flag_clear
    nrf_ringbuf.o(i.nrf_ringbuf_put) refers to nrf_atomic.o(i.nrf_atomic_flag_clear_fetch) for nrf_atomic_flag_clear_fetch
    nrf_strerror.o(i.nrf_strerror_find) refers to nrf_strerror.o(.constdata) for .constdata
    nrf_strerror.o(i.nrf_strerror_get) refers to nrf_strerror.o(i.nrf_strerror_find) for nrf_strerror_find
    nrf_strerror.o(i.nrf_strerror_get) refers to nrf_strerror.o(.constdata) for .constdata
    nrf_strerror.o(.constdata) refers to nrf_strerror.o(.conststring) for .conststring
    nrf_esb.o(i.RADIO_IRQHandler) refers to nrf_esb.o(.data) for .data
    nrf_esb.o(i.SWI0_EGU0_IRQHandler) refers to nrf_esb.o(i.NVIC_DisableIRQ) for NVIC_DisableIRQ
    nrf_esb.o(i.SWI0_EGU0_IRQHandler) refers to nrf_esb.o(i.NVIC_EnableIRQ) for NVIC_EnableIRQ
    nrf_esb.o(i.SWI0_EGU0_IRQHandler) refers to nrf_esb.o(.data) for .data
    nrf_esb.o(i.TIMER3_IRQHandler) refers to nrf_esb.o(.data) for .data
    nrf_esb.o(i.apply_address_workarounds) refers to nrf_esb.o(.data) for .data
    nrf_esb.o(i.clear_events_restart_rx) refers to nrf_esb.o(.data) for .data
    nrf_esb.o(i.clear_events_restart_rx) refers to nrf_esb.o(.bss) for .bss
    nrf_esb.o(i.nrf_esb_disable) refers to nrf_esb.o(i.reset_fifos) for reset_fifos
    nrf_esb.o(i.nrf_esb_disable) refers to memseta.o(.text) for __aeabi_memclr
    nrf_esb.o(i.nrf_esb_disable) refers to nrf_esb.o(i.NVIC_DisableIRQ) for NVIC_DisableIRQ
    nrf_esb.o(i.nrf_esb_disable) refers to nrf_esb.o(.data) for .data
    nrf_esb.o(i.nrf_esb_disable) refers to nrf_esb.o(.bss) for .bss
    nrf_esb.o(i.nrf_esb_enable_pipes) refers to nrf_esb.o(i.apply_address_workarounds) for apply_address_workarounds
    nrf_esb.o(i.nrf_esb_enable_pipes) refers to nrf_esb.o(.data) for .data
    nrf_esb.o(i.nrf_esb_flush_rx) refers to nrf_esb.o(i.NVIC_DisableIRQ) for NVIC_DisableIRQ
    nrf_esb.o(i.nrf_esb_flush_rx) refers to memseta.o(.text) for __aeabi_memclr
    nrf_esb.o(i.nrf_esb_flush_rx) refers to nrf_esb.o(i.NVIC_EnableIRQ) for NVIC_EnableIRQ
    nrf_esb.o(i.nrf_esb_flush_rx) refers to nrf_esb.o(.data) for .data
    nrf_esb.o(i.nrf_esb_flush_rx) refers to nrf_esb.o(.bss) for .bss
    nrf_esb.o(i.nrf_esb_flush_tx) refers to nrf_esb.o(i.NVIC_DisableIRQ) for NVIC_DisableIRQ
    nrf_esb.o(i.nrf_esb_flush_tx) refers to nrf_esb.o(i.NVIC_EnableIRQ) for NVIC_EnableIRQ
    nrf_esb.o(i.nrf_esb_flush_tx) refers to nrf_esb.o(.data) for .data
    nrf_esb.o(i.nrf_esb_flush_tx) refers to nrf_esb.o(.bss) for .bss
    nrf_esb.o(i.nrf_esb_get_rf_channel) refers to nrf_esb.o(.data) for .data
    nrf_esb.o(i.nrf_esb_init) refers to nrf_esb.o(i.nrf_esb_disable) for nrf_esb_disable
    nrf_esb.o(i.nrf_esb_init) refers to memcpya.o(.text) for __aeabi_memcpy4
    nrf_esb.o(i.nrf_esb_init) refers to memseta.o(.text) for __aeabi_memclr
    nrf_esb.o(i.nrf_esb_init) refers to nrf_esb.o(i.update_radio_parameters) for update_radio_parameters
    nrf_esb.o(i.nrf_esb_init) refers to nrf_esb.o(i.reset_fifos) for reset_fifos
    nrf_esb.o(i.nrf_esb_init) refers to nrf_esb.o(i.NVIC_SetPriority) for NVIC_SetPriority
    nrf_esb.o(i.nrf_esb_init) refers to nrf_esb.o(i.NVIC_EnableIRQ) for NVIC_EnableIRQ
    nrf_esb.o(i.nrf_esb_init) refers to nrf_esb.o(.data) for .data
    nrf_esb.o(i.nrf_esb_init) refers to nrf_esb.o(.bss) for .bss
    nrf_esb.o(i.nrf_esb_is_idle) refers to nrf_esb.o(.data) for .data
    nrf_esb.o(i.nrf_esb_pop_tx) refers to nrf_esb.o(i.NVIC_DisableIRQ) for NVIC_DisableIRQ
    nrf_esb.o(i.nrf_esb_pop_tx) refers to nrf_esb.o(i.NVIC_EnableIRQ) for NVIC_EnableIRQ
    nrf_esb.o(i.nrf_esb_pop_tx) refers to nrf_esb.o(.data) for .data
    nrf_esb.o(i.nrf_esb_pop_tx) refers to nrf_esb.o(.bss) for .bss
    nrf_esb.o(i.nrf_esb_read_rx_payload) refers to nrf_esb.o(i.NVIC_DisableIRQ) for NVIC_DisableIRQ
    nrf_esb.o(i.nrf_esb_read_rx_payload) refers to memcpya.o(.text) for __aeabi_memcpy
    nrf_esb.o(i.nrf_esb_read_rx_payload) refers to nrf_esb.o(i.NVIC_EnableIRQ) for NVIC_EnableIRQ
    nrf_esb.o(i.nrf_esb_read_rx_payload) refers to nrf_esb.o(.data) for .data
    nrf_esb.o(i.nrf_esb_read_rx_payload) refers to nrf_esb.o(.bss) for .bss
    nrf_esb.o(i.nrf_esb_reuse_pid) refers to nrf_esb.o(.data) for .data
    nrf_esb.o(i.nrf_esb_set_address_length) refers to nrf_esb.o(i.apply_address_workarounds) for apply_address_workarounds
    nrf_esb.o(i.nrf_esb_set_address_length) refers to nrf_esb.o(.data) for .data
    nrf_esb.o(i.nrf_esb_set_address_length) refers to nrf_esb.o(.bss) for .bss
    nrf_esb.o(i.nrf_esb_set_base_address_0) refers to nrf_esb.o(i.addr_conv) for addr_conv
    nrf_esb.o(i.nrf_esb_set_base_address_0) refers to nrf_esb.o(i.update_radio_addresses) for update_radio_addresses
    nrf_esb.o(i.nrf_esb_set_base_address_0) refers to nrf_esb.o(i.apply_address_workarounds) for apply_address_workarounds
    nrf_esb.o(i.nrf_esb_set_base_address_0) refers to nrf_esb.o(.data) for .data
    nrf_esb.o(i.nrf_esb_set_base_address_1) refers to nrf_esb.o(i.addr_conv) for addr_conv
    nrf_esb.o(i.nrf_esb_set_base_address_1) refers to nrf_esb.o(i.update_radio_addresses) for update_radio_addresses
    nrf_esb.o(i.nrf_esb_set_base_address_1) refers to nrf_esb.o(i.apply_address_workarounds) for apply_address_workarounds
    nrf_esb.o(i.nrf_esb_set_base_address_1) refers to nrf_esb.o(.data) for .data
    nrf_esb.o(i.nrf_esb_set_bitrate) refers to nrf_esb.o(i.update_radio_bitrate) for update_radio_bitrate
    nrf_esb.o(i.nrf_esb_set_bitrate) refers to nrf_esb.o(.data) for .data
    nrf_esb.o(i.nrf_esb_set_bitrate) refers to nrf_esb.o(.bss) for .bss
    nrf_esb.o(i.nrf_esb_set_prefixes) refers to memcpya.o(.text) for __aeabi_memcpy
    nrf_esb.o(i.nrf_esb_set_prefixes) refers to nrf_esb.o(i.update_radio_addresses) for update_radio_addresses
    nrf_esb.o(i.nrf_esb_set_prefixes) refers to nrf_esb.o(i.apply_address_workarounds) for apply_address_workarounds
    nrf_esb.o(i.nrf_esb_set_prefixes) refers to nrf_esb.o(.data) for .data
    nrf_esb.o(i.nrf_esb_set_retransmit_count) refers to nrf_esb.o(.data) for .data
    nrf_esb.o(i.nrf_esb_set_retransmit_count) refers to nrf_esb.o(.bss) for .bss
    nrf_esb.o(i.nrf_esb_set_retransmit_delay) refers to nrf_esb.o(.data) for .data
    nrf_esb.o(i.nrf_esb_set_retransmit_delay) refers to nrf_esb.o(.bss) for .bss
    nrf_esb.o(i.nrf_esb_set_rf_channel) refers to nrf_esb.o(.data) for .data
    nrf_esb.o(i.nrf_esb_set_tx_power) refers to nrf_esb.o(i.update_radio_tx_power) for update_radio_tx_power
    nrf_esb.o(i.nrf_esb_set_tx_power) refers to nrf_esb.o(.data) for .data
    nrf_esb.o(i.nrf_esb_set_tx_power) refers to nrf_esb.o(.bss) for .bss
    nrf_esb.o(i.nrf_esb_skip_tx) refers to nrf_esb.o(i.NVIC_DisableIRQ) for NVIC_DisableIRQ
    nrf_esb.o(i.nrf_esb_skip_tx) refers to nrf_esb.o(i.NVIC_EnableIRQ) for NVIC_EnableIRQ
    nrf_esb.o(i.nrf_esb_skip_tx) refers to nrf_esb.o(.data) for .data
    nrf_esb.o(i.nrf_esb_skip_tx) refers to nrf_esb.o(.bss) for .bss
    nrf_esb.o(i.nrf_esb_start_rx) refers to nrf_esb.o(i.NVIC_ClearPendingIRQ) for NVIC_ClearPendingIRQ
    nrf_esb.o(i.nrf_esb_start_rx) refers to nrf_esb.o(i.NVIC_EnableIRQ) for NVIC_EnableIRQ
    nrf_esb.o(i.nrf_esb_start_rx) refers to nrf_esb.o(.data) for .data
    nrf_esb.o(i.nrf_esb_start_rx) refers to nrf_esb.o(i.on_radio_disabled_rx) for on_radio_disabled_rx
    nrf_esb.o(i.nrf_esb_start_rx) refers to nrf_esb.o(.bss) for .bss
    nrf_esb.o(i.nrf_esb_start_tx) refers to nrf_esb.o(i.start_tx_transaction) for start_tx_transaction
    nrf_esb.o(i.nrf_esb_start_tx) refers to nrf_esb.o(.data) for .data
    nrf_esb.o(i.nrf_esb_start_tx) refers to nrf_esb.o(.bss) for .bss
    nrf_esb.o(i.nrf_esb_stop_rx) refers to nrf_esb.o(.data) for .data
    nrf_esb.o(i.nrf_esb_suspend) refers to nrf_esb.o(.data) for .data
    nrf_esb.o(i.nrf_esb_update_prefix) refers to nrf_esb.o(i.update_radio_addresses) for update_radio_addresses
    nrf_esb.o(i.nrf_esb_update_prefix) refers to nrf_esb.o(i.apply_address_workarounds) for apply_address_workarounds
    nrf_esb.o(i.nrf_esb_update_prefix) refers to nrf_esb.o(.data) for .data
    nrf_esb.o(i.nrf_esb_write_payload) refers to nrf_esb.o(i.NVIC_DisableIRQ) for NVIC_DisableIRQ
    nrf_esb.o(i.nrf_esb_write_payload) refers to memcpya.o(.text) for __aeabi_memcpy
    nrf_esb.o(i.nrf_esb_write_payload) refers to nrf_esb.o(i.NVIC_EnableIRQ) for NVIC_EnableIRQ
    nrf_esb.o(i.nrf_esb_write_payload) refers to nrf_esb.o(i.start_tx_transaction) for start_tx_transaction
    nrf_esb.o(i.nrf_esb_write_payload) refers to nrf_esb.o(.data) for .data
    nrf_esb.o(i.nrf_esb_write_payload) refers to nrf_esb.o(.bss) for .bss
    nrf_esb.o(i.on_radio_disabled_rx) refers to nrf_esb.o(i.clear_events_restart_rx) for clear_events_restart_rx
    nrf_esb.o(i.on_radio_disabled_rx) refers to memcpya.o(.text) for __aeabi_memcpy
    nrf_esb.o(i.on_radio_disabled_rx) refers to nrf_esb.o(i.rx_fifo_push_rfbuf) for rx_fifo_push_rfbuf
    nrf_esb.o(i.on_radio_disabled_rx) refers to nrf_esb.o(i.NVIC_SetPendingIRQ) for NVIC_SetPendingIRQ
    nrf_esb.o(i.on_radio_disabled_rx) refers to nrf_esb.o(.bss) for .bss
    nrf_esb.o(i.on_radio_disabled_rx) refers to nrf_esb.o(.data) for .data
    nrf_esb.o(i.on_radio_disabled_rx) refers to nrf_esb.o(i.on_radio_disabled_rx_ack) for on_radio_disabled_rx_ack
    nrf_esb.o(i.on_radio_disabled_rx_ack) refers to nrf_esb.o(.data) for .data
    nrf_esb.o(i.on_radio_disabled_rx_ack) refers to nrf_esb.o(.bss) for .bss
    nrf_esb.o(i.on_radio_disabled_rx_ack) refers to nrf_esb.o(i.on_radio_disabled_rx) for on_radio_disabled_rx
    nrf_esb.o(i.on_radio_disabled_tx) refers to nrf_esb.o(.data) for .data
    nrf_esb.o(i.on_radio_disabled_tx) refers to nrf_esb.o(.bss) for .bss
    nrf_esb.o(i.on_radio_disabled_tx) refers to nrf_esb.o(i.on_radio_disabled_tx_wait_for_ack) for on_radio_disabled_tx_wait_for_ack
    nrf_esb.o(i.on_radio_disabled_tx_noack) refers to nrf_esb.o(i.nrf_esb_skip_tx) for nrf_esb_skip_tx
    nrf_esb.o(i.on_radio_disabled_tx_noack) refers to nrf_esb.o(i.NVIC_SetPendingIRQ) for NVIC_SetPendingIRQ
    nrf_esb.o(i.on_radio_disabled_tx_noack) refers to nrf_esb.o(i.start_tx_transaction) for start_tx_transaction
    nrf_esb.o(i.on_radio_disabled_tx_noack) refers to nrf_esb.o(.data) for .data
    nrf_esb.o(i.on_radio_disabled_tx_noack) refers to nrf_esb.o(.bss) for .bss
    nrf_esb.o(i.on_radio_disabled_tx_wait_for_ack) refers to nrf_esb.o(i.nrf_esb_skip_tx) for nrf_esb_skip_tx
    nrf_esb.o(i.on_radio_disabled_tx_wait_for_ack) refers to nrf_esb.o(i.rx_fifo_push_rfbuf) for rx_fifo_push_rfbuf
    nrf_esb.o(i.on_radio_disabled_tx_wait_for_ack) refers to nrf_esb.o(i.NVIC_SetPendingIRQ) for NVIC_SetPendingIRQ
    nrf_esb.o(i.on_radio_disabled_tx_wait_for_ack) refers to nrf_esb.o(i.start_tx_transaction) for start_tx_transaction
    nrf_esb.o(i.on_radio_disabled_tx_wait_for_ack) refers to nrf_esb.o(.bss) for .bss
    nrf_esb.o(i.on_radio_disabled_tx_wait_for_ack) refers to nrf_esb.o(.data) for .data
    nrf_esb.o(i.on_radio_disabled_tx_wait_for_ack) refers to nrf_esb.o(i.on_radio_disabled_tx) for on_radio_disabled_tx
    nrf_esb.o(i.reset_fifos) refers to nrf_esb.o(.bss) for .bss
    nrf_esb.o(i.rx_fifo_push_rfbuf) refers to memcpya.o(.text) for __aeabi_memcpy
    nrf_esb.o(i.rx_fifo_push_rfbuf) refers to nrf_esb.o(.bss) for .bss
    nrf_esb.o(i.start_tx_transaction) refers to memcpya.o(.text) for __aeabi_memcpy
    nrf_esb.o(i.start_tx_transaction) refers to nrf_esb.o(i.NVIC_ClearPendingIRQ) for NVIC_ClearPendingIRQ
    nrf_esb.o(i.start_tx_transaction) refers to nrf_esb.o(i.NVIC_EnableIRQ) for NVIC_EnableIRQ
    nrf_esb.o(i.start_tx_transaction) refers to nrf_esb.o(.data) for .data
    nrf_esb.o(i.start_tx_transaction) refers to nrf_esb.o(.bss) for .bss
    nrf_esb.o(i.start_tx_transaction) refers to nrf_esb.o(i.on_radio_disabled_tx) for on_radio_disabled_tx
    nrf_esb.o(i.start_tx_transaction) refers to nrf_esb.o(i.on_radio_disabled_tx_noack) for on_radio_disabled_tx_noack
    nrf_esb.o(i.update_radio_addresses) refers to nrf_esb.o(i.addr_conv) for addr_conv
    nrf_esb.o(i.update_radio_addresses) refers to nrf_esb.o(i.bytewise_bit_swap) for bytewise_bit_swap
    nrf_esb.o(i.update_radio_addresses) refers to nrf_esb.o(.data) for .data
    nrf_esb.o(i.update_radio_bitrate) refers to nrf_esb.o(.bss) for .bss
    nrf_esb.o(i.update_radio_bitrate) refers to nrf_esb.o(.data) for .data
    nrf_esb.o(i.update_radio_parameters) refers to nrf_esb.o(i.update_radio_tx_power) for update_radio_tx_power
    nrf_esb.o(i.update_radio_parameters) refers to nrf_esb.o(i.update_radio_bitrate) for update_radio_bitrate
    nrf_esb.o(i.update_radio_parameters) refers to nrf_esb.o(.bss) for .bss
    nrf_esb.o(i.update_radio_parameters) refers to nrf_esb.o(.data) for .data
    nrf_esb.o(i.update_radio_parameters) refers to nrf_esb.o(i.update_rf_payload_format_esb_dpl) for update_rf_payload_format_esb_dpl
    nrf_esb.o(i.update_radio_parameters) refers to nrf_esb.o(i.update_rf_payload_format_esb) for update_rf_payload_format_esb
    nrf_esb.o(i.update_radio_tx_power) refers to nrf_esb.o(.bss) for .bss
    nrf_esb.o(i.update_rf_payload_format_esb) refers to nrf_esb.o(.data) for .data
    nrf_esb.o(i.update_rf_payload_format_esb_dpl) refers to nrf_esb.o(.data) for .data
    segger_rtt.o(i.SEGGER_RTT_AllocDownBuffer) refers to segger_rtt.o(i._DoInit) for _DoInit
    segger_rtt.o(i.SEGGER_RTT_AllocDownBuffer) refers to app_util_platform.o(i.app_util_critical_region_enter) for app_util_critical_region_enter
    segger_rtt.o(i.SEGGER_RTT_AllocDownBuffer) refers to app_util_platform.o(i.app_util_critical_region_exit) for app_util_critical_region_exit
    segger_rtt.o(i.SEGGER_RTT_AllocDownBuffer) refers to segger_rtt.o(.bss) for .bss
    segger_rtt.o(i.SEGGER_RTT_AllocUpBuffer) refers to segger_rtt.o(i._DoInit) for _DoInit
    segger_rtt.o(i.SEGGER_RTT_AllocUpBuffer) refers to app_util_platform.o(i.app_util_critical_region_enter) for app_util_critical_region_enter
    segger_rtt.o(i.SEGGER_RTT_AllocUpBuffer) refers to app_util_platform.o(i.app_util_critical_region_exit) for app_util_critical_region_exit
    segger_rtt.o(i.SEGGER_RTT_AllocUpBuffer) refers to segger_rtt.o(.bss) for .bss
    segger_rtt.o(i.SEGGER_RTT_ConfigDownBuffer) refers to segger_rtt.o(i._DoInit) for _DoInit
    segger_rtt.o(i.SEGGER_RTT_ConfigDownBuffer) refers to app_util_platform.o(i.app_util_critical_region_enter) for app_util_critical_region_enter
    segger_rtt.o(i.SEGGER_RTT_ConfigDownBuffer) refers to app_util_platform.o(i.app_util_critical_region_exit) for app_util_critical_region_exit
    segger_rtt.o(i.SEGGER_RTT_ConfigDownBuffer) refers to segger_rtt.o(.bss) for .bss
    segger_rtt.o(i.SEGGER_RTT_ConfigUpBuffer) refers to segger_rtt.o(i._DoInit) for _DoInit
    segger_rtt.o(i.SEGGER_RTT_ConfigUpBuffer) refers to app_util_platform.o(i.app_util_critical_region_enter) for app_util_critical_region_enter
    segger_rtt.o(i.SEGGER_RTT_ConfigUpBuffer) refers to app_util_platform.o(i.app_util_critical_region_exit) for app_util_critical_region_exit
    segger_rtt.o(i.SEGGER_RTT_ConfigUpBuffer) refers to segger_rtt.o(.bss) for .bss
    segger_rtt.o(i.SEGGER_RTT_GetKey) refers to segger_rtt.o(i.SEGGER_RTT_Read) for SEGGER_RTT_Read
    segger_rtt.o(i.SEGGER_RTT_HasData) refers to segger_rtt.o(.bss) for .bss
    segger_rtt.o(i.SEGGER_RTT_HasKey) refers to segger_rtt.o(i._DoInit) for _DoInit
    segger_rtt.o(i.SEGGER_RTT_HasKey) refers to segger_rtt.o(.bss) for .bss
    segger_rtt.o(i.SEGGER_RTT_Init) refers to segger_rtt.o(i._DoInit) for _DoInit
    segger_rtt.o(i.SEGGER_RTT_PutChar) refers to segger_rtt.o(i._DoInit) for _DoInit
    segger_rtt.o(i.SEGGER_RTT_PutChar) refers to app_util_platform.o(i.app_util_critical_region_enter) for app_util_critical_region_enter
    segger_rtt.o(i.SEGGER_RTT_PutChar) refers to app_util_platform.o(i.app_util_critical_region_exit) for app_util_critical_region_exit
    segger_rtt.o(i.SEGGER_RTT_PutChar) refers to segger_rtt.o(.bss) for .bss
    segger_rtt.o(i.SEGGER_RTT_PutCharSkip) refers to segger_rtt.o(i._DoInit) for _DoInit
    segger_rtt.o(i.SEGGER_RTT_PutCharSkip) refers to app_util_platform.o(i.app_util_critical_region_enter) for app_util_critical_region_enter
    segger_rtt.o(i.SEGGER_RTT_PutCharSkip) refers to app_util_platform.o(i.app_util_critical_region_exit) for app_util_critical_region_exit
    segger_rtt.o(i.SEGGER_RTT_PutCharSkip) refers to segger_rtt.o(.bss) for .bss
    segger_rtt.o(i.SEGGER_RTT_PutCharSkipNoLock) refers to segger_rtt.o(.bss) for .bss
    segger_rtt.o(i.SEGGER_RTT_Read) refers to app_util_platform.o(i.app_util_critical_region_enter) for app_util_critical_region_enter
    segger_rtt.o(i.SEGGER_RTT_Read) refers to segger_rtt.o(i.SEGGER_RTT_ReadNoLock) for SEGGER_RTT_ReadNoLock
    segger_rtt.o(i.SEGGER_RTT_Read) refers to app_util_platform.o(i.app_util_critical_region_exit) for app_util_critical_region_exit
    segger_rtt.o(i.SEGGER_RTT_ReadNoLock) refers to segger_rtt.o(i._DoInit) for _DoInit
    segger_rtt.o(i.SEGGER_RTT_ReadNoLock) refers to memcpya.o(.text) for __aeabi_memcpy
    segger_rtt.o(i.SEGGER_RTT_ReadNoLock) refers to segger_rtt.o(.bss) for .bss
    segger_rtt.o(i.SEGGER_RTT_SetFlagsDownBuffer) refers to segger_rtt.o(i._DoInit) for _DoInit
    segger_rtt.o(i.SEGGER_RTT_SetFlagsDownBuffer) refers to app_util_platform.o(i.app_util_critical_region_enter) for app_util_critical_region_enter
    segger_rtt.o(i.SEGGER_RTT_SetFlagsDownBuffer) refers to app_util_platform.o(i.app_util_critical_region_exit) for app_util_critical_region_exit
    segger_rtt.o(i.SEGGER_RTT_SetFlagsDownBuffer) refers to segger_rtt.o(.bss) for .bss
    segger_rtt.o(i.SEGGER_RTT_SetFlagsUpBuffer) refers to segger_rtt.o(i._DoInit) for _DoInit
    segger_rtt.o(i.SEGGER_RTT_SetFlagsUpBuffer) refers to app_util_platform.o(i.app_util_critical_region_enter) for app_util_critical_region_enter
    segger_rtt.o(i.SEGGER_RTT_SetFlagsUpBuffer) refers to app_util_platform.o(i.app_util_critical_region_exit) for app_util_critical_region_exit
    segger_rtt.o(i.SEGGER_RTT_SetFlagsUpBuffer) refers to segger_rtt.o(.bss) for .bss
    segger_rtt.o(i.SEGGER_RTT_SetNameDownBuffer) refers to segger_rtt.o(i._DoInit) for _DoInit
    segger_rtt.o(i.SEGGER_RTT_SetNameDownBuffer) refers to app_util_platform.o(i.app_util_critical_region_enter) for app_util_critical_region_enter
    segger_rtt.o(i.SEGGER_RTT_SetNameDownBuffer) refers to app_util_platform.o(i.app_util_critical_region_exit) for app_util_critical_region_exit
    segger_rtt.o(i.SEGGER_RTT_SetNameDownBuffer) refers to segger_rtt.o(.bss) for .bss
    segger_rtt.o(i.SEGGER_RTT_SetNameUpBuffer) refers to segger_rtt.o(i._DoInit) for _DoInit
    segger_rtt.o(i.SEGGER_RTT_SetNameUpBuffer) refers to app_util_platform.o(i.app_util_critical_region_enter) for app_util_critical_region_enter
    segger_rtt.o(i.SEGGER_RTT_SetNameUpBuffer) refers to app_util_platform.o(i.app_util_critical_region_exit) for app_util_critical_region_exit
    segger_rtt.o(i.SEGGER_RTT_SetNameUpBuffer) refers to segger_rtt.o(.bss) for .bss
    segger_rtt.o(i.SEGGER_RTT_SetTerminal) refers to segger_rtt.o(i._DoInit) for _DoInit
    segger_rtt.o(i.SEGGER_RTT_SetTerminal) refers to app_util_platform.o(i.app_util_critical_region_enter) for app_util_critical_region_enter
    segger_rtt.o(i.SEGGER_RTT_SetTerminal) refers to segger_rtt.o(i._GetAvailWriteSpace) for _GetAvailWriteSpace
    segger_rtt.o(i.SEGGER_RTT_SetTerminal) refers to segger_rtt.o(i._WriteNoCheck) for _WriteNoCheck
    segger_rtt.o(i.SEGGER_RTT_SetTerminal) refers to segger_rtt.o(i._WriteBlocking) for _WriteBlocking
    segger_rtt.o(i.SEGGER_RTT_SetTerminal) refers to app_util_platform.o(i.app_util_critical_region_exit) for app_util_critical_region_exit
    segger_rtt.o(i.SEGGER_RTT_SetTerminal) refers to segger_rtt.o(.bss) for .bss
    segger_rtt.o(i.SEGGER_RTT_SetTerminal) refers to segger_rtt.o(.data) for .data
    segger_rtt.o(i.SEGGER_RTT_TerminalOut) refers to segger_rtt.o(i._DoInit) for _DoInit
    segger_rtt.o(i.SEGGER_RTT_TerminalOut) refers to strlen.o(.text) for strlen
    segger_rtt.o(i.SEGGER_RTT_TerminalOut) refers to app_util_platform.o(i.app_util_critical_region_enter) for app_util_critical_region_enter
    segger_rtt.o(i.SEGGER_RTT_TerminalOut) refers to segger_rtt.o(i._GetAvailWriteSpace) for _GetAvailWriteSpace
    segger_rtt.o(i.SEGGER_RTT_TerminalOut) refers to segger_rtt.o(i._PostTerminalSwitch) for _PostTerminalSwitch
    segger_rtt.o(i.SEGGER_RTT_TerminalOut) refers to segger_rtt.o(i._WriteBlocking) for _WriteBlocking
    segger_rtt.o(i.SEGGER_RTT_TerminalOut) refers to app_util_platform.o(i.app_util_critical_region_exit) for app_util_critical_region_exit
    segger_rtt.o(i.SEGGER_RTT_TerminalOut) refers to segger_rtt.o(.bss) for .bss
    segger_rtt.o(i.SEGGER_RTT_TerminalOut) refers to segger_rtt.o(.data) for .data
    segger_rtt.o(i.SEGGER_RTT_WaitKey) refers to segger_rtt.o(i.SEGGER_RTT_GetKey) for SEGGER_RTT_GetKey
    segger_rtt.o(i.SEGGER_RTT_Write) refers to segger_rtt.o(i._DoInit) for _DoInit
    segger_rtt.o(i.SEGGER_RTT_Write) refers to app_util_platform.o(i.app_util_critical_region_enter) for app_util_critical_region_enter
    segger_rtt.o(i.SEGGER_RTT_Write) refers to segger_rtt.o(i.SEGGER_RTT_WriteNoLock) for SEGGER_RTT_WriteNoLock
    segger_rtt.o(i.SEGGER_RTT_Write) refers to app_util_platform.o(i.app_util_critical_region_exit) for app_util_critical_region_exit
    segger_rtt.o(i.SEGGER_RTT_Write) refers to segger_rtt.o(.bss) for .bss
    segger_rtt.o(i.SEGGER_RTT_WriteNoLock) refers to segger_rtt.o(i._GetAvailWriteSpace) for _GetAvailWriteSpace
    segger_rtt.o(i.SEGGER_RTT_WriteNoLock) refers to segger_rtt.o(i._WriteNoCheck) for _WriteNoCheck
    segger_rtt.o(i.SEGGER_RTT_WriteNoLock) refers to segger_rtt.o(i._WriteBlocking) for _WriteBlocking
    segger_rtt.o(i.SEGGER_RTT_WriteNoLock) refers to segger_rtt.o(.bss) for .bss
    segger_rtt.o(i.SEGGER_RTT_WriteSkipNoLock) refers to memcpya.o(.text) for __aeabi_memcpy
    segger_rtt.o(i.SEGGER_RTT_WriteSkipNoLock) refers to segger_rtt.o(.bss) for .bss
    segger_rtt.o(i.SEGGER_RTT_WriteString) refers to strlen.o(.text) for strlen
    segger_rtt.o(i.SEGGER_RTT_WriteString) refers to segger_rtt.o(i.SEGGER_RTT_Write) for SEGGER_RTT_Write
    segger_rtt.o(i.SEGGER_RTT_WriteWithOverwriteNoLock) refers to memcpya.o(.text) for __aeabi_memcpy
    segger_rtt.o(i.SEGGER_RTT_WriteWithOverwriteNoLock) refers to segger_rtt.o(.bss) for .bss
    segger_rtt.o(i._DoInit) refers to strcpy.o(.text) for strcpy
    segger_rtt.o(i._DoInit) refers to segger_rtt.o(.bss) for .bss
    segger_rtt.o(i._PostTerminalSwitch) refers to segger_rtt.o(i._WriteBlocking) for _WriteBlocking
    segger_rtt.o(i._PostTerminalSwitch) refers to segger_rtt.o(.data) for .data
    segger_rtt.o(i._WriteBlocking) refers to memcpya.o(.text) for __aeabi_memcpy
    segger_rtt.o(i._WriteNoCheck) refers to memcpya.o(.text) for __aeabi_memcpy
    segger_rtt_syscalls_keil.o(i._sys_open) refers to strcmp.o(.text) for strcmp
    segger_rtt_syscalls_keil.o(i._sys_open) refers to segger_rtt_syscalls_keil.o(.constdata) for .constdata
    segger_rtt_syscalls_keil.o(i._sys_write) refers to segger_rtt.o(i.SEGGER_RTT_Write) for SEGGER_RTT_Write
    segger_rtt_syscalls_keil.o(i._ttywrch) refers to fputc.o(i.fputc) for fputc
    segger_rtt_syscalls_keil.o(i._ttywrch) refers to fflush.o(.text) for fflush
    segger_rtt_syscalls_keil.o(i._ttywrch) refers to stdout.o(.data) for __stdout
    segger_rtt_printf.o(i.SEGGER_RTT_printf) refers to segger_rtt_printf.o(i.SEGGER_RTT_vprintf) for SEGGER_RTT_vprintf
    segger_rtt_printf.o(i.SEGGER_RTT_vprintf) refers to segger_rtt_printf.o(i._StoreChar) for _StoreChar
    segger_rtt_printf.o(i.SEGGER_RTT_vprintf) refers to segger_rtt_printf.o(i._PrintInt) for _PrintInt
    segger_rtt_printf.o(i.SEGGER_RTT_vprintf) refers to segger_rtt_printf.o(i._PrintUnsigned) for _PrintUnsigned
    segger_rtt_printf.o(i.SEGGER_RTT_vprintf) refers to segger_rtt.o(i.SEGGER_RTT_Write) for SEGGER_RTT_Write
    segger_rtt_printf.o(i._PrintInt) refers to segger_rtt_printf.o(i._StoreChar) for _StoreChar
    segger_rtt_printf.o(i._PrintInt) refers to segger_rtt_printf.o(i._PrintUnsigned) for _PrintUnsigned
    segger_rtt_printf.o(i._PrintUnsigned) refers to segger_rtt_printf.o(i._StoreChar) for _StoreChar
    segger_rtt_printf.o(i._PrintUnsigned) refers to segger_rtt_printf.o(.constdata) for .constdata
    segger_rtt_printf.o(i._StoreChar) refers to segger_rtt.o(i.SEGGER_RTT_Write) for SEGGER_RTT_Write
    arm_startup_nrf52.o(RESET) refers to arm_startup_nrf52.o(STACK) for __initial_sp
    arm_startup_nrf52.o(RESET) refers to arm_startup_nrf52.o(.text) for Reset_Handler
    arm_startup_nrf52.o(RESET) refers to nrf_esb.o(i.RADIO_IRQHandler) for RADIO_IRQHandler
    arm_startup_nrf52.o(RESET) refers to nrfx_prs.o(i.UARTE0_UART0_IRQHandler) for UARTE0_UART0_IRQHandler
    arm_startup_nrf52.o(RESET) refers to nrf_esb.o(i.SWI0_EGU0_IRQHandler) for SWI0_EGU0_IRQHandler
    arm_startup_nrf52.o(RESET) refers to nrf_esb.o(i.TIMER3_IRQHandler) for TIMER3_IRQHandler
    arm_startup_nrf52.o(.text) refers to system_nrf52.o(i.SystemInit) for SystemInit
    arm_startup_nrf52.o(.text) refers to entry.o(.ARM.Collect$$$$00000000) for __main
    system_nrf52.o(i.SystemCoreClockUpdate) refers to system_nrf52.o(.data) for .data
    system_nrf52.o(i.SystemInit) refers to system_nrf52.o(.data) for .data
    entry.o(.ARM.Collect$$$$00000000) refers (Special) to entry10a.o(.ARM.Collect$$$$0000000D) for __rt_final_cpp
    entry.o(.ARM.Collect$$$$00000000) refers (Special) to entry11a.o(.ARM.Collect$$$$0000000F) for __rt_final_exit
    entry.o(.ARM.Collect$$$$00000000) refers (Special) to entry7b.o(.ARM.Collect$$$$00000008) for _main_clock
    entry.o(.ARM.Collect$$$$00000000) refers (Special) to entry8b.o(.ARM.Collect$$$$0000000A) for _main_cpp_init
    entry.o(.ARM.Collect$$$$00000000) refers (Special) to entry9a.o(.ARM.Collect$$$$0000000B) for _main_init
    entry.o(.ARM.Collect$$$$00000000) refers (Special) to entry5.o(.ARM.Collect$$$$00000004) for _main_scatterload
    entry.o(.ARM.Collect$$$$00000000) refers (Special) to entry2.o(.ARM.Collect$$$$00000001) for _main_stk
    fputc.o(i.fputc) refers (Special) to iusesemip.o(.text) for __I$use$semihosting$fputc
    fputc.o(i.fputc) refers (Special) to semi.o(.text) for __semihosting_library_function
    entry2.o(.ARM.Collect$$$$00000001) refers to entry2.o(.ARM.Collect$$$$00002712) for __lit__00000000
    entry2.o(.ARM.Collect$$$$00002712) refers to arm_startup_nrf52.o(STACK) for __initial_sp
    entry2.o(__vectab_stack_and_reset_area) refers to arm_startup_nrf52.o(STACK) for __initial_sp
    entry2.o(__vectab_stack_and_reset_area) refers to entry.o(.ARM.Collect$$$$00000000) for __main
    entry5.o(.ARM.Collect$$$$00000004) refers to init.o(.text) for __scatterload
    entry9a.o(.ARM.Collect$$$$0000000B) refers to main.o(i.main) for main
    entry9b.o(.ARM.Collect$$$$0000000C) refers to main.o(i.main) for main
    init.o(.text) refers to entry5.o(.ARM.Collect$$$$00000004) for __main_after_scatterload


==============================================================================

Removing Unused input sections from the image.

    Removing main.o(.rev16_text), (4 bytes).
    Removing main.o(.revsh_text), (4 bytes).
    Removing main.o(.rrx_text), (6 bytes).
    Removing boards.o(.rev16_text), (4 bytes).
    Removing boards.o(.revsh_text), (4 bytes).
    Removing boards.o(.rrx_text), (6 bytes).
    Removing boards.o(i.bsp_board_button_idx_to_pin), (12 bytes).
    Removing boards.o(i.bsp_board_button_state_get), (32 bytes).
    Removing boards.o(i.bsp_board_led_idx_to_pin), (12 bytes).
    Removing boards.o(i.bsp_board_led_invert), (36 bytes).
    Removing boards.o(i.bsp_board_led_on), (16 bytes).
    Removing boards.o(i.bsp_board_led_state_get), (32 bytes).
    Removing boards.o(i.bsp_board_leds_on), (18 bytes).
    Removing boards.o(i.bsp_board_pin_to_button_idx), (36 bytes).
    Removing boards.o(i.bsp_board_pin_to_led_idx), (36 bytes).
    Removing nrf_drv_uart.o(.rev16_text), (4 bytes).
    Removing nrf_drv_uart.o(.revsh_text), (4 bytes).
    Removing nrf_drv_uart.o(.rrx_text), (6 bytes).
    Removing nrf_drv_uart.o(i.nrf_drv_uart_init), (104 bytes).
    Removing nrf_drv_uart.o(i.uart_evt_handler), (48 bytes).
    Removing nrf_drv_uart.o(i.uarte_evt_handler), (48 bytes).
    Removing nrf_drv_uart.o(.data), (12 bytes).
    Removing nrfx_prs.o(.rev16_text), (4 bytes).
    Removing nrfx_prs.o(.revsh_text), (4 bytes).
    Removing nrfx_prs.o(.rrx_text), (6 bytes).
    Removing nrfx_prs.o(i.nrfx_prs_acquire), (48 bytes).
    Removing nrfx_prs.o(i.nrfx_prs_release), (18 bytes).
    Removing nrfx_prs.o(i.prs_box_get), (24 bytes).
    Removing nrfx_prs.o(.constdata), (17 bytes).
    Removing nrfx_uart.o(.rev16_text), (4 bytes).
    Removing nrfx_uart.o(.revsh_text), (4 bytes).
    Removing nrfx_uart.o(.rrx_text), (6 bytes).
    Removing nrfx_uart.o(i.apply_config), (136 bytes).
    Removing nrfx_uart.o(i.nrf_gpio_cfg), (36 bytes).
    Removing nrfx_uart.o(i.nrf_gpio_cfg_default), (18 bytes).
    Removing nrfx_uart.o(i.nrf_gpio_cfg_input), (18 bytes).
    Removing nrfx_uart.o(i.nrf_gpio_cfg_output), (20 bytes).
    Removing nrfx_uart.o(i.nrf_uart_event_check), (10 bytes).
    Removing nrfx_uart.o(i.nrf_uart_event_clear), (12 bytes).
    Removing nrfx_uart.o(i.nrf_uart_int_enable_check), (12 bytes).
    Removing nrfx_uart.o(i.nrfx_uart_0_irq_handler), (16 bytes).
    Removing nrfx_uart.o(i.nrfx_uart_errorsrc_get), (26 bytes).
    Removing nrfx_uart.o(i.nrfx_uart_init), (212 bytes).
    Removing nrfx_uart.o(i.nrfx_uart_rx), (236 bytes).
    Removing nrfx_uart.o(i.nrfx_uart_rx_abort), (18 bytes).
    Removing nrfx_uart.o(i.nrfx_uart_rx_disable), (36 bytes).
    Removing nrfx_uart.o(i.nrfx_uart_rx_enable), (60 bytes).
    Removing nrfx_uart.o(i.nrfx_uart_rx_ready), (14 bytes).
    Removing nrfx_uart.o(i.nrfx_uart_tx), (164 bytes).
    Removing nrfx_uart.o(i.nrfx_uart_tx_abort), (48 bytes).
    Removing nrfx_uart.o(i.nrfx_uart_tx_in_progress), (32 bytes).
    Removing nrfx_uart.o(i.nrfx_uart_uninit), (180 bytes).
    Removing nrfx_uart.o(i.rx_byte), (50 bytes).
    Removing nrfx_uart.o(i.rx_done_event), (22 bytes).
    Removing nrfx_uart.o(i.rx_enable), (32 bytes).
    Removing nrfx_uart.o(i.tx_byte), (32 bytes).
    Removing nrfx_uart.o(i.tx_done_event), (26 bytes).
    Removing nrfx_uart.o(i.uart_irq_handler), (296 bytes).
    Removing nrfx_uart.o(.bss), (44 bytes).
    Removing nrfx_uart.o(.constdata), (15 bytes).
    Removing nrfx_uart.o(.constdata), (4 bytes).
    Removing nrfx_uart.o(.constdata), (13 bytes).
    Removing nrfx_uart.o(.constdata), (13 bytes).
    Removing nrfx_uarte.o(.rev16_text), (4 bytes).
    Removing nrfx_uarte.o(.revsh_text), (4 bytes).
    Removing nrfx_uarte.o(.rrx_text), (6 bytes).
    Removing nrfx_uarte.o(i.apply_config), (136 bytes).
    Removing nrfx_uarte.o(i.interrupts_enable), (128 bytes).
    Removing nrfx_uarte.o(i.nrf_gpio_cfg), (36 bytes).
    Removing nrfx_uarte.o(i.nrf_gpio_cfg_default), (18 bytes).
    Removing nrfx_uarte.o(i.nrf_gpio_cfg_input), (18 bytes).
    Removing nrfx_uarte.o(i.nrf_gpio_cfg_output), (20 bytes).
    Removing nrfx_uarte.o(i.nrf_uarte_event_check), (10 bytes).
    Removing nrfx_uarte.o(i.nrf_uarte_event_clear), (12 bytes).
    Removing nrfx_uarte.o(i.nrfx_is_in_ram), (16 bytes).
    Removing nrfx_uarte.o(i.nrfx_uarte_0_irq_handler), (16 bytes).
    Removing nrfx_uarte.o(i.nrfx_uarte_errorsrc_get), (26 bytes).
    Removing nrfx_uarte.o(i.nrfx_uarte_init), (108 bytes).
    Removing nrfx_uarte.o(i.nrfx_uarte_rx), (260 bytes).
    Removing nrfx_uarte.o(i.nrfx_uarte_rx_abort), (8 bytes).
    Removing nrfx_uarte.o(i.nrfx_uarte_rx_ready), (14 bytes).
    Removing nrfx_uarte.o(i.nrfx_uarte_tx), (144 bytes).
    Removing nrfx_uarte.o(i.nrfx_uarte_tx_abort), (56 bytes).
    Removing nrfx_uarte.o(i.nrfx_uarte_tx_in_progress), (28 bytes).
    Removing nrfx_uarte.o(i.nrfx_uarte_uninit), (176 bytes).
    Removing nrfx_uarte.o(i.rx_done_event), (24 bytes).
    Removing nrfx_uarte.o(i.uarte_irq_handler), (244 bytes).
    Removing nrfx_uarte.o(.bss), (36 bytes).
    Removing nrfx_uarte.o(.constdata), (16 bytes).
    Removing nrfx_uarte.o(.constdata), (4 bytes).
    Removing nrfx_uarte.o(.constdata), (14 bytes).
    Removing nrfx_uarte.o(.constdata), (14 bytes).
    Removing app_error.o(.rev16_text), (4 bytes).
    Removing app_error.o(.revsh_text), (4 bytes).
    Removing app_error.o(.rrx_text), (6 bytes).
    Removing app_error.o(i.app_error_save_and_stop), (100 bytes).
    Removing app_error.o(.bss), (32 bytes).
    Removing app_error_handler_keil.o(.rev16_text), (4 bytes).
    Removing app_error_handler_keil.o(.revsh_text), (4 bytes).
    Removing app_error_handler_keil.o(.rrx_text), (6 bytes).
    Removing app_error_handler_keil.o(.emb_text), (26 bytes).
    Removing app_error_weak.o(.rev16_text), (4 bytes).
    Removing app_error_weak.o(.revsh_text), (4 bytes).
    Removing app_error_weak.o(.rrx_text), (6 bytes).
    Removing app_util_platform.o(.rev16_text), (4 bytes).
    Removing app_util_platform.o(.revsh_text), (4 bytes).
    Removing app_util_platform.o(.rrx_text), (6 bytes).
    Removing app_util_platform.o(i.app_util_critical_region_enter), (4 bytes).
    Removing app_util_platform.o(i.app_util_critical_region_exit), (4 bytes).
    Removing app_util_platform.o(i.app_util_disable_irq), (16 bytes).
    Removing app_util_platform.o(i.app_util_enable_irq), (20 bytes).
    Removing app_util_platform.o(i.current_int_priority_get), (48 bytes).
    Removing app_util_platform.o(i.privilege_level_get), (26 bytes).
    Removing app_util_platform.o(.data), (4 bytes).
    Removing nrf_assert.o(.rev16_text), (4 bytes).
    Removing nrf_assert.o(.revsh_text), (4 bytes).
    Removing nrf_assert.o(.rrx_text), (6 bytes).
    Removing nrf_assert.o(i.assert_nrf_callback), (22 bytes).
    Removing nrf_atomic.o(.rev16_text), (4 bytes).
    Removing nrf_atomic.o(.revsh_text), (4 bytes).
    Removing nrf_atomic.o(.rrx_text), (6 bytes).
    Removing nrf_atomic.o(.emb_text), (226 bytes).
    Removing nrf_atomic.o(i.nrf_atomic_flag_clear), (6 bytes).
    Removing nrf_atomic.o(i.nrf_atomic_flag_clear_fetch), (6 bytes).
    Removing nrf_atomic.o(i.nrf_atomic_flag_set), (6 bytes).
    Removing nrf_atomic.o(i.nrf_atomic_flag_set_fetch), (6 bytes).
    Removing nrf_atomic.o(i.nrf_atomic_u32_add), (12 bytes).
    Removing nrf_atomic.o(i.nrf_atomic_u32_and), (12 bytes).
    Removing nrf_atomic.o(i.nrf_atomic_u32_cmp_exch), (4 bytes).
    Removing nrf_atomic.o(i.nrf_atomic_u32_fetch_add), (10 bytes).
    Removing nrf_atomic.o(i.nrf_atomic_u32_fetch_and), (10 bytes).
    Removing nrf_atomic.o(i.nrf_atomic_u32_fetch_or), (10 bytes).
    Removing nrf_atomic.o(i.nrf_atomic_u32_fetch_store), (10 bytes).
    Removing nrf_atomic.o(i.nrf_atomic_u32_fetch_sub), (10 bytes).
    Removing nrf_atomic.o(i.nrf_atomic_u32_fetch_sub_hs), (10 bytes).
    Removing nrf_atomic.o(i.nrf_atomic_u32_fetch_xor), (10 bytes).
    Removing nrf_atomic.o(i.nrf_atomic_u32_or), (12 bytes).
    Removing nrf_atomic.o(i.nrf_atomic_u32_store), (12 bytes).
    Removing nrf_atomic.o(i.nrf_atomic_u32_sub), (12 bytes).
    Removing nrf_atomic.o(i.nrf_atomic_u32_sub_hs), (12 bytes).
    Removing nrf_atomic.o(i.nrf_atomic_u32_xor), (12 bytes).
    Removing nrf_balloc.o(.rev16_text), (4 bytes).
    Removing nrf_balloc.o(.revsh_text), (4 bytes).
    Removing nrf_balloc.o(.rrx_text), (6 bytes).
    Removing nrf_balloc.o(i.nrf_balloc_alloc), (62 bytes).
    Removing nrf_balloc.o(i.nrf_balloc_free), (42 bytes).
    Removing nrf_balloc.o(i.nrf_balloc_init), (48 bytes).
    Removing nrf_fprintf.o(.rev16_text), (4 bytes).
    Removing nrf_fprintf.o(.revsh_text), (4 bytes).
    Removing nrf_fprintf.o(.rrx_text), (6 bytes).
    Removing nrf_fprintf.o(i.nrf_fprintf), (26 bytes).
    Removing nrf_fprintf.o(i.nrf_fprintf_buffer_flush), (24 bytes).
    Removing nrf_fprintf_format.o(.rev16_text), (4 bytes).
    Removing nrf_fprintf_format.o(.revsh_text), (4 bytes).
    Removing nrf_fprintf_format.o(.rrx_text), (6 bytes).
    Removing nrf_fprintf_format.o(i.buffer_add), (30 bytes).
    Removing nrf_fprintf_format.o(i.int_print), (166 bytes).
    Removing nrf_fprintf_format.o(i.nrf_fprintf_fmt), (474 bytes).
    Removing nrf_fprintf_format.o(i.unsigned_print), (180 bytes).
    Removing nrf_fprintf_format.o(.constdata), (16 bytes).
    Removing nrf_memobj.o(.rev16_text), (4 bytes).
    Removing nrf_memobj.o(.revsh_text), (4 bytes).
    Removing nrf_memobj.o(.rrx_text), (6 bytes).
    Removing nrf_memobj.o(i.memobj_op), (126 bytes).
    Removing nrf_memobj.o(i.nrf_memobj_alloc), (96 bytes).
    Removing nrf_memobj.o(i.nrf_memobj_free), (50 bytes).
    Removing nrf_memobj.o(i.nrf_memobj_get), (8 bytes).
    Removing nrf_memobj.o(i.nrf_memobj_pool_init), (4 bytes).
    Removing nrf_memobj.o(i.nrf_memobj_put), (30 bytes).
    Removing nrf_memobj.o(i.nrf_memobj_read), (16 bytes).
    Removing nrf_memobj.o(i.nrf_memobj_write), (16 bytes).
    Removing nrf_ringbuf.o(.rev16_text), (4 bytes).
    Removing nrf_ringbuf.o(.revsh_text), (4 bytes).
    Removing nrf_ringbuf.o(.rrx_text), (6 bytes).
    Removing nrf_ringbuf.o(i.nrf_ringbuf_alloc), (112 bytes).
    Removing nrf_ringbuf.o(i.nrf_ringbuf_cpy_get), (124 bytes).
    Removing nrf_ringbuf.o(i.nrf_ringbuf_cpy_put), (114 bytes).
    Removing nrf_ringbuf.o(i.nrf_ringbuf_free), (38 bytes).
    Removing nrf_ringbuf.o(i.nrf_ringbuf_get), (112 bytes).
    Removing nrf_ringbuf.o(i.nrf_ringbuf_init), (28 bytes).
    Removing nrf_ringbuf.o(i.nrf_ringbuf_put), (48 bytes).
    Removing nrf_strerror.o(.rev16_text), (4 bytes).
    Removing nrf_strerror.o(.revsh_text), (4 bytes).
    Removing nrf_strerror.o(.rrx_text), (6 bytes).
    Removing nrf_strerror.o(i.nrf_strerror_find), (56 bytes).
    Removing nrf_strerror.o(i.nrf_strerror_get), (20 bytes).
    Removing nrf_strerror.o(.constdata), (300 bytes).
    Removing nrf_strerror.o(.conststring), (957 bytes).
    Removing nrf_log_backend_rtt.o(.rev16_text), (4 bytes).
    Removing nrf_log_backend_rtt.o(.revsh_text), (4 bytes).
    Removing nrf_log_backend_rtt.o(.rrx_text), (6 bytes).
    Removing nrf_log_backend_serial.o(.rev16_text), (4 bytes).
    Removing nrf_log_backend_serial.o(.revsh_text), (4 bytes).
    Removing nrf_log_backend_serial.o(.rrx_text), (6 bytes).
    Removing nrf_log_backend_uart.o(.rev16_text), (4 bytes).
    Removing nrf_log_backend_uart.o(.revsh_text), (4 bytes).
    Removing nrf_log_backend_uart.o(.rrx_text), (6 bytes).
    Removing nrf_log_default_backends.o(.rev16_text), (4 bytes).
    Removing nrf_log_default_backends.o(.revsh_text), (4 bytes).
    Removing nrf_log_default_backends.o(.rrx_text), (6 bytes).
    Removing nrf_log_frontend.o(.rev16_text), (4 bytes).
    Removing nrf_log_frontend.o(.revsh_text), (4 bytes).
    Removing nrf_log_frontend.o(.rrx_text), (6 bytes).
    Removing nrf_log_str_formatter.o(.rev16_text), (4 bytes).
    Removing nrf_log_str_formatter.o(.revsh_text), (4 bytes).
    Removing nrf_log_str_formatter.o(.rrx_text), (6 bytes).
    Removing nrf_esb.o(.rev16_text), (4 bytes).
    Removing nrf_esb.o(.revsh_text), (4 bytes).
    Removing nrf_esb.o(.rrx_text), (6 bytes).
    Removing nrf_esb.o(i.clear_events_restart_rx), (84 bytes).
    Removing nrf_esb.o(i.nrf_esb_enable_pipes), (24 bytes).
    Removing nrf_esb.o(i.nrf_esb_flush_rx), (56 bytes).
    Removing nrf_esb.o(i.nrf_esb_get_rf_channel), (20 bytes).
    Removing nrf_esb.o(i.nrf_esb_is_idle), (20 bytes).
    Removing nrf_esb.o(i.nrf_esb_pop_tx), (68 bytes).
    Removing nrf_esb.o(i.nrf_esb_reuse_pid), (40 bytes).
    Removing nrf_esb.o(i.nrf_esb_set_address_length), (196 bytes).
    Removing nrf_esb.o(i.nrf_esb_set_bitrate), (40 bytes).
    Removing nrf_esb.o(i.nrf_esb_set_retransmit_count), (28 bytes).
    Removing nrf_esb.o(i.nrf_esb_set_retransmit_delay), (36 bytes).
    Removing nrf_esb.o(i.nrf_esb_set_rf_channel), (32 bytes).
    Removing nrf_esb.o(i.nrf_esb_set_tx_power), (40 bytes).
    Removing nrf_esb.o(i.nrf_esb_start_rx), (128 bytes).
    Removing nrf_esb.o(i.nrf_esb_start_tx), (40 bytes).
    Removing nrf_esb.o(i.nrf_esb_stop_rx), (64 bytes).
    Removing nrf_esb.o(i.nrf_esb_suspend), (36 bytes).
    Removing nrf_esb.o(i.nrf_esb_update_prefix), (104 bytes).
    Removing nrf_esb.o(i.on_radio_disabled_rx), (380 bytes).
    Removing nrf_esb.o(i.on_radio_disabled_rx_ack), (64 bytes).
    Removing segger_rtt.o(.rev16_text), (4 bytes).
    Removing segger_rtt.o(.revsh_text), (4 bytes).
    Removing segger_rtt.o(.rrx_text), (6 bytes).
    Removing segger_rtt.o(i.SEGGER_RTT_AllocDownBuffer), (104 bytes).
    Removing segger_rtt.o(i.SEGGER_RTT_AllocUpBuffer), (104 bytes).
    Removing segger_rtt.o(i.SEGGER_RTT_ConfigDownBuffer), (92 bytes).
    Removing segger_rtt.o(i.SEGGER_RTT_ConfigUpBuffer), (92 bytes).
    Removing segger_rtt.o(i.SEGGER_RTT_GetKey), (28 bytes).
    Removing segger_rtt.o(i.SEGGER_RTT_HasData), (24 bytes).
    Removing segger_rtt.o(i.SEGGER_RTT_HasKey), (32 bytes).
    Removing segger_rtt.o(i.SEGGER_RTT_Init), (4 bytes).
    Removing segger_rtt.o(i.SEGGER_RTT_PutChar), (88 bytes).
    Removing segger_rtt.o(i.SEGGER_RTT_PutCharSkip), (76 bytes).
    Removing segger_rtt.o(i.SEGGER_RTT_PutCharSkipNoLock), (52 bytes).
    Removing segger_rtt.o(i.SEGGER_RTT_Read), (36 bytes).
    Removing segger_rtt.o(i.SEGGER_RTT_ReadNoLock), (120 bytes).
    Removing segger_rtt.o(i.SEGGER_RTT_SetFlagsDownBuffer), (60 bytes).
    Removing segger_rtt.o(i.SEGGER_RTT_SetFlagsUpBuffer), (60 bytes).
    Removing segger_rtt.o(i.SEGGER_RTT_SetNameDownBuffer), (60 bytes).
    Removing segger_rtt.o(i.SEGGER_RTT_SetNameUpBuffer), (60 bytes).
    Removing segger_rtt.o(i.SEGGER_RTT_SetTerminal), (128 bytes).
    Removing segger_rtt.o(i.SEGGER_RTT_TerminalOut), (168 bytes).
    Removing segger_rtt.o(i.SEGGER_RTT_WaitKey), (14 bytes).
    Removing segger_rtt.o(i.SEGGER_RTT_Write), (52 bytes).
    Removing segger_rtt.o(i.SEGGER_RTT_WriteNoLock), (92 bytes).
    Removing segger_rtt.o(i.SEGGER_RTT_WriteSkipNoLock), (116 bytes).
    Removing segger_rtt.o(i.SEGGER_RTT_WriteString), (26 bytes).
    Removing segger_rtt.o(i.SEGGER_RTT_WriteWithOverwriteNoLock), (148 bytes).
    Removing segger_rtt.o(i._DoInit), (104 bytes).
    Removing segger_rtt.o(i._GetAvailWriteSpace), (22 bytes).
    Removing segger_rtt.o(i._PostTerminalSwitch), (32 bytes).
    Removing segger_rtt.o(i._WriteBlocking), (90 bytes).
    Removing segger_rtt.o(i._WriteNoCheck), (66 bytes).
    Removing segger_rtt.o(.bss), (648 bytes).
    Removing segger_rtt.o(.data), (17 bytes).
    Removing segger_rtt_syscalls_keil.o(.rev16_text), (4 bytes).
    Removing segger_rtt_syscalls_keil.o(.revsh_text), (4 bytes).
    Removing segger_rtt_syscalls_keil.o(.rrx_text), (6 bytes).
    Removing segger_rtt_syscalls_keil.o(i._sys_close), (4 bytes).
    Removing segger_rtt_syscalls_keil.o(i._sys_command_string), (2 bytes).
    Removing segger_rtt_syscalls_keil.o(i._sys_ensure), (6 bytes).
    Removing segger_rtt_syscalls_keil.o(i._sys_exit), (2 bytes).
    Removing segger_rtt_syscalls_keil.o(i._sys_flen), (4 bytes).
    Removing segger_rtt_syscalls_keil.o(i._sys_istty), (14 bytes).
    Removing segger_rtt_syscalls_keil.o(i._sys_open), (44 bytes).
    Removing segger_rtt_syscalls_keil.o(i._sys_read), (4 bytes).
    Removing segger_rtt_syscalls_keil.o(i._sys_seek), (4 bytes).
    Removing segger_rtt_syscalls_keil.o(i._sys_tmpnam), (4 bytes).
    Removing segger_rtt_syscalls_keil.o(i._sys_write), (26 bytes).
    Removing segger_rtt_syscalls_keil.o(i._ttywrch), (24 bytes).
    Removing segger_rtt_syscalls_keil.o(.constdata), (14 bytes).
    Removing segger_rtt_printf.o(.rev16_text), (4 bytes).
    Removing segger_rtt_printf.o(.revsh_text), (4 bytes).
    Removing segger_rtt_printf.o(.rrx_text), (6 bytes).
    Removing segger_rtt_printf.o(i.SEGGER_RTT_printf), (22 bytes).
    Removing segger_rtt_printf.o(i.SEGGER_RTT_vprintf), (406 bytes).
    Removing segger_rtt_printf.o(i._PrintInt), (198 bytes).
    Removing segger_rtt_printf.o(i._PrintUnsigned), (212 bytes).
    Removing segger_rtt_printf.o(i._StoreChar), (62 bytes).
    Removing segger_rtt_printf.o(.constdata), (16 bytes).
    Removing arm_startup_nrf52.o(HEAP), (8192 bytes).
    Removing system_nrf52.o(.rev16_text), (4 bytes).
    Removing system_nrf52.o(.revsh_text), (4 bytes).
    Removing system_nrf52.o(.rrx_text), (6 bytes).
    Removing system_nrf52.o(i.SystemCoreClockUpdate), (16 bytes).

294 unused section(s) (total 22012 bytes) removed from the image.

==============================================================================

Image Symbol Table

    Local Symbols

    Symbol Name                              Value     Ov Type        Size  Object(Section)

    RESET                                    0x00000000   Section      512  arm_startup_nrf52.o(RESET)
    ../clib/microlib/init/entry.s            0x00000000   Number         0  entry9a.o ABSOLUTE
    ../clib/microlib/init/entry.s            0x00000000   Number         0  entry5.o ABSOLUTE
    ../clib/microlib/init/entry.s            0x00000000   Number         0  entry9b.o ABSOLUTE
    ../clib/microlib/init/entry.s            0x00000000   Number         0  entry11a.o ABSOLUTE
    ../clib/microlib/init/entry.s            0x00000000   Number         0  entry10a.o ABSOLUTE
    ../clib/microlib/init/entry.s            0x00000000   Number         0  entry2.o ABSOLUTE
    ../clib/microlib/init/entry.s            0x00000000   Number         0  entry11b.o ABSOLUTE
    ../clib/microlib/init/entry.s            0x00000000   Number         0  entry.o ABSOLUTE
    ../clib/microlib/init/entry.s            0x00000000   Number         0  entry8b.o ABSOLUTE
    ../clib/microlib/init/entry.s            0x00000000   Number         0  entry8a.o ABSOLUTE
    ../clib/microlib/init/entry.s            0x00000000   Number         0  entry10b.o ABSOLUTE
    ../clib/microlib/init/entry.s            0x00000000   Number         0  entry7b.o ABSOLUTE
    ../clib/microlib/init/entry.s            0x00000000   Number         0  entry7a.o ABSOLUTE
    ../clib/microlib/stdio/fflush.c          0x00000000   Number         0  fflush.o ABSOLUTE
    ../clib/microlib/stdio/fputc.c           0x00000000   Number         0  fputc.o ABSOLUTE
    ../clib/microlib/stdio/semi.s            0x00000000   Number         0  semi.o ABSOLUTE
    ../clib/microlib/stdio/streams.c         0x00000000   Number         0  stdout.o ABSOLUTE
    ../clib/microlib/string/memcpy.c         0x00000000   Number         0  memcpyb.o ABSOLUTE
    ../clib/microlib/string/memcpy.c         0x00000000   Number         0  memcpya.o ABSOLUTE
    ../clib/microlib/string/memset.c         0x00000000   Number         0  memseta.o ABSOLUTE
    ../clib/microlib/string/strcmp.c         0x00000000   Number         0  strcmp.o ABSOLUTE
    ../clib/microlib/string/strcpy.c         0x00000000   Number         0  strcpy.o ABSOLUTE
    ../clib/microlib/string/strlen.c         0x00000000   Number         0  strlen.o ABSOLUTE
    ../clib/microlib/stubs.s                 0x00000000   Number         0  iusesemip.o ABSOLUTE
    ..\..\..\..\..\..\components\boards\boards.c 0x00000000   Number         0  boards.o ABSOLUTE
    ..\..\..\..\..\..\components\libraries\atomic\nrf_atomic.c 0x00000000   Number         0  nrf_atomic.o ABSOLUTE
    ..\..\..\..\..\..\components\libraries\balloc\nrf_balloc.c 0x00000000   Number         0  nrf_balloc.o ABSOLUTE
    ..\..\..\..\..\..\components\libraries\log\src\nrf_log_backend_rtt.c 0x00000000   Number         0  nrf_log_backend_rtt.o ABSOLUTE
    ..\..\..\..\..\..\components\libraries\log\src\nrf_log_backend_serial.c 0x00000000   Number         0  nrf_log_backend_serial.o ABSOLUTE
    ..\..\..\..\..\..\components\libraries\log\src\nrf_log_backend_uart.c 0x00000000   Number         0  nrf_log_backend_uart.o ABSOLUTE
    ..\..\..\..\..\..\components\libraries\log\src\nrf_log_default_backends.c 0x00000000   Number         0  nrf_log_default_backends.o ABSOLUTE
    ..\..\..\..\..\..\components\libraries\log\src\nrf_log_frontend.c 0x00000000   Number         0  nrf_log_frontend.o ABSOLUTE
    ..\..\..\..\..\..\components\libraries\log\src\nrf_log_str_formatter.c 0x00000000   Number         0  nrf_log_str_formatter.o ABSOLUTE
    ..\..\..\..\..\..\components\libraries\memobj\nrf_memobj.c 0x00000000   Number         0  nrf_memobj.o ABSOLUTE
    ..\..\..\..\..\..\components\libraries\ringbuf\nrf_ringbuf.c 0x00000000   Number         0  nrf_ringbuf.o ABSOLUTE
    ..\..\..\..\..\..\components\libraries\strerror\nrf_strerror.c 0x00000000   Number         0  nrf_strerror.o ABSOLUTE
    ..\..\..\..\..\..\components\libraries\util\app_error.c 0x00000000   Number         0  app_error.o ABSOLUTE
    ..\..\..\..\..\..\components\libraries\util\app_error_handler_keil.c 0x00000000   Number         0  app_error_handler_keil.o ABSOLUTE
    ..\..\..\..\..\..\components\libraries\util\app_error_weak.c 0x00000000   Number         0  app_error_weak.o ABSOLUTE
    ..\..\..\..\..\..\components\libraries\util\app_util_platform.c 0x00000000   Number         0  app_util_platform.o ABSOLUTE
    ..\..\..\..\..\..\components\libraries\util\nrf_assert.c 0x00000000   Number         0  nrf_assert.o ABSOLUTE
    ..\..\..\..\..\..\components\proprietary_rf\esb\nrf_esb.c 0x00000000   Number         0  nrf_esb.o ABSOLUTE
    ..\..\..\..\..\..\external\fprintf\nrf_fprintf.c 0x00000000   Number         0  nrf_fprintf.o ABSOLUTE
    ..\..\..\..\..\..\external\fprintf\nrf_fprintf_format.c 0x00000000   Number         0  nrf_fprintf_format.o ABSOLUTE
    ..\..\..\..\..\..\external\segger_rtt\SEGGER_RTT.c 0x00000000   Number         0  segger_rtt.o ABSOLUTE
    ..\..\..\..\..\..\external\segger_rtt\SEGGER_RTT_Syscalls_KEIL.c 0x00000000   Number         0  segger_rtt_syscalls_keil.o ABSOLUTE
    ..\..\..\..\..\..\external\segger_rtt\SEGGER_RTT_printf.c 0x00000000   Number         0  segger_rtt_printf.o ABSOLUTE
    ..\..\..\..\..\..\integration\nrfx\legacy\nrf_drv_uart.c 0x00000000   Number         0  nrf_drv_uart.o ABSOLUTE
    ..\..\..\..\..\..\modules\nrfx\drivers\src\nrfx_uart.c 0x00000000   Number         0  nrfx_uart.o ABSOLUTE
    ..\..\..\..\..\..\modules\nrfx\drivers\src\nrfx_uarte.c 0x00000000   Number         0  nrfx_uarte.o ABSOLUTE
    ..\..\..\..\..\..\modules\nrfx\drivers\src\prs\nrfx_prs.c 0x00000000   Number         0  nrfx_prs.o ABSOLUTE
    ..\..\..\main.c                          0x00000000   Number         0  main.o ABSOLUTE
    ..\\..\\..\\..\\..\\..\\components\\boards\\boards.c 0x00000000   Number         0  boards.o ABSOLUTE
    ..\\..\\..\\..\\..\\..\\components\\libraries\\atomic\\nrf_atomic.c 0x00000000   Number         0  nrf_atomic.o ABSOLUTE
    ..\\..\\..\\..\\..\\..\\components\\libraries\\balloc\\nrf_balloc.c 0x00000000   Number         0  nrf_balloc.o ABSOLUTE
    ..\\..\\..\\..\\..\\..\\components\\libraries\\log\\src\\nrf_log_backend_rtt.c 0x00000000   Number         0  nrf_log_backend_rtt.o ABSOLUTE
    ..\\..\\..\\..\\..\\..\\components\\libraries\\log\\src\\nrf_log_backend_serial.c 0x00000000   Number         0  nrf_log_backend_serial.o ABSOLUTE
    ..\\..\\..\\..\\..\\..\\components\\libraries\\log\\src\\nrf_log_backend_uart.c 0x00000000   Number         0  nrf_log_backend_uart.o ABSOLUTE
    ..\\..\\..\\..\\..\\..\\components\\libraries\\log\\src\\nrf_log_default_backends.c 0x00000000   Number         0  nrf_log_default_backends.o ABSOLUTE
    ..\\..\\..\\..\\..\\..\\components\\libraries\\log\\src\\nrf_log_frontend.c 0x00000000   Number         0  nrf_log_frontend.o ABSOLUTE
    ..\\..\\..\\..\\..\\..\\components\\libraries\\log\\src\\nrf_log_str_formatter.c 0x00000000   Number         0  nrf_log_str_formatter.o ABSOLUTE
    ..\\..\\..\\..\\..\\..\\components\\libraries\\memobj\\nrf_memobj.c 0x00000000   Number         0  nrf_memobj.o ABSOLUTE
    ..\\..\\..\\..\\..\\..\\components\\libraries\\ringbuf\\nrf_ringbuf.c 0x00000000   Number         0  nrf_ringbuf.o ABSOLUTE
    ..\\..\\..\\..\\..\\..\\components\\libraries\\strerror\\nrf_strerror.c 0x00000000   Number         0  nrf_strerror.o ABSOLUTE
    ..\\..\\..\\..\\..\\..\\components\\libraries\\util\\app_error.c 0x00000000   Number         0  app_error.o ABSOLUTE
    ..\\..\\..\\..\\..\\..\\components\\libraries\\util\\app_error_handler_keil.c 0x00000000   Number         0  app_error_handler_keil.o ABSOLUTE
    ..\\..\\..\\..\\..\\..\\components\\libraries\\util\\app_error_weak.c 0x00000000   Number         0  app_error_weak.o ABSOLUTE
    ..\\..\\..\\..\\..\\..\\components\\libraries\\util\\app_util_platform.c 0x00000000   Number         0  app_util_platform.o ABSOLUTE
    ..\\..\\..\\..\\..\\..\\components\\libraries\\util\\nrf_assert.c 0x00000000   Number         0  nrf_assert.o ABSOLUTE
    ..\\..\\..\\..\\..\\..\\components\\proprietary_rf\\esb\\nrf_esb.c 0x00000000   Number         0  nrf_esb.o ABSOLUTE
    ..\\..\\..\\..\\..\\..\\external\\fprintf\\nrf_fprintf.c 0x00000000   Number         0  nrf_fprintf.o ABSOLUTE
    ..\\..\\..\\..\\..\\..\\external\\fprintf\\nrf_fprintf_format.c 0x00000000   Number         0  nrf_fprintf_format.o ABSOLUTE
    ..\\..\\..\\..\\..\\..\\external\\segger_rtt\\SEGGER_RTT.c 0x00000000   Number         0  segger_rtt.o ABSOLUTE
    ..\\..\\..\\..\\..\\..\\external\\segger_rtt\\SEGGER_RTT_Syscalls_KEIL.c 0x00000000   Number         0  segger_rtt_syscalls_keil.o ABSOLUTE
    ..\\..\\..\\..\\..\\..\\external\\segger_rtt\\SEGGER_RTT_printf.c 0x00000000   Number         0  segger_rtt_printf.o ABSOLUTE
    ..\\..\\..\\..\\..\\..\\integration\\nrfx\\legacy\\nrf_drv_uart.c 0x00000000   Number         0  nrf_drv_uart.o ABSOLUTE
    ..\\..\\..\\..\\..\\..\\modules\\nrfx\\drivers\\src\\nrfx_uart.c 0x00000000   Number         0  nrfx_uart.o ABSOLUTE
    ..\\..\\..\\..\\..\\..\\modules\\nrfx\\drivers\\src\\nrfx_uarte.c 0x00000000   Number         0  nrfx_uarte.o ABSOLUTE
    ..\\..\\..\\..\\..\\..\\modules\\nrfx\\drivers\\src\\prs\\nrfx_prs.c 0x00000000   Number         0  nrfx_prs.o ABSOLUTE
    ..\\..\\..\\main.c                       0x00000000   Number         0  main.o ABSOLUTE
    RTE\Device\nRF52832_xxAA\arm_startup_nrf52.s 0x00000000   Number         0  arm_startup_nrf52.o ABSOLUTE
    RTE\Device\nRF52832_xxAA\system_nrf52.c  0x00000000   Number         0  system_nrf52.o ABSOLUTE
    RTE\\Device\\nRF52832_xxAA\\system_nrf52.c 0x00000000   Number         0  system_nrf52.o ABSOLUTE
    dc.s                                     0x00000000   Number         0  dc.o ABSOLUTE
    handlers.s                               0x00000000   Number         0  handlers.o ABSOLUTE
    init.s                                   0x00000000   Number         0  init.o ABSOLUTE
    .ARM.Collect$$$$00000000                 0x00000200   Section        0  entry.o(.ARM.Collect$$$$00000000)
    .ARM.Collect$$$$00000001                 0x00000200   Section        4  entry2.o(.ARM.Collect$$$$00000001)
    .ARM.Collect$$$$00000004                 0x00000204   Section        4  entry5.o(.ARM.Collect$$$$00000004)
    .ARM.Collect$$$$00000008                 0x00000208   Section        0  entry7b.o(.ARM.Collect$$$$00000008)
    .ARM.Collect$$$$0000000A                 0x00000208   Section        0  entry8b.o(.ARM.Collect$$$$0000000A)
    .ARM.Collect$$$$0000000B                 0x00000208   Section        8  entry9a.o(.ARM.Collect$$$$0000000B)
    .ARM.Collect$$$$0000000D                 0x00000210   Section        0  entry10a.o(.ARM.Collect$$$$0000000D)
    .ARM.Collect$$$$0000000F                 0x00000210   Section        0  entry11a.o(.ARM.Collect$$$$0000000F)
    .ARM.Collect$$$$00002712                 0x00000210   Section        4  entry2.o(.ARM.Collect$$$$00002712)
    __lit__00000000                          0x00000210   Data           4  entry2.o(.ARM.Collect$$$$00002712)
    .text                                    0x00000214   Section       36  arm_startup_nrf52.o(.text)
    $v0                                      0x00000214   Number         0  arm_startup_nrf52.o(.text)
    .text                                    0x00000238   Section        0  memcpya.o(.text)
    .text                                    0x0000025c   Section        0  memseta.o(.text)
    .text                                    0x00000280   Section       36  init.o(.text)
    i.NVIC_ClearPendingIRQ                   0x000002a4   Section        0  nrf_esb.o(i.NVIC_ClearPendingIRQ)
    NVIC_ClearPendingIRQ                     0x000002a5   Thumb Code    22  nrf_esb.o(i.NVIC_ClearPendingIRQ)
    i.NVIC_DisableIRQ                        0x000002ba   Section        0  nrf_esb.o(i.NVIC_DisableIRQ)
    NVIC_DisableIRQ                          0x000002bb   Thumb Code    22  nrf_esb.o(i.NVIC_DisableIRQ)
    i.NVIC_EnableIRQ                         0x000002d0   Section        0  nrf_esb.o(i.NVIC_EnableIRQ)
    NVIC_EnableIRQ                           0x000002d1   Thumb Code    22  nrf_esb.o(i.NVIC_EnableIRQ)
    i.NVIC_SetPendingIRQ                     0x000002e6   Section        0  nrf_esb.o(i.NVIC_SetPendingIRQ)
    NVIC_SetPendingIRQ                       0x000002e7   Thumb Code    22  nrf_esb.o(i.NVIC_SetPendingIRQ)
    i.NVIC_SetPriority                       0x000002fc   Section        0  nrf_esb.o(i.NVIC_SetPriority)
    NVIC_SetPriority                         0x000002fd   Thumb Code    32  nrf_esb.o(i.NVIC_SetPriority)
    i.RADIO_IRQHandler                       0x0000031c   Section        0  nrf_esb.o(i.RADIO_IRQHandler)
    i.SWI0_EGU0_IRQHandler                   0x00000378   Section        0  nrf_esb.o(i.SWI0_EGU0_IRQHandler)
    i.SystemInit                             0x000003d0   Section        0  system_nrf52.o(i.SystemInit)
    i.TIMER3_IRQHandler                      0x00000684   Section        0  nrf_esb.o(i.TIMER3_IRQHandler)
    i.UARTE0_UART0_IRQHandler                0x000006b0   Section        0  nrfx_prs.o(i.UARTE0_UART0_IRQHandler)
    i.__scatterload_copy                     0x000006bc   Section       14  handlers.o(i.__scatterload_copy)
    i.__scatterload_null                     0x000006ca   Section        2  handlers.o(i.__scatterload_null)
    i.__scatterload_zeroinit                 0x000006cc   Section       14  handlers.o(i.__scatterload_zeroinit)
    i.addr_conv                              0x000006da   Section        0  nrf_esb.o(i.addr_conv)
    addr_conv                                0x000006db   Thumb Code    12  nrf_esb.o(i.addr_conv)
    i.app_error_fault_handler                0x000006e8   Section        0  app_error_weak.o(i.app_error_fault_handler)
    i.app_error_handler_bare                 0x00000718   Section        0  app_error.o(i.app_error_handler_bare)
    i.apply_address_workarounds              0x00000730   Section        0  nrf_esb.o(i.apply_address_workarounds)
    apply_address_workarounds                0x00000731   Thumb Code   180  nrf_esb.o(i.apply_address_workarounds)
    i.bsp_board_init                         0x000007f8   Section        0  boards.o(i.bsp_board_init)
    i.bsp_board_led_off                      0x0000084c   Section        0  boards.o(i.bsp_board_led_off)
    i.bsp_board_leds_off                     0x0000085c   Section        0  boards.o(i.bsp_board_leds_off)
    i.bytewise_bit_swap                      0x0000086e   Section        0  nrf_esb.o(i.bytewise_bit_swap)
    bytewise_bit_swap                        0x0000086f   Thumb Code    10  nrf_esb.o(i.bytewise_bit_swap)
    i.clocks_start                           0x00000878   Section        0  main.o(i.clocks_start)
    i.esb_init                               0x00000894   Section        0  main.o(i.esb_init)
    i.gpio_check_and_esb_tx                  0x0000092c   Section        0  main.o(i.gpio_check_and_esb_tx)
    i.gpio_init                              0x000009ac   Section        0  main.o(i.gpio_init)
    i.main                                   0x000009ec   Section        0  main.o(i.main)
    i.nrf_esb_disable                        0x00000a44   Section        0  nrf_esb.o(i.nrf_esb_disable)
    i.nrf_esb_event_handler                  0x00000a88   Section        0  main.o(i.nrf_esb_event_handler)
    i.nrf_esb_flush_tx                       0x00000b44   Section        0  nrf_esb.o(i.nrf_esb_flush_tx)
    i.nrf_esb_init                           0x00000b74   Section        0  nrf_esb.o(i.nrf_esb_init)
    i.nrf_esb_read_rx_payload                0x00000ce0   Section        0  nrf_esb.o(i.nrf_esb_read_rx_payload)
    i.nrf_esb_set_base_address_0             0x00000d68   Section        0  nrf_esb.o(i.nrf_esb_set_base_address_0)
    i.nrf_esb_set_base_address_1             0x00000dd8   Section        0  nrf_esb.o(i.nrf_esb_set_base_address_1)
    i.nrf_esb_set_prefixes                   0x00000e74   Section        0  nrf_esb.o(i.nrf_esb_set_prefixes)
    i.nrf_esb_skip_tx                        0x00000f10   Section        0  nrf_esb.o(i.nrf_esb_skip_tx)
    i.nrf_esb_write_payload                  0x00000f54   Section        0  nrf_esb.o(i.nrf_esb_write_payload)
    i.nrf_gpio_cfg                           0x00001000   Section        0  boards.o(i.nrf_gpio_cfg)
    nrf_gpio_cfg                             0x00001001   Thumb Code    36  boards.o(i.nrf_gpio_cfg)
    i.nrf_gpio_cfg_sense_input               0x00001024   Section        0  main.o(i.nrf_gpio_cfg_sense_input)
    nrf_gpio_cfg_sense_input                 0x00001025   Thumb Code    26  main.o(i.nrf_gpio_cfg_sense_input)
    i.nrf_gpio_pin_read                      0x0000103e   Section        0  main.o(i.nrf_gpio_pin_read)
    nrf_gpio_pin_read                        0x0000103f   Thumb Code    16  main.o(i.nrf_gpio_pin_read)
    i.nrf_gpio_pin_write                     0x0000104e   Section        0  main.o(i.nrf_gpio_pin_write)
    nrf_gpio_pin_write                       0x0000104f   Thumb Code    22  main.o(i.nrf_gpio_pin_write)
    i.nrf_gpio_pin_write                     0x00001064   Section        0  boards.o(i.nrf_gpio_pin_write)
    nrf_gpio_pin_write                       0x00001065   Thumb Code    22  boards.o(i.nrf_gpio_pin_write)
    i.on_radio_disabled_tx                   0x0000107c   Section        0  nrf_esb.o(i.on_radio_disabled_tx)
    on_radio_disabled_tx                     0x0000107d   Thumb Code    90  nrf_esb.o(i.on_radio_disabled_tx)
    i.on_radio_disabled_tx_noack             0x000010fc   Section        0  nrf_esb.o(i.on_radio_disabled_tx_noack)
    on_radio_disabled_tx_noack               0x000010fd   Thumb Code    50  nrf_esb.o(i.on_radio_disabled_tx_noack)
    i.on_radio_disabled_tx_wait_for_ack      0x00001138   Section        0  nrf_esb.o(i.on_radio_disabled_tx_wait_for_ack)
    on_radio_disabled_tx_wait_for_ack        0x00001139   Thumb Code   268  nrf_esb.o(i.on_radio_disabled_tx_wait_for_ack)
    i.recover_state                          0x0000126c   Section        0  main.o(i.recover_state)
    i.reset_fifos                            0x0000129c   Section        0  nrf_esb.o(i.reset_fifos)
    reset_fifos                              0x0000129d   Thumb Code    22  nrf_esb.o(i.reset_fifos)
    i.rx_fifo_push_rfbuf                     0x000012b8   Section        0  nrf_esb.o(i.rx_fifo_push_rfbuf)
    rx_fifo_push_rfbuf                       0x000012b9   Thumb Code   144  nrf_esb.o(i.rx_fifo_push_rfbuf)
    i.start_tx_transaction                   0x00001350   Section        0  nrf_esb.o(i.start_tx_transaction)
    start_tx_transaction                     0x00001351   Thumb Code   252  nrf_esb.o(i.start_tx_transaction)
    i.system_off                             0x00001464   Section        0  main.o(i.system_off)
    i.update_radio_addresses                 0x000014ac   Section        0  nrf_esb.o(i.update_radio_addresses)
    update_radio_addresses                   0x000014ad   Thumb Code    70  nrf_esb.o(i.update_radio_addresses)
    i.update_radio_bitrate                   0x000014fc   Section        0  nrf_esb.o(i.update_radio_bitrate)
    update_radio_bitrate                     0x000014fd   Thumb Code    42  nrf_esb.o(i.update_radio_bitrate)
    i.update_radio_parameters                0x00001534   Section        0  nrf_esb.o(i.update_radio_parameters)
    update_radio_parameters                  0x00001535   Thumb Code   110  nrf_esb.o(i.update_radio_parameters)
    i.update_radio_tx_power                  0x000015bc   Section        0  nrf_esb.o(i.update_radio_tx_power)
    update_radio_tx_power                    0x000015bd   Thumb Code    10  nrf_esb.o(i.update_radio_tx_power)
    i.update_rf_payload_format_esb           0x000015d0   Section        0  nrf_esb.o(i.update_rf_payload_format_esb)
    update_rf_payload_format_esb             0x000015d1   Thumb Code    30  nrf_esb.o(i.update_rf_payload_format_esb)
    i.update_rf_payload_format_esb_dpl       0x000015fc   Section        0  nrf_esb.o(i.update_rf_payload_format_esb_dpl)
    update_rf_payload_format_esb_dpl         0x000015fd   Thumb Code    26  nrf_esb.o(i.update_rf_payload_format_esb_dpl)
    .constdata                               0x00001630   Section       32  main.o(.constdata)
    delay_bytecode                           0x00001630   Data           6  main.o(.constdata)
    .constdata                               0x00001650   Section        8  boards.o(.constdata)
    m_board_led_list                         0x00001650   Data           4  boards.o(.constdata)
    m_board_btn_list                         0x00001654   Data           4  boards.o(.constdata)
    .data                                    0x20000000   Section       57  main.o(.data)
    esb_completed                            0x20000000   Data           1  main.o(.data)
    button_state_1                           0x20000004   Data           4  main.o(.data)
    button_state_2                           0x20000008   Data           4  main.o(.data)
    button_state_3                           0x2000000c   Data           4  main.o(.data)
    button_state_4                           0x20000010   Data           4  main.o(.data)
    tx_payload                               0x20000014   Data          37  main.o(.data)
    .data                                    0x2000003c   Section        8  nrfx_prs.o(.data)
    m_prs_box_4                              0x2000003c   Data           8  nrfx_prs.o(.data)
    .data                                    0x20000044   Section       72  nrf_esb.o(.data)
    m_esb_initialized                        0x20000044   Data           1  nrf_esb.o(.data)
    m_nrf_esb_mainstate                      0x20000045   Data           1  nrf_esb.o(.data)
    m_interrupt_flags                        0x20000048   Data           4  nrf_esb.o(.data)
    m_radio_shorts_common                    0x2000004c   Data           4  nrf_esb.o(.data)
    on_radio_disabled                        0x20000050   Data           4  nrf_esb.o(.data)
    on_radio_end                             0x20000054   Data           4  nrf_esb.o(.data)
    update_rf_payload_format                 0x20000058   Data           4  nrf_esb.o(.data)
    mp_current_payload                       0x2000005c   Data           4  nrf_esb.o(.data)
    m_event_handler                          0x20000060   Data           4  nrf_esb.o(.data)
    m_retransmits_remaining                  0x20000064   Data           4  nrf_esb.o(.data)
    m_last_tx_attempts                       0x20000068   Data           4  nrf_esb.o(.data)
    m_wait_for_ack_timeout_us                0x2000006c   Data           4  nrf_esb.o(.data)
    m_pids                                   0x20000070   Data           8  nrf_esb.o(.data)
    m_esb_addr                               0x20000078   Data          20  nrf_esb.o(.data)
    .data                                    0x2000008c   Section        4  system_nrf52.o(.data)
    __tagsym$$used                           0x2000008c   Number         0  system_nrf52.o(.data)
    .bss                                     0x20000090   Section       37  main.o(.bss)
    rx_payload                               0x20000090   Data          37  main.o(.bss)
    .bss                                     0x200000b8   Section      804  nrf_esb.o(.bss)
    m_config_local                           0x200000b8   Data          24  nrf_esb.o(.bss)
    m_tx_fifo_payload                        0x200000d0   Data         296  nrf_esb.o(.bss)
    m_tx_fifo                                0x200001f8   Data          44  nrf_esb.o(.bss)
    m_rx_fifo_payload                        0x20000224   Data         296  nrf_esb.o(.bss)
    m_rx_fifo                                0x2000034c   Data          44  nrf_esb.o(.bss)
    m_tx_payload_buffer                      0x20000378   Data          34  nrf_esb.o(.bss)
    m_rx_payload_buffer                      0x2000039a   Data          34  nrf_esb.o(.bss)
    m_rx_pipe_info                           0x200003bc   Data          32  nrf_esb.o(.bss)
    STACK                                    0x200003e0   Section     8192  arm_startup_nrf52.o(STACK)

    Global Symbols

    Symbol Name                              Value     Ov Type        Size  Object(Section)

    BuildAttributes$$THM_ISAv4$E$P$D$K$B$S$7EM$VFPi3$EXTD16$VFPS$VFMA$PE$A:L22UL41UL21$X:L11$S22US41US21$IEEE1$IW$USESV6$~STKCKD$USESV7$~SHL$OSPACE$EBA8$MICROLIB$REQ8$EABIv2 0x00000000   Number         0  anon$$obj.o ABSOLUTE
    __ARM_use_no_argv                        0x00000000   Number         0  main.o ABSOLUTE
    __Vectors                                0x00000000   Data           4  arm_startup_nrf52.o(RESET)
    __cpp_initialize__aeabi_                  - Undefined Weak Reference
    __cxa_finalize                            - Undefined Weak Reference
    __decompress                              - Undefined Weak Reference
    _clock_init                               - Undefined Weak Reference
    _microlib_exit                            - Undefined Weak Reference
    __Vectors_End                            0x00000200   Data           0  arm_startup_nrf52.o(RESET)
    __Vectors_Size                           0x00000200   Number         0  arm_startup_nrf52.o ABSOLUTE
    __main                                   0x00000201   Thumb Code     0  entry.o(.ARM.Collect$$$$00000000)
    _main_stk                                0x00000201   Thumb Code     0  entry2.o(.ARM.Collect$$$$00000001)
    _main_scatterload                        0x00000205   Thumb Code     0  entry5.o(.ARM.Collect$$$$00000004)
    __main_after_scatterload                 0x00000209   Thumb Code     0  entry5.o(.ARM.Collect$$$$00000004)
    _main_clock                              0x00000209   Thumb Code     0  entry7b.o(.ARM.Collect$$$$00000008)
    _main_cpp_init                           0x00000209   Thumb Code     0  entry8b.o(.ARM.Collect$$$$0000000A)
    _main_init                               0x00000209   Thumb Code     0  entry9a.o(.ARM.Collect$$$$0000000B)
    __rt_final_cpp                           0x00000211   Thumb Code     0  entry10a.o(.ARM.Collect$$$$0000000D)
    __rt_final_exit                          0x00000211   Thumb Code     0  entry11a.o(.ARM.Collect$$$$0000000F)
    Reset_Handler                            0x00000215   Thumb Code     8  arm_startup_nrf52.o(.text)
    NMI_Handler                              0x0000021d   Thumb Code     2  arm_startup_nrf52.o(.text)
    HardFault_Handler                        0x0000021f   Thumb Code     2  arm_startup_nrf52.o(.text)
    MemoryManagement_Handler                 0x00000221   Thumb Code     2  arm_startup_nrf52.o(.text)
    BusFault_Handler                         0x00000223   Thumb Code     2  arm_startup_nrf52.o(.text)
    UsageFault_Handler                       0x00000225   Thumb Code     2  arm_startup_nrf52.o(.text)
    SVC_Handler                              0x00000227   Thumb Code     2  arm_startup_nrf52.o(.text)
    DebugMon_Handler                         0x00000229   Thumb Code     2  arm_startup_nrf52.o(.text)
    PendSV_Handler                           0x0000022b   Thumb Code     2  arm_startup_nrf52.o(.text)
    SysTick_Handler                          0x0000022d   Thumb Code     2  arm_startup_nrf52.o(.text)
    CCM_AAR_IRQHandler                       0x0000022f   Thumb Code     0  arm_startup_nrf52.o(.text)
    COMP_LPCOMP_IRQHandler                   0x0000022f   Thumb Code     0  arm_startup_nrf52.o(.text)
    ECB_IRQHandler                           0x0000022f   Thumb Code     0  arm_startup_nrf52.o(.text)
    FPU_IRQHandler                           0x0000022f   Thumb Code     0  arm_startup_nrf52.o(.text)
    GPIOTE_IRQHandler                        0x0000022f   Thumb Code     0  arm_startup_nrf52.o(.text)
    I2S_IRQHandler                           0x0000022f   Thumb Code     0  arm_startup_nrf52.o(.text)
    MWU_IRQHandler                           0x0000022f   Thumb Code     0  arm_startup_nrf52.o(.text)
    NFCT_IRQHandler                          0x0000022f   Thumb Code     0  arm_startup_nrf52.o(.text)
    PDM_IRQHandler                           0x0000022f   Thumb Code     0  arm_startup_nrf52.o(.text)
    POWER_CLOCK_IRQHandler                   0x0000022f   Thumb Code     0  arm_startup_nrf52.o(.text)
    PWM0_IRQHandler                          0x0000022f   Thumb Code     0  arm_startup_nrf52.o(.text)
    PWM1_IRQHandler                          0x0000022f   Thumb Code     0  arm_startup_nrf52.o(.text)
    PWM2_IRQHandler                          0x0000022f   Thumb Code     0  arm_startup_nrf52.o(.text)
    QDEC_IRQHandler                          0x0000022f   Thumb Code     0  arm_startup_nrf52.o(.text)
    RNG_IRQHandler                           0x0000022f   Thumb Code     0  arm_startup_nrf52.o(.text)
    RTC0_IRQHandler                          0x0000022f   Thumb Code     0  arm_startup_nrf52.o(.text)
    RTC1_IRQHandler                          0x0000022f   Thumb Code     0  arm_startup_nrf52.o(.text)
    RTC2_IRQHandler                          0x0000022f   Thumb Code     0  arm_startup_nrf52.o(.text)
    SAADC_IRQHandler                         0x0000022f   Thumb Code     0  arm_startup_nrf52.o(.text)
    SPIM0_SPIS0_TWIM0_TWIS0_SPI0_TWI0_IRQHandler 0x0000022f   Thumb Code     0  arm_startup_nrf52.o(.text)
    SPIM1_SPIS1_TWIM1_TWIS1_SPI1_TWI1_IRQHandler 0x0000022f   Thumb Code     0  arm_startup_nrf52.o(.text)
    SPIM2_SPIS2_SPI2_IRQHandler              0x0000022f   Thumb Code     0  arm_startup_nrf52.o(.text)
    SWI1_EGU1_IRQHandler                     0x0000022f   Thumb Code     0  arm_startup_nrf52.o(.text)
    SWI2_EGU2_IRQHandler                     0x0000022f   Thumb Code     0  arm_startup_nrf52.o(.text)
    SWI3_EGU3_IRQHandler                     0x0000022f   Thumb Code     0  arm_startup_nrf52.o(.text)
    SWI4_EGU4_IRQHandler                     0x0000022f   Thumb Code     0  arm_startup_nrf52.o(.text)
    SWI5_EGU5_IRQHandler                     0x0000022f   Thumb Code     0  arm_startup_nrf52.o(.text)
    TEMP_IRQHandler                          0x0000022f   Thumb Code     0  arm_startup_nrf52.o(.text)
    TIMER0_IRQHandler                        0x0000022f   Thumb Code     0  arm_startup_nrf52.o(.text)
    TIMER1_IRQHandler                        0x0000022f   Thumb Code     0  arm_startup_nrf52.o(.text)
    TIMER2_IRQHandler                        0x0000022f   Thumb Code     0  arm_startup_nrf52.o(.text)
    TIMER4_IRQHandler                        0x0000022f   Thumb Code     0  arm_startup_nrf52.o(.text)
    WDT_IRQHandler                           0x0000022f   Thumb Code     0  arm_startup_nrf52.o(.text)
    __aeabi_memcpy                           0x00000239   Thumb Code    36  memcpya.o(.text)
    __aeabi_memcpy4                          0x00000239   Thumb Code     0  memcpya.o(.text)
    __aeabi_memcpy8                          0x00000239   Thumb Code     0  memcpya.o(.text)
    __aeabi_memset                           0x0000025d   Thumb Code    14  memseta.o(.text)
    __aeabi_memset4                          0x0000025d   Thumb Code     0  memseta.o(.text)
    __aeabi_memset8                          0x0000025d   Thumb Code     0  memseta.o(.text)
    __aeabi_memclr                           0x0000026b   Thumb Code     4  memseta.o(.text)
    __aeabi_memclr4                          0x0000026b   Thumb Code     0  memseta.o(.text)
    __aeabi_memclr8                          0x0000026b   Thumb Code     0  memseta.o(.text)
    _memset$wrapper                          0x0000026f   Thumb Code    18  memseta.o(.text)
    __scatterload                            0x00000281   Thumb Code    28  init.o(.text)
    __scatterload_rt2                        0x00000281   Thumb Code     0  init.o(.text)
    RADIO_IRQHandler                         0x0000031d   Thumb Code    84  nrf_esb.o(i.RADIO_IRQHandler)
    SWI0_EGU0_IRQHandler                     0x00000379   Thumb Code    84  nrf_esb.o(i.SWI0_EGU0_IRQHandler)
    SystemInit                               0x000003d1   Thumb Code   634  system_nrf52.o(i.SystemInit)
    TIMER3_IRQHandler                        0x00000685   Thumb Code    32  nrf_esb.o(i.TIMER3_IRQHandler)
    UARTE0_UART0_IRQHandler                  0x000006b1   Thumb Code     6  nrfx_prs.o(i.UARTE0_UART0_IRQHandler)
    __scatterload_copy                       0x000006bd   Thumb Code    14  handlers.o(i.__scatterload_copy)
    __scatterload_null                       0x000006cb   Thumb Code     2  handlers.o(i.__scatterload_null)
    __scatterload_zeroinit                   0x000006cd   Thumb Code    14  handlers.o(i.__scatterload_zeroinit)
    app_error_fault_handler                  0x000006e9   Thumb Code    40  app_error_weak.o(i.app_error_fault_handler)
    app_error_handler_bare                   0x00000719   Thumb Code    22  app_error.o(i.app_error_handler_bare)
    bsp_board_init                           0x000007f9   Thumb Code    80  boards.o(i.bsp_board_init)
    bsp_board_led_off                        0x0000084d   Thumb Code    10  boards.o(i.bsp_board_led_off)
    bsp_board_leds_off                       0x0000085d   Thumb Code    18  boards.o(i.bsp_board_leds_off)
    clocks_start                             0x00000879   Thumb Code    26  main.o(i.clocks_start)
    esb_init                                 0x00000895   Thumb Code   124  main.o(i.esb_init)
    gpio_check_and_esb_tx                    0x0000092d   Thumb Code   122  main.o(i.gpio_check_and_esb_tx)
    gpio_init                                0x000009ad   Thumb Code    60  main.o(i.gpio_init)
    main                                     0x000009ed   Thumb Code    84  main.o(i.main)
    nrf_esb_disable                          0x00000a45   Thumb Code    52  nrf_esb.o(i.nrf_esb_disable)
    nrf_esb_event_handler                    0x00000a89   Thumb Code   180  main.o(i.nrf_esb_event_handler)
    nrf_esb_flush_tx                         0x00000b45   Thumb Code    38  nrf_esb.o(i.nrf_esb_flush_tx)
    nrf_esb_init                             0x00000b75   Thumb Code   308  nrf_esb.o(i.nrf_esb_init)
    nrf_esb_read_rx_payload                  0x00000ce1   Thumb Code   126  nrf_esb.o(i.nrf_esb_read_rx_payload)
    nrf_esb_set_base_address_0               0x00000d69   Thumb Code    98  nrf_esb.o(i.nrf_esb_set_base_address_0)
    nrf_esb_set_base_address_1               0x00000dd9   Thumb Code   144  nrf_esb.o(i.nrf_esb_set_base_address_1)
    nrf_esb_set_prefixes                     0x00000e75   Thumb Code   142  nrf_esb.o(i.nrf_esb_set_prefixes)
    nrf_esb_skip_tx                          0x00000f11   Thumb Code    60  nrf_esb.o(i.nrf_esb_skip_tx)
    nrf_esb_write_payload                    0x00000f55   Thumb Code   160  nrf_esb.o(i.nrf_esb_write_payload)
    recover_state                            0x0000126d   Thumb Code    40  main.o(i.recover_state)
    system_off                               0x00001465   Thumb Code    62  main.o(i.system_off)
    Region$$Table$$Base                      0x00001658   Number         0  anon$$obj.o(Region$$Table)
    Region$$Table$$Limit                     0x00001678   Number         0  anon$$obj.o(Region$$Table)
    SystemCoreClock                          0x2000008c   Data           4  system_nrf52.o(.data)
    __initial_sp                             0x200023e0   Data           0  arm_startup_nrf52.o(STACK)



==============================================================================

Memory Map of the image

  Image Entry point : 0x00000201

  Load Region LR_IROM1 (Base: 0x00000000, Size: 0x00001708, Max: 0x00080000, ABSOLUTE)

    Execution Region ER_IROM1 (Exec base: 0x00000000, Load base: 0x00000000, Size: 0x00001678, Max: 0x00080000, ABSOLUTE)

    Exec Addr    Load Addr    Size         Type   Attr      Idx    E Section Name        Object

    0x00000000   0x00000000   0x00000200   Data   RO         2267    RESET               arm_startup_nrf52.o
    0x00000200   0x00000200   0x00000000   Code   RO         2308  * .ARM.Collect$$$$00000000  mc_w.l(entry.o)
    0x00000200   0x00000200   0x00000004   Code   RO         2328    .ARM.Collect$$$$00000001  mc_w.l(entry2.o)
    0x00000204   0x00000204   0x00000004   Code   RO         2331    .ARM.Collect$$$$00000004  mc_w.l(entry5.o)
    0x00000208   0x00000208   0x00000000   Code   RO         2333    .ARM.Collect$$$$00000008  mc_w.l(entry7b.o)
    0x00000208   0x00000208   0x00000000   Code   RO         2335    .ARM.Collect$$$$0000000A  mc_w.l(entry8b.o)
    0x00000208   0x00000208   0x00000008   Code   RO         2336    .ARM.Collect$$$$0000000B  mc_w.l(entry9a.o)
    0x00000210   0x00000210   0x00000000   Code   RO         2338    .ARM.Collect$$$$0000000D  mc_w.l(entry10a.o)
    0x00000210   0x00000210   0x00000000   Code   RO         2340    .ARM.Collect$$$$0000000F  mc_w.l(entry11a.o)
    0x00000210   0x00000210   0x00000004   Code   RO         2329    .ARM.Collect$$$$00002712  mc_w.l(entry2.o)
    0x00000214   0x00000214   0x00000024   Code   RO         2268    .text               arm_startup_nrf52.o
    0x00000238   0x00000238   0x00000024   Code   RO         2316    .text               mc_w.l(memcpya.o)
    0x0000025c   0x0000025c   0x00000024   Code   RO         2318    .text               mc_w.l(memseta.o)
    0x00000280   0x00000280   0x00000024   Code   RO         2344    .text               mc_w.l(init.o)
    0x000002a4   0x000002a4   0x00000016   Code   RO         1587    i.NVIC_ClearPendingIRQ  nrf_esb.o
    0x000002ba   0x000002ba   0x00000016   Code   RO         1588    i.NVIC_DisableIRQ   nrf_esb.o
    0x000002d0   0x000002d0   0x00000016   Code   RO         1589    i.NVIC_EnableIRQ    nrf_esb.o
    0x000002e6   0x000002e6   0x00000016   Code   RO         1590    i.NVIC_SetPendingIRQ  nrf_esb.o
    0x000002fc   0x000002fc   0x00000020   Code   RO         1591    i.NVIC_SetPriority  nrf_esb.o
    0x0000031c   0x0000031c   0x0000005c   Code   RO         1592    i.RADIO_IRQHandler  nrf_esb.o
    0x00000378   0x00000378   0x00000058   Code   RO         1593    i.SWI0_EGU0_IRQHandler  nrf_esb.o
    0x000003d0   0x000003d0   0x000002b4   Code   RO         2276    i.SystemInit        system_nrf52.o
    0x00000684   0x00000684   0x0000002c   Code   RO         1594    i.TIMER3_IRQHandler  nrf_esb.o
    0x000006b0   0x000006b0   0x0000000c   Code   RO          417    i.UARTE0_UART0_IRQHandler  nrfx_prs.o
    0x000006bc   0x000006bc   0x0000000e   Code   RO         2348    i.__scatterload_copy  mc_w.l(handlers.o)
    0x000006ca   0x000006ca   0x00000002   Code   RO         2349    i.__scatterload_null  mc_w.l(handlers.o)
    0x000006cc   0x000006cc   0x0000000e   Code   RO         2350    i.__scatterload_zeroinit  mc_w.l(handlers.o)
    0x000006da   0x000006da   0x0000000c   Code   RO         1595    i.addr_conv         nrf_esb.o
    0x000006e6   0x000006e6   0x00000002   PAD
    0x000006e8   0x000006e8   0x00000030   Code   RO          901    i.app_error_fault_handler  app_error_weak.o
    0x00000718   0x00000718   0x00000016   Code   RO          828    i.app_error_handler_bare  app_error.o
    0x0000072e   0x0000072e   0x00000002   PAD
    0x00000730   0x00000730   0x000000c8   Code   RO         1596    i.apply_address_workarounds  nrf_esb.o
    0x000007f8   0x000007f8   0x00000054   Code   RO          242    i.bsp_board_init    boards.o
    0x0000084c   0x0000084c   0x00000010   Code   RO          245    i.bsp_board_led_off  boards.o
    0x0000085c   0x0000085c   0x00000012   Code   RO          248    i.bsp_board_leds_off  boards.o
    0x0000086e   0x0000086e   0x0000000a   Code   RO         1597    i.bytewise_bit_swap  nrf_esb.o
    0x00000878   0x00000878   0x0000001a   Code   RO            4    i.clocks_start      main.o
    0x00000892   0x00000892   0x00000002   PAD
    0x00000894   0x00000894   0x00000098   Code   RO            5    i.esb_init          main.o
    0x0000092c   0x0000092c   0x00000080   Code   RO            6    i.gpio_check_and_esb_tx  main.o
    0x000009ac   0x000009ac   0x00000040   Code   RO            7    i.gpio_init         main.o
    0x000009ec   0x000009ec   0x00000058   Code   RO            8    i.main              main.o
    0x00000a44   0x00000a44   0x00000044   Code   RO         1599    i.nrf_esb_disable   nrf_esb.o
    0x00000a88   0x00000a88   0x000000bc   Code   RO            9    i.nrf_esb_event_handler  main.o
    0x00000b44   0x00000b44   0x00000030   Code   RO         1602    i.nrf_esb_flush_tx  nrf_esb.o
    0x00000b74   0x00000b74   0x0000016c   Code   RO         1604    i.nrf_esb_init      nrf_esb.o
    0x00000ce0   0x00000ce0   0x00000088   Code   RO         1607    i.nrf_esb_read_rx_payload  nrf_esb.o
    0x00000d68   0x00000d68   0x00000070   Code   RO         1610    i.nrf_esb_set_base_address_0  nrf_esb.o
    0x00000dd8   0x00000dd8   0x0000009c   Code   RO         1611    i.nrf_esb_set_base_address_1  nrf_esb.o
    0x00000e74   0x00000e74   0x0000009c   Code   RO         1613    i.nrf_esb_set_prefixes  nrf_esb.o
    0x00000f10   0x00000f10   0x00000044   Code   RO         1618    i.nrf_esb_skip_tx   nrf_esb.o
    0x00000f54   0x00000f54   0x000000ac   Code   RO         1624    i.nrf_esb_write_payload  nrf_esb.o
    0x00001000   0x00001000   0x00000024   Code   RO          252    i.nrf_gpio_cfg      boards.o
    0x00001024   0x00001024   0x0000001a   Code   RO           10    i.nrf_gpio_cfg_sense_input  main.o
    0x0000103e   0x0000103e   0x00000010   Code   RO           11    i.nrf_gpio_pin_read  main.o
    0x0000104e   0x0000104e   0x00000016   Code   RO           12    i.nrf_gpio_pin_write  main.o
    0x00001064   0x00001064   0x00000016   Code   RO          253    i.nrf_gpio_pin_write  boards.o
    0x0000107a   0x0000107a   0x00000002   PAD
    0x0000107c   0x0000107c   0x00000080   Code   RO         1627    i.on_radio_disabled_tx  nrf_esb.o
    0x000010fc   0x000010fc   0x0000003c   Code   RO         1628    i.on_radio_disabled_tx_noack  nrf_esb.o
    0x00001138   0x00001138   0x00000134   Code   RO         1629    i.on_radio_disabled_tx_wait_for_ack  nrf_esb.o
    0x0000126c   0x0000126c   0x00000030   Code   RO           13    i.recover_state     main.o
    0x0000129c   0x0000129c   0x0000001c   Code   RO         1630    i.reset_fifos       nrf_esb.o
    0x000012b8   0x000012b8   0x00000098   Code   RO         1631    i.rx_fifo_push_rfbuf  nrf_esb.o
    0x00001350   0x00001350   0x00000114   Code   RO         1632    i.start_tx_transaction  nrf_esb.o
    0x00001464   0x00001464   0x00000048   Code   RO           14    i.system_off        main.o
    0x000014ac   0x000014ac   0x00000050   Code   RO         1633    i.update_radio_addresses  nrf_esb.o
    0x000014fc   0x000014fc   0x00000038   Code   RO         1634    i.update_radio_bitrate  nrf_esb.o
    0x00001534   0x00001534   0x00000088   Code   RO         1635    i.update_radio_parameters  nrf_esb.o
    0x000015bc   0x000015bc   0x00000014   Code   RO         1636    i.update_radio_tx_power  nrf_esb.o
    0x000015d0   0x000015d0   0x0000002c   Code   RO         1637    i.update_rf_payload_format_esb  nrf_esb.o
    0x000015fc   0x000015fc   0x0000002c   Code   RO         1638    i.update_rf_payload_format_esb_dpl  nrf_esb.o
    0x00001628   0x00001628   0x00000008   PAD
    0x00001630   0x00001630   0x00000020   Data   RO           16    .constdata          main.o
    0x00001650   0x00001650   0x00000008   Data   RO          254    .constdata          boards.o
    0x00001658   0x00001658   0x00000020   Data   RO         2346    Region$$Table       anon$$obj.o


    Execution Region RW_IRAM1 (Exec base: 0x20000000, Load base: 0x00001678, Size: 0x000023e0, Max: 0x00010000, ABSOLUTE)

    Exec Addr    Load Addr    Size         Type   Attr      Idx    E Section Name        Object

    0x20000000   0x00001678   0x00000039   Data   RW           17    .data               main.o
    0x20000039   0x000016b1   0x00000003   PAD
    0x2000003c   0x000016b4   0x00000008   Data   RW          422    .data               nrfx_prs.o
    0x20000044   0x000016bc   0x00000048   Data   RW         1640    .data               nrf_esb.o
    0x2000008c   0x00001704   0x00000004   Data   RW         2277    .data               system_nrf52.o
    0x20000090        -       0x00000025   Zero   RW           15    .bss                main.o
    0x200000b5   0x00001708   0x00000003   PAD
    0x200000b8        -       0x00000324   Zero   RW         1639    .bss                nrf_esb.o
    0x200003dc   0x00001708   0x00000004   PAD
    0x200003e0        -       0x00002000   Zero   RW         2265    STACK               arm_startup_nrf52.o


==============================================================================

Image component sizes


      Code (inc. data)   RO Data    RW Data    ZI Data      Debug   Object Name

        22          0          0          0          0       2501   app_error.o
        48          8          0          0          0      27405   app_error_weak.o
        36          8        512          0       8192        952   arm_startup_nrf52.o
       176         10          8          0          0      39461   boards.o
       830         68         32         57         37      54234   main.o
      3178        414          0         72        804      55822   nrf_esb.o
        12          6          0          8          0       2106   nrfx_prs.o
       692         58          0          4          0       2839   system_nrf52.o

    ----------------------------------------------------------------------
      5010        580        584        144       9040     185320   Object Totals
         0          0         32          0          0          0   (incl. Generated)
        16          8          0          3          7          0   (incl. Padding)

    ----------------------------------------------------------------------

      Code (inc. data)   RO Data    RW Data    ZI Data      Debug   Library Member Name

         0          0          0          0          0          0   entry.o
         0          0          0          0          0          0   entry10a.o
         0          0          0          0          0          0   entry11a.o
         8          4          0          0          0          0   entry2.o
         4          0          0          0          0          0   entry5.o
         0          0          0          0          0          0   entry7b.o
         0          0          0          0          0          0   entry8b.o
         8          4          0          0          0          0   entry9a.o
        30          0          0          0          0          0   handlers.o
        36          8          0          0          0         68   init.o
        36          0          0          0          0         68   memcpya.o
        36          0          0          0          0        108   memseta.o

    ----------------------------------------------------------------------
       158         16          0          0          0        244   Library Totals
         0          0          0          0          0          0   (incl. Padding)

    ----------------------------------------------------------------------

      Code (inc. data)   RO Data    RW Data    ZI Data      Debug   Library Name

       158         16          0          0          0        244   mc_w.l

    ----------------------------------------------------------------------
       158         16          0          0          0        244   Library Totals

    ----------------------------------------------------------------------

==============================================================================


      Code (inc. data)   RO Data    RW Data    ZI Data      Debug   

      5168        596        584        144       9040     180816   Grand Totals
      5168        596        584        144       9040     180816   ELF Image Totals
      5168        596        584        144          0          0   ROM Totals

==============================================================================

    Total RO  Size (Code + RO Data)                 5752 (   5.62kB)
    Total RW  Size (RW Data + ZI Data)              9184 (   8.97kB)
    Total ROM Size (Code + RO Data + RW Data)       5896 (   5.76kB)

==============================================================================

