<html>
<body>
<pre>
<h1>µVision Build Log</h1>
<h2>Tool Versions:</h2>
IDE-Version: µVision V5.24.2.0
Copyright (C) 2017 ARM Ltd and ARM Germany GmbH. All rights reserved.
License Information: Alireza Mohammadi, University of Tehran, LIC=----
 
Tool Versions:
Toolchain:       MDK-Lite  Version: 5.24.1
Toolchain Path:  d:\Keil_v5\ARM\ARMCC\Bin
C Compiler:      Armcc.exe V5.06 update 5 (build 528)
Assembler:       Armasm.exe V5.06 update 5 (build 528)
Linker/Locator:  ArmLink.exe V5.06 update 5 (build 528)
Library Manager: ArmAr.exe V5.06 update 5 (build 528)
Hex Converter:   FromElf.exe V5.06 update 5 (build 528)
CPU DLL:         
Dialog DLL:      
Target DLL:      Segger\JL2CM3.dll V2.99.26.0
Dialog DLL:      TCM.DLL V1.32.0.0
 
<h2>Project:</h2>
D:\Immortals Robotic team\Programming\check\nRF5_SDK_15.2.0_9412b96\examples\proprietary_rf\esb_low_power_ptx\pca10056\blank\arm5_no_packs\esb_low_power_ptx_pca10056.uvprojx
Project File Date:  03/09/2019

<h2>Output:</h2>
*** Using Compiler 'V5.06 update 5 (build 528)', folder: 'd:\Keil_v5\ARM\ARMCC\Bin'
Rebuild target 'nrf52840_xxaa'
compiling boards.c...
compiling nrf_drv_uart.c...
compiling main.c...
.\Utils\mylog.h(13): warning:  #1-D: last line of file ends without a newline
  #endif
.\Utils\myNRF.h(37): warning:  #167-D: argument of type "uint8_t *" is incompatible with parameter of type "char *restrict"
  	sprintf(tempBuffer, "%d\r\n", sizeof(msg));
.\Utils\myNRF.h(38): warning:  #167-D: argument of type "uint8_t *" is incompatible with parameter of type "const char *"
  	SEGGER_RTT_WriteString(0, tempBuffer);
.\Utils\myNRF.h(39): warning:  #167-D: argument of type "uint8_t *" is incompatible with parameter of type "char *restrict"
  	sprintf(tempBuffer, "%s\r\n", msg);
.\Utils\myNRF.h(42): warning:  #167-D: argument of type "uint8_t *" is incompatible with parameter of type "char *restrict"
  		sprintf(tempBuffer, "%s\r\n", msg[i]);
.\Utils\myNRF.h(42): warning:  #181-D: argument is incompatible with corresponding format string conversion
  		sprintf(tempBuffer, "%s\r\n", msg[i]);
.\Utils\myNRF.h(43): warning:  #167-D: argument of type "uint8_t *" is incompatible with parameter of type "const char *"
  		SEGGER_RTT_WriteString(0, tempBuffer);
.\Utils\myNRF.h(64): warning:  #223-D: function "MYLOG" declared implicitly
  						SEGGER_RTT_printf(0, (const char*)MYLOG("TX Payload", "Success."));
.\Utils\myNRF.h(148): warning:  #1-D: last line of file ends without a newline
  }
.\Wiznet\user_ethernet.h(7): warning:  #1295-D: Deprecated declaration wizchip_select - give arg types
  void 	wizchip_select	();
.\Wiznet\user_ethernet.h(8): warning:  #1295-D: Deprecated declaration wizchip_deselect - give arg types
  void 	wizchip_deselect();
.\Wiznet\user_ethernet.h(9): warning:  #1295-D: Deprecated declaration wizchip_read - give arg types
  uint8_t wizchip_read();
.\Wiznet\user_ethernet.h(13): warning:  #1295-D: Deprecated declaration user_ethernet_init - give arg types
  void user_ethernet_init	();
.\Wiznet\user_ethernet.h(14): warning:  #1295-D: Deprecated declaration network_init - give arg types
  void network_init		();
..\..\..\main.c(106): warning:  #167-D: argument of type "uint8_t *" is incompatible with parameter of type "char *"
  				SEGGER_RTT_printf(0, "Packet: %d %x\r\n", size(UDP_packet), UDP_packet);
..\..\..\main.c(107): warning:  #167-D: argument of type "uint8_t *" is incompatible with parameter of type "char *"
  				SEGGER_RTT_printf(0, "IP: %d %x\r\n", size(targetIP), targetIP);
..\..\..\main.c(108): warning:  #167-D: argument of type "uint8_t *" is incompatible with parameter of type "char *"
  				transmit(UDP_packet);
..\..\..\main.c(112): warning:  #167-D: argument of type "uint8_t *" is incompatible with parameter of type "char *restrict"
  				sprintf(tempBuffer, "%s\r\n", rx_payload.data);
..\..\..\main.c(113): warning:  #167-D: argument of type "uint8_t *" is incompatible with parameter of type "char *"
  				sendto(
OCK_TCPC, (tempBuffer), size(tempBuffer), targetIP, targetPort);
..\..\..\main.c(116): warning:  #1-D: last line of file ends without a newline
  }
..\..\..\main.c: 20 warnings, 0 errors
compiling nrfx_prs.c...
compiling nrfx_uart.c...
compiling nrfx_uarte.c...
compiling app_error.c...
compiling app_error_handler_keil.c...
compiling app_error_weak.c...
compiling app_util_platform.c...
compiling nrf_assert.c...
compiling nrf_atomic.c...
compiling nrf_balloc.c...
compiling nrf_fprintf.c...
compiling nrf_fprintf_format.c...
compiling nrf_memobj.c...
compiling nrf_strerror.c...
compiling nrf_ringbuf.c...
compiling retarget.c...
compiling app_uart_fifo.c...
compiling app_fifo.c...
compiling nrf_log_backend_rtt.c...
compiling nrf_log_backend_uart.c...
compiling nrf_log_backend_serial.c...
compiling nrf_log_frontend.c...
compiling nrf_log_str_formatter.c...
compiling nrf_log_default_backends.c...
compiling SEGGER_RTT_Syscalls_KEIL.c...
compiling SEGGER_RTT.c...
compiling SEGGER_RTT_printf.c...
compiling nrf_esb.c...
compiling wizchip_conf.c...
compiling socket.c...
compiling w5100.c...
compiling mylog.c...
Utils\mylog.h(13): warning:  #1-D: last line of file ends without a newline
  #endif
Utils\mylog.c(16): warning:  #1-D: last line of file ends without a newline
  }
Utils\mylog.c: 2 warnings, 0 errors
assembling arm_startup_nrf52840.s...
compiling system_nrf52840.c...
compiling user_ethernet.c...
Wiznet\user_ethernet.h(7): warning:  #1295-D: Deprecated declaration wizchip_select - give arg types
  void 	wizchip_select	();
Wiznet\user_ethernet.h(8): warning:  #1295-D: Deprecated declaration wizchip_deselect - give arg types
  void 	wizchip_deselect();
Wiznet\user_ethernet.h(9): warning:  #1295-D: Deprecated declaration wizchip_read - give arg types
  uint8_t wizchip_read();
Wiznet\user_ethernet.h(13): warning:  #1295-D: Deprecated declaration user_ethernet_init - give arg types
  void user_ethernet_init	();
Wiznet\user_ethernet.h(14): warning:  #1295-D: Deprecated declaration network_init - give arg types
  void network_init		();
Wiznet\user_ethernet.c(50): warning:  #223-D: function "SEGGER_RTT_WriteString" declared implicitly
      SEGGER_RTT_WriteString(0, "W5100 memory init\r\n");
Wiznet\user_ethernet.c: 6 warnings, 0 errors
compiling user_spi.c...
linking...
Program Size: Code=11632 RO-data=624 RW-data=212 ZI-data=10508  
FromELF: creating hex file...
".\_build\nrf52840_xxaa.axf" - 0 Error(s), 28 Warning(s).

<h2>Software Packages used:</h2>

Package Vendor: ARM
                http://www.keil.com/pack/ARM.CMSIS.4.5.0.pack
                ARM.CMSIS.4.5.0
                CMSIS (Cortex Microcontroller Software Interface Standard)
   * Component: CORE Version: 4.3.0

Package Vendor: NordicSemiconductor
                http://developer.nordicsemi.com/nRF5_SDK/pieces/nRF_DeviceFamilyPack/NordicSemiconductor.nRF_DeviceFamilyPack.8.17.0.pack
                NordicSemiconductor.nRF_DeviceFamilyPack.8.17.0
                Nordic Semiconductor nRF ARM devices Device Family Pack.
   * Component: Startup Version: 8.17.0

<h2>Collection of Component include folders:</h2>
  .\RTE\_nrf52840_xxaa
  d:\Keil_v5\ARM\PACK\ARM\CMSIS\4.5.0\CMSIS\Include
  d:\Keil_v5\ARM\PACK\NordicSemiconductor\nRF_DeviceFamilyPack\8.17.0\Device\Include

<h2>Collection of Component Files used:</h2>

   * Component: NordicSemiconductor::Device:Startup:8.17.0
      Source file:   Device\Source\arm\arm_startup_nrf52840.s
      Include file:  Device\Include\system_nrf52840.h
      Source file:   Device\Source\system_nrf52840.c

   * Component: ARM::CMSIS:CORE:4.3.0
Build Time Elapsed:  00:00:38
</pre>
</body>
</html>
