Component: ARM Compiler 5.06 update 5 (build 528) Tool: armlink [4d35e2]

==============================================================================

Section Cross References

    main.o(i.compile_udp_packet) refers to printf3.o(i.__0sprintf$3) for __2sprintf
    main.o(i.compile_udp_packet) refers to segger_rtt.o(i.SEGGER_RTT_WriteString) for SEGGER_RTT_WriteString
    main.o(i.compile_udp_packet) refers to main.o(.bss) for .bss
    main.o(i.esb_init) refers to memcpya.o(.text) for __aeabi_memcpy4
    main.o(i.esb_init) refers to nrf_esb.o(i.nrf_esb_init) for nrf_esb_init
    main.o(i.esb_init) refers to nrf_esb.o(i.nrf_esb_set_base_address_0) for nrf_esb_set_base_address_0
    main.o(i.esb_init) refers to nrf_esb.o(i.nrf_esb_set_base_address_1) for nrf_esb_set_base_address_1
    main.o(i.esb_init) refers to nrf_esb.o(i.nrf_esb_set_prefixes) for nrf_esb_set_prefixes
    main.o(i.esb_init) refers to nrf_esb.o(i.nrf_esb_set_rf_channel) for nrf_esb_set_rf_channel
    main.o(i.esb_init) refers to main.o(.constdata) for .constdata
    main.o(i.esb_init) refers to main.o(i.nrf_esb_event_handler) for nrf_esb_event_handler
    main.o(i.gpio_init) refers to main.o(i.nrf_gpio_cfg_input) for nrf_gpio_cfg_input
    main.o(i.gpio_init) refers to main.o(i.nrf_delay_ms) for nrf_delay_ms
    main.o(i.gpio_init) refers to boards.o(i.bsp_board_init) for bsp_board_init
    main.o(i.main) refers to segger_rtt.o(i.SEGGER_RTT_WriteString) for SEGGER_RTT_WriteString
    main.o(i.main) refers to main.o(i.gpio_init) for gpio_init
    main.o(i.main) refers to main.o(i.welcome) for welcome
    main.o(i.main) refers to user_spi.o(i.spi0_master_init) for spi0_master_init
    main.o(i.main) refers to user_ethernet.o(i.user_ethernet_init) for user_ethernet_init
    main.o(i.main) refers to socket.o(i.socket) for socket
    main.o(i.main) refers to socket.o(i.sendto) for sendto
    main.o(i.main) refers to main.o(i.clocks_start) for clocks_start
    main.o(i.main) refers to main.o(i.esb_init) for esb_init
    main.o(i.main) refers to w5100.o(i.getSn_RX_RSR) for getSn_RX_RSR
    main.o(i.main) refers to socket.o(i.recvfrom) for recvfrom
    main.o(i.main) refers to main.o(i.size) for size
    main.o(i.main) refers to segger_rtt_printf.o(i.SEGGER_RTT_printf) for SEGGER_RTT_printf
    main.o(i.main) refers to main.o(i.transmit) for transmit
    main.o(i.main) refers to printf3.o(i.__0sprintf$3) for __2sprintf
    main.o(i.main) refers to main.o(.data) for .data
    main.o(i.main) refers to main.o(.bss) for .bss
    main.o(i.nrf_delay_ms) refers to main.o(i.nrfx_coredep_delay_us) for nrfx_coredep_delay_us
    main.o(i.nrf_esb_event_handler) refers to nrf_esb.o(i.nrf_esb_read_rx_payload) for nrf_esb_read_rx_payload
    main.o(i.nrf_esb_event_handler) refers to printf3.o(i.__0sprintf$3) for __2sprintf
    main.o(i.nrf_esb_event_handler) refers to segger_rtt.o(i.SEGGER_RTT_WriteString) for SEGGER_RTT_WriteString
    main.o(i.nrf_esb_event_handler) refers to main.o(i.nrf_gpio_pin_port_decode) for nrf_gpio_pin_port_decode
    main.o(i.nrf_esb_event_handler) refers to mylog.o(i.MYLOG) for MYLOG
    main.o(i.nrf_esb_event_handler) refers to segger_rtt_printf.o(i.SEGGER_RTT_printf) for SEGGER_RTT_printf
    main.o(i.nrf_esb_event_handler) refers to nrf_esb.o(i.nrf_esb_flush_tx) for nrf_esb_flush_tx
    main.o(i.nrf_esb_event_handler) refers to main.o(.bss) for .bss
    main.o(i.nrf_esb_event_handler) refers to main.o(.data) for .data
    main.o(i.nrf_gpio_cfg_input) refers to main.o(i.nrf_gpio_pin_port_decode) for nrf_gpio_pin_port_decode
    main.o(i.nrf_gpio_pin_write) refers to main.o(i.nrf_gpio_pin_port_decode) for nrf_gpio_pin_port_decode
    main.o(i.nrfx_coredep_delay_us) refers to main.o(.constdata) for .constdata
    main.o(i.transmit) refers to segger_rtt_printf.o(i.SEGGER_RTT_printf) for SEGGER_RTT_printf
    main.o(i.transmit) refers to main.o(i.size) for size
    main.o(i.transmit) refers to nrf_esb.o(i.nrf_esb_stop_rx) for nrf_esb_stop_rx
    main.o(i.transmit) refers to main.o(i.nrfx_coredep_delay_us) for nrfx_coredep_delay_us
    main.o(i.transmit) refers to main.o(i.esb_init) for esb_init
    main.o(i.transmit) refers to nrf_esb.o(i.nrf_esb_write_payload) for nrf_esb_write_payload
    main.o(i.transmit) refers to nrf_esb.o(i.nrf_esb_start_rx) for nrf_esb_start_rx
    main.o(i.transmit) refers to main.o(.bss) for .bss
    main.o(i.transmit) refers to main.o(.data) for .data
    main.o(i.welcome) refers to main.o(i.nrf_gpio_pin_write) for nrf_gpio_pin_write
    main.o(i.welcome) refers to main.o(i.nrf_delay_ms) for nrf_delay_ms
    boards.o(i.bsp_board_button_idx_to_pin) refers to boards.o(.constdata) for .constdata
    boards.o(i.bsp_board_button_state_get) refers to boards.o(i.nrf_gpio_pin_port_decode) for nrf_gpio_pin_port_decode
    boards.o(i.bsp_board_button_state_get) refers to boards.o(.constdata) for .constdata
    boards.o(i.bsp_board_init) refers to boards.o(i.nrf_gpio_cfg) for nrf_gpio_cfg
[...]
    Removing retarget.o(.data), (4 bytes).
    Removing retarget.o(.data), (4 bytes).
    Removing app_fifo.o(.rev16_text), (4 bytes).
    Removing app_fifo.o(.revsh_text), (4 bytes).
    Removing app_fifo.o(.rrx_text), (6 bytes).
    Removing app_fifo.o(i.app_fifo_flush), (8 bytes).
    Removing app_fifo.o(i.app_fifo_get), (22 bytes).
    Removing app_fifo.o(i.app_fifo_init), (32 bytes).
    Removing app_fifo.o(i.app_fifo_peek), (34 bytes).
    Removing app_fifo.o(i.app_fifo_put), (26 bytes).
    Removing app_fifo.o(i.app_fifo_read), (74 bytes).
    Removing app_fifo.o(i.app_fifo_write), (82 bytes).
    Removing app_fifo.o(i.fifo_get), (20 bytes).
    Removing app_fifo.o(i.fifo_put), (18 bytes).
    Removing nrf_log_backend_rtt.o(.rev16_text), (4 bytes).
    Removing nrf_log_backend_rtt.o(.revsh_text), (4 bytes).
    Removing nrf_log_backend_rtt.o(.rrx_text), (6 bytes).
    Removing nrf_log_backend_serial.o(.rev16_text), (4 bytes).
    Removing nrf_log_backend_serial.o(.revsh_text), (4 bytes).
    Removing nrf_log_backend_serial.o(.rrx_text), (6 bytes).
    Removing nrf_log_backend_uart.o(.rev16_text), (4 bytes).
    Removing nrf_log_backend_uart.o(.revsh_text), (4 bytes).
    Removing nrf_log_backend_uart.o(.rrx_text), (6 bytes).
    Removing nrf_log_default_backends.o(.rev16_text), (4 bytes).
    Removing nrf_log_default_backends.o(.revsh_text), (4 bytes).
    Removing nrf_log_default_backends.o(.rrx_text), (6 bytes).
    Removing nrf_log_frontend.o(.rev16_text), (4 bytes).
    Removing nrf_log_frontend.o(.revsh_text), (4 bytes).
    Removing nrf_log_frontend.o(.rrx_text), (6 bytes).
    Removing nrf_log_str_formatter.o(.rev16_text), (4 bytes).
    Removing nrf_log_str_formatter.o(.revsh_text), (4 bytes).
    Removing nrf_log_str_formatter.o(.rrx_text), (6 bytes).
    Removing nrf_esb.o(.rev16_text), (4 bytes).
    Removing nrf_esb.o(.revsh_text), (4 bytes).
    Removing nrf_esb.o(.rrx_text), (6 bytes).
    Removing nrf_esb.o(i.nrf_esb_enable_pipes), (24 bytes).
    Removing nrf_esb.o(i.nrf_esb_flush_rx), (56 bytes).
    Removing nrf_esb.o(i.nrf_esb_get_rf_channel), (20 bytes).
    Removing nrf_esb.o(i.nrf_esb_is_idle), (20 bytes).
    Removing nrf_esb.o(i.nrf_esb_pop_tx), (68 bytes).
    Removing nrf_esb.o(i.nrf_esb_reuse_pid), (40 bytes).
    Removing nrf_esb.o(i.nrf_esb_set_address_length), (52 bytes).
    Removing nrf_esb.o(i.nrf_esb_set_bitrate), (40 bytes).
    Removing nrf_esb.o(i.nrf_esb_set_retransmit_count), (28 bytes).
    Removing nrf_esb.o(i.nrf_esb_set_retransmit_delay), (36 bytes).
    Removing nrf_esb.o(i.nrf_esb_set_tx_power), (40 bytes).
    Removing nrf_esb.o(i.nrf_esb_start_tx), (40 bytes).
    Removing nrf_esb.o(i.nrf_esb_suspend), (36 bytes).
    Removing nrf_esb.o(i.nrf_esb_update_prefix), (44 bytes).
    Removing segger_rtt.o(.rev16_text), (4 bytes).
    Removing segger_rtt.o(.revsh_text), (4 bytes).
    Removing segger_rtt.o(.rrx_text), (6 bytes).
    Removing segger_rtt.o(i.SEGGER_RTT_AllocDownBuffer), (104 bytes).
    Removing segger_rtt.o(i.SEGGER_RTT_AllocUpBuffer), (104 bytes).
    Removing segger_rtt.o(i.SEGGER_RTT_ConfigDownBuffer), (92 bytes).
    Removing segger_rtt.o(i.SEGGER_RTT_ConfigUpBuffer), (92 bytes).
    Removing segger_rtt.o(i.SEGGER_RTT_GetKey), (28 bytes).
    Removing segger_rtt.o(i.SEGGER_RTT_HasData), (24 bytes).
    Removing segger_rtt.o(i.SEGGER_RTT_HasKey), (32 bytes).
    Removing segger_rtt.o(i.SEGGER_RTT_Init), (4 bytes).
    Removing segger_rtt.o(i.SEGGER_RTT_PutChar), (88 bytes).
    Removing segger_rtt.o(i.SEGGER_RTT_PutCharSkip), (76 bytes).
    Removing segger_rtt.o(i.SEGGER_RTT_PutCharSkipNoLock), (52 bytes).
    Removing segger_rtt.o(i.SEGGER_RTT_Read), (36 bytes).
    Removing segger_rtt.o(i.SEGGER_RTT_ReadNoLock), (120 bytes).
    Removing segger_rtt.o(i.SEGGER_RTT_SetFlagsDownBuffer), (60 bytes).
    Removing segger_rtt.o(i.SEGGER_RTT_SetFlagsUpBuffer), (60 bytes).
    Removing segger_rtt.o(i.SEGGER_RTT_SetNameDownBuffer), (60 bytes).
    Removing segger_rtt.o(i.SEGGER_RTT_SetNameUpBuffer), (60 bytes).
    Removing segger_rtt.o(i.SEGGER_RTT_SetTerminal), (128 bytes).
    Removing segger_rtt.o(i.SEGGER_RTT_TerminalOut), (168 bytes).
    Removing segger_rtt.o(i.SEGGER_RTT_WaitKey), (14 bytes).
    Removing segger_rtt.o(i.SEGGER_RTT_WriteSkipNoLock), (116 bytes).
    Removing segger_rtt.o(i.SEGGER_RTT_WriteWithOverwriteNoLock), (148 bytes).
    Removing segger_rtt.o(i._PostTerminalSwitch), (32 bytes).
    Removing segger_rtt.o(.data), (17 bytes).
    Removing segger_rtt_printf.o(.rev16_text), (4 bytes).
    Removing segger_rtt_printf.o(.revsh_text), (4 bytes).
    Removing segger_rtt_printf.o(.rrx_text), (6 bytes).
    Removing socket.o(i.connect), (264 bytes).
    Removing socket.o(i.ctlsocket), (156 bytes).
    Removing socket.o(i.disconnect), (144 bytes).
    Removing socket.o(i.getsockopt), (240 bytes).
    Removing socket.o(i.listen), (126 bytes).
    Removing socket.o(i.recv), (260 bytes).
    Removing socket.o(i.send), (296 bytes).
    Removing socket.o(i.setsockopt), (128 bytes).
    Removing wizchip_conf.o(i.reg_wizchip_bus_cbfunc), (44 bytes).
    Removing wizchip_conf.o(i.reg_wizchip_cris_cbfunc), (36 bytes).
    Removing wizchip_conf.o(i.reg_wizchip_spiburst_cbfunc), (44 bytes).
    Removing wizchip_conf.o(i.wizchip_spi_readburst), (2 bytes).
    Removing wizchip_conf.o(i.wizchip_spi_writeburst), (2 bytes).
    Removing wizchip_conf.o(i.wizphy_getphylink), (6 bytes).
    Removing user_ethernet.o(.rev16_text), (4 bytes).
    Removing user_ethernet.o(.revsh_text), (4 bytes).
    Removing user_ethernet.o(.rrx_text), (6 bytes).
    Removing user_spi.o(.rev16_text), (4 bytes).
    Removing user_spi.o(.revsh_text), (4 bytes).
    Removing user_spi.o(.rrx_text), (6 bytes).
    Removing user_spi.o(i.spi_master_tx_rx), (156 bytes).
    Removing arm_startup_nrf52840.o(HEAP), (8192 bytes).
    Removing system_nrf52840.o(.rev16_text), (4 bytes).
    Removing system_nrf52840.o(.revsh_text), (4 bytes).
    Removing system_nrf52840.o(.rrx_text), (6 bytes).
    Removing system_nrf52840.o(i.SystemCoreClockUpdate), (16 bytes).
    Removing dadd.o(.text), (334 bytes).
    Removing dmul.o(.text), (228 bytes).
    Removing ddiv.o(.text), (222 bytes).
    Removing dfixul.o(.text), (48 bytes).
    Removing cdrcmple.o(.text), (48 bytes).
    Removing depilogue.o(.text), (186 bytes).

322 unused section(s) (total 23196 bytes) removed from the image.

==============================================================================

Image Symbol Table

    Local Symbols

    Symbol Name                              Value     Ov Type        Size  Object(Section)

    RESET                                    0x00000000   Section      512  arm_startup_nrf52840.o(RESET)
    ../clib/microlib/division.c              0x00000000   Number         0  uldiv.o ABSOLUTE
    ../clib/microlib/division.c              0x00000000   Number         0  uidiv.o ABSOLUTE
    ../clib/microlib/init/entry.s            0x00000000   Number         0  entry8a.o ABSOLUTE
    ../clib/microlib/init/entry.s            0x00000000   Number         0  entry10a.o ABSOLUTE
    ../clib/microlib/init/entry.s            0x00000000   Number         0  entry7b.o ABSOLUTE
    ../clib/microlib/init/entry.s            0x00000000   Number         0  entry.o ABSOLUTE
    ../clib/microlib/init/entry.s            0x00000000   Number         0  entry7a.o ABSOLUTE
    ../clib/microlib/init/entry.s            0x00000000   Number         0  entry2.o ABSOLUTE
    ../clib/microlib/init/entry.s            0x00000000   Number         0  entry10b.o ABSOLUTE
    ../clib/microlib/init/entry.s            0x00000000   Number         0  entry11a.o ABSOLUTE
    ../clib/microlib/init/entry.s            0x00000000   Number         0  entry5.o ABSOLUTE
    ../clib/microlib/init/entry.s            0x00000000   Number         0  entry11b.o ABSOLUTE
    ../clib/microlib/init/entry.s            0x00000000   Number         0  entry9b.o ABSOLUTE
    ../clib/microlib/init/entry.s            0x00000000   Number         0  entry9a.o ABSOLUTE
    ../clib/microlib/init/entry.s            0x00000000   Number         0  entry8b.o ABSOLUTE
    ../clib/microlib/longlong.c              0x00000000   Number         0  llsshr.o ABSOLUTE
    ../clib/microlib/longlong.c              0x00000000   Number         0  llushr.o ABSOLUTE
    ../clib/microlib/longlong.c              0x00000000   Number         0  llshl.o ABSOLUTE
    ../clib/microlib/printf/printf.c         0x00000000   Number         0  printf7.o ABSOLUTE
    ../clib/microlib/printf/printf.c         0x00000000   Number         0  printf3.o ABSOLUTE
    ../clib/microlib/printf/printf.c         0x00000000   Number         0  printf4.o ABSOLUTE
    ../clib/microlib/printf/printf.c         0x00000000   Number         0  printf5.o ABSOLUTE
    ../clib/microlib/printf/printf.c         0x00000000   Number         0  printf6.o ABSOLUTE
    ../clib/microlib/printf/printf.c         0x00000000   Number         0  printf8.o ABSOLUTE
    ../clib/microlib/printf/printf.c         0x00000000   Number         0  printfa.o ABSOLUTE
    ../clib/microlib/printf/printf.c         0x00000000   Number         0  printf2.o ABSOLUTE
    ../clib/microlib/printf/printf.c         0x00000000   Number         0  printfb.o ABSOLUTE
    ../clib/microlib/printf/printf.c         0x00000000   Number         0  printf0.o ABSOLUTE
    ../clib/microlib/printf/printf.c         0x00000000   Number         0  printf1.o ABSOLUTE
    ../clib/microlib/printf/stubs.s          0x00000000   Number         0  stubs.o ABSOLUTE
    ../clib/microlib/string/memcpy.c         0x00000000   Number         0  memcpyb.o ABSOLUTE
    ../clib/microlib/string/memcpy.c         0x00000000   Number         0  memcpya.o ABSOLUTE
    ../clib/microlib/string/memset.c         0x00000000   Number         0  memseta.o ABSOLUTE
    ../clib/microlib/string/strcpy.c         0x00000000   Number         0  strcpy.o ABSOLUTE
    ../clib/microlib/string/strlen.c         0x00000000   Number         0  strlen.o ABSOLUTE
    ../clib/microlib/stubs.s                 0x00000000   Number         0  iusefp.o ABSOLUTE
    ../fplib/microlib/fpadd.c                0x00000000   Number         0  dadd.o ABSOLUTE
    ../fplib/microlib/fpdiv.c                0x00000000   Number         0  ddiv.o ABSOLUTE
    ../fplib/microlib/fpepilogue.c           0x00000000   Number         0  depilogue.o ABSOLUTE
    ../fplib/microlib/fpfix.c                0x00000000   Number         0  dfixul.o ABSOLUTE
    ../fplib/microlib/fpmul.c                0x00000000   Number         0  dmul.o ABSOLUTE
    ..\..\..\..\..\..\components\boards\boards.c 0x00000000   Number         0  boards.o ABSOLUTE
    ..\..\..\..\..\..\components\libraries\atomic\nrf_atomic.c 0x00000000   Number         0  nrf_atomic.o ABSOLUTE
    ..\..\..\..\..\..\components\libraries\balloc\nrf_balloc.c 0x00000000   Number         0  nrf_balloc.o ABSOLUTE
    ..\..\..\..\..\..\components\libraries\fifo\app_fifo.c 0x00000000   Number         0  app_fifo.o ABSOLUTE
    ..\..\..\..\..\..\components\libraries\log\src\nrf_log_backend_rtt.c 0x00000000   Number         0  nrf_log_backend_rtt.o ABSOLUTE
    ..\..\..\..\..\..\components\libraries\log\src\nrf_log_backend_serial.c 0x00000000   Number         0  nrf_log_backend_serial.o ABSOLUTE
    ..\..\..\..\..\..\components\libraries\log\src\nrf_log_backend_uart.c 0x00000000   Number         0  nrf_log_backend_uart.o ABSOLUTE
    ..\..\..\..\..\..\components\libraries\log\src\nrf_log_default_backends.c 0x00000000   Number         0  nrf_log_default_backends.o ABSOLUTE
    ..\..\..\..\..\..\components\libraries\log\src\nrf_log_frontend.c 0x00000000   Number         0  nrf_log_frontend.o ABSOLUTE
    ..\..\..\..\..\..\components\libraries\log\src\nrf_log_str_formatter.c 0x00000000   Number         0  nrf_log_str_formatter.o ABSOLUTE
    ..\..\..\..\..\..\components\libraries\memobj\nrf_memobj.c 0x00000000   Number         0  nrf_memobj.o ABSOLUTE
    ..\..\..\..\..\..\components\libraries\ringbuf\nrf_ringbuf.c 0x00000000   Number         0  nrf_ringbuf.o ABSOLUTE
    ..\..\..\..\..\..\components\libraries\strerror\nrf_strerror.c 0x00000000   Number         0  nrf_strerror.o ABSOLUTE
    ..\..\..\..\..\..\components\libraries\uart\app_uart_fifo.c 0x00000000   Number         0  app_uart_fifo.o ABSOLUTE
    ..\..\..\..\..\..\components\libraries\uart\retarget.c 0x00000000   Number         0  retarget.o ABSOLUTE
    ..\..\..\..\..\..\components\libraries\util\app_error.c 0x00000000   Number         0  app_error.o ABSOLUTE
    ..\..\..\..\..\..\components\libraries\util\app_error_handler_keil.c 0x00000000   Number         0  app_error_handler_keil.o ABSOLUTE
    ..\..\..\..\..\..\components\libraries\util\app_error_weak.c 0x00000000   Number         0  app_error_weak.o ABSOLUTE
    ..\..\..\..\..\..\components\libraries\util\app_util_platform.c 0x00000000   Number         0  app_util_platform.o ABSOLUTE
    ..\..\..\..\..\..\components\libraries\util\nrf_assert.c 0x00000000   Number         0  nrf_assert.o ABSOLUTE
    ..\..\..\..\..\..\external\fprintf\nrf_fprintf.c 0x00000000   Number         0  nrf_fprintf.o ABSOLUTE
    ..\..\..\..\..\..\external\fprintf\nrf_fprintf_format.c 0x00000000   Number         0  nrf_fprintf_format.o ABSOLUTE
    ..\..\..\..\..\..\external\segger_rtt\SEGGER_RTT.c 0x00000000   Number         0  segger_rtt.o ABSOLUTE
    ..\..\..\..\..\..\external\segger_rtt\SEGGER_RTT_Syscalls_KEIL.c 0x00000000   Number         0  segger_rtt_syscalls_keil.o ABSOLUTE
    ..\..\..\..\..\..\external\segger_rtt\SEGGER_RTT_printf.c 0x00000000   Number         0  segger_rtt_printf.o ABSOLUTE
    ..\..\..\components\proprietary_rf\esb\nrf_esb.c 0x00000000   Number         0  nrf_esb.o ABSOLUTE
    ..\..\..\integration\nrfx\legacy\nrf_drv_uart.c 0x00000000   Number         0  nrf_drv_uart.o ABSOLUTE
    ..\..\..\main.c                          0x00000000   Number         0  main.o ABSOLUTE
    ..\..\..\modules\nrfx\drivers\src\nrfx_uart.c 0x00000000   Number         0  nrfx_uart.o ABSOLUTE
    ..\..\..\modules\nrfx\drivers\src\nrfx_uarte.c 0x00000000   Number         0  nrfx_uarte.o ABSOLUTE
    ..\..\..\modules\nrfx\drivers\src\prs\nrfx_prs.c 0x00000000   Number         0  nrfx_prs.o ABSOLUTE
    ..\\..\\..\\..\\..\\..\\components\\boards\\boards.c 0x00000000   Number         0  boards.o ABSOLUTE
    ..\\..\\..\\..\\..\\..\\components\\libraries\\atomic\\nrf_atomic.c 0x00000000   Number         0  nrf_atomic.o ABSOLUTE
    ..\\..\\..\\..\\..\\..\\components\\libraries\\balloc\\nrf_balloc.c 0x00000000   Number         0  nrf_balloc.o ABSOLUTE
    ..\\..\\..\\..\\..\\..\\components\\libraries\\fifo\\app_fifo.c 0x00000000   Number         0  app_fifo.o ABSOLUTE
    ..\\..\\..\\..\\..\\..\\components\\libraries\\log\\src\\nrf_log_backend_rtt.c 0x00000000   Number         0  nrf_log_backend_rtt.o ABSOLUTE
    ..\\..\\..\\..\\..\\..\\components\\libraries\\log\\src\\nrf_log_backend_serial.c 0x00000000   Number         0  nrf_log_backend_serial.o ABSOLUTE
    ..\\..\\..\\..\\..\\..\\components\\libraries\\log\\src\\nrf_log_backend_uart.c 0x00000000   Number         0  nrf_log_backend_uart.o ABSOLUTE
    ..\\..\\..\\..\\..\\..\\components\\libraries\\log\\src\\nrf_log_default_backends.c 0x00000000   Number         0  nrf_log_default_backends.o ABSOLUTE
    ..\\..\\..\\..\\..\\..\\components\\libraries\\log\\src\\nrf_log_frontend.c 0x00000000   Number         0  nrf_log_frontend.o ABSOLUTE
    ..\\..\\..\\..\\..\\..\\components\\libraries\\log\\src\\nrf_log_str_formatter.c 0x00000000   Number         0  nrf_log_str_formatter.o ABSOLUTE
    ..\\..\\..\\..\\..\\..\\components\\libraries\\memobj\\nrf_memobj.c 0x00000000   Number         0  nrf_memobj.o ABSOLUTE
    ..\\..\\..\\..\\..\\..\\components\\libraries\\ringbuf\\nrf_ringbuf.c 0x00000000   Number         0  nrf_ringbuf.o ABSOLUTE
    ..\\..\\..\\..\\..\\..\\components\\libraries\\strerror\\nrf_strerror.c 0x00000000   Number         0  nrf_strerror.o ABSOLUTE
    ..\\..\\..\\..\\..\\..\\components\\libraries\\uart\\app_uart_fifo.c 0x00000000   Number         0  app_uart_fifo.o ABSOLUTE
    ..\\..\\..\\..\\..\\..\\components\\libraries\\uart\\retarget.c 0x00000000   Number         0  retarget.o ABSOLUTE
    ..\\..\\..\\..\\..\\..\\components\\libraries\\util\\app_error.c 0x00000000   Number         0  app_error.o ABSOLUTE
    ..\\..\\..\\..\\..\\..\\components\\libraries\\util\\app_error_handler_keil.c 0x00000000   Number         0  app_error_handler_keil.o ABSOLUTE
    ..\\..\\..\\..\\..\\..\\components\\libraries\\util\\app_error_weak.c 0x00000000   Number         0  app_error_weak.o ABSOLUTE
    ..\\..\\..\\..\\..\\..\\components\\libraries\\util\\app_util_platform.c 0x00000000   Number         0  app_util_platform.o ABSOLUTE
    ..\\..\\..\\..\\..\\..\\components\\libraries\\util\\nrf_assert.c 0x00000000   Number         0  nrf_assert.o ABSOLUTE
    ..\\..\\..\\..\\..\\..\\external\\fprintf\\nrf_fprintf.c 0x00000000   Number         0  nrf_fprintf.o ABSOLUTE
    ..\\..\\..\\..\\..\\..\\external\\fprintf\\nrf_fprintf_format.c 0x00000000   Number         0  nrf_fprintf_format.o ABSOLUTE
    ..\\..\\..\\..\\..\\..\\external\\segger_rtt\\SEGGER_RTT.c 0x00000000   Number         0  segger_rtt.o ABSOLUTE
    ..\\..\\..\\..\\..\\..\\external\\segger_rtt\\SEGGER_RTT_printf.c 0x00000000   Number         0  segger_rtt_printf.o ABSOLUTE
    ..\\..\\..\\components\\proprietary_rf\\esb\\nrf_esb.c 0x00000000   Number         0  nrf_esb.o ABSOLUTE
    ..\\..\\..\\integration\\nrfx\\legacy\\nrf_drv_uart.c 0x00000000   Number         0  nrf_drv_uart.o ABSOLUTE
    ..\\..\\..\\main.c                       0x00000000   Number         0  main.o ABSOLUTE
    ..\\..\\..\\modules\\nrfx\\drivers\\src\\nrfx_uart.c 0x00000000   Number         0  nrfx_uart.o ABSOLUTE
    ..\\..\\..\\modules\\nrfx\\drivers\\src\\nrfx_uarte.c 0x00000000   Number         0  nrfx_uarte.o ABSOLUTE
    ..\\..\\..\\modules\\nrfx\\drivers\\src\\prs\\nrfx_prs.c 0x00000000   Number         0  nrfx_prs.o ABSOLUTE
    RTE\Device\nRF52840_xxAA\arm_startup_nrf52840.s 0x00000000   Number         0  arm_startup_nrf52840.o ABSOLUTE
    RTE\Device\nRF52840_xxAA\system_nrf52840.c 0x00000000   Number         0  system_nrf52840.o ABSOLUTE
    RTE\\Device\\nRF52840_xxAA\\system_nrf52840.c 0x00000000   Number         0  system_nrf52840.o ABSOLUTE
    Utils\mylog.c                            0x00000000   Number         0  mylog.o ABSOLUTE
    Wiznet\\user_ethernet.c                  0x00000000   Number         0  user_ethernet.o ABSOLUTE
    Wiznet\\user_spi.c                       0x00000000   Number         0  user_spi.o ABSOLUTE
    Wiznet\ioLibrary_Driver\Ethernet\W5100\w5100.c 0x00000000   Number         0  w5100.o ABSOLUTE
    Wiznet\ioLibrary_Driver\Ethernet\socket.c 0x00000000   Number         0  socket.o ABSOLUTE
    Wiznet\ioLibrary_Driver\Ethernet\wizchip_conf.c 0x00000000   Number         0  wizchip_conf.o ABSOLUTE
    Wiznet\user_ethernet.c                   0x00000000   Number         0  user_ethernet.o ABSOLUTE
    Wiznet\user_spi.c                        0x00000000   Number         0  user_spi.o ABSOLUTE
    cdrcmple.s                               0x00000000   Number         0  cdrcmple.o ABSOLUTE
    dc.s                                     0x00000000   Number         0  dc.o ABSOLUTE
    handlers.s                               0x00000000   Number         0  handlers.o ABSOLUTE
    init.s                                   0x00000000   Number         0  init.o ABSOLUTE
    .ARM.Collect$$$$00000000                 0x00000200   Section        0  entry.o(.ARM.Collect$$$$00000000)
    .ARM.Collect$$$$00000001                 0x00000200   Section        4  entry2.o(.ARM.Collect$$$$00000001)
    .ARM.Collect$$$$00000004                 0x00000204   Section        4  entry5.o(.ARM.Collect$$$$00000004)
    .ARM.Collect$$$$00000008                 0x00000208   Section        0  entry7b.o(.ARM.Collect$$$$00000008)
    .ARM.Collect$$$$0000000A                 0x00000208   Section        0  entry8b.o(.ARM.Collect$$$$0000000A)
    .ARM.Collect$$$$0000000B                 0x00000208   Section        8  entry9a.o(.ARM.Collect$$$$0000000B)
    .ARM.Collect$$$$0000000D                 0x00000210   Section        0  entry10a.o(.ARM.Collect$$$$0000000D)
    .ARM.Collect$$$$0000000F                 0x00000210   Section        0  entry11a.o(.ARM.Collect$$$$0000000F)
    .ARM.Collect$$$$00002712                 0x00000210   Section        4  entry2.o(.ARM.Collect$$$$00002712)
    __lit__00000000                          0x00000210   Data           4  entry2.o(.ARM.Collect$$$$00002712)
    .text                                    0x00000214   Section       36  arm_startup_nrf52840.o(.text)
    $v0                                      0x00000214   Number         0  arm_startup_nrf52840.o(.text)
    .text                                    0x00000238   Section        0  memcpya.o(.text)
    .text                                    0x0000025c   Section        0  memseta.o(.text)
    .text                                    0x00000280   Section        0  strlen.o(.text)
    .text                                    0x0000028e   Section        0  strcpy.o(.text)
    .text                                    0x000002a0   Section        0  uidiv.o(.text)
    .text                                    0x000002cc   Section       36  init.o(.text)
    i.MYLOG                                  0x000002f0   Section        0  mylog.o(i.MYLOG)
    i.NVIC_ClearPendingIRQ                   0x00000314   Section        0  nrf_esb.o(i.NVIC_ClearPendingIRQ)
    NVIC_ClearPendingIRQ                     0x00000315   Thumb Code    22  nrf_esb.o(i.NVIC_ClearPendingIRQ)
    i.NVIC_DisableIRQ                        0x0000032a   Section        0  nrf_esb.o(i.NVIC_DisableIRQ)
    NVIC_DisableIRQ                          0x0000032b   Thumb Code    22  nrf_esb.o(i.NVIC_DisableIRQ)
    i.NVIC_EnableIRQ                         0x00000340   Section        0  nrf_esb.o(i.NVIC_EnableIRQ)
    NVIC_EnableIRQ                           0x00000341   Thumb Code    22  nrf_esb.o(i.NVIC_EnableIRQ)
    i.NVIC_SetPendingIRQ                     0x00000356   Section        0  nrf_esb.o(i.NVIC_SetPendingIRQ)
    NVIC_SetPendingIRQ                       0x00000357   Thumb Code    22  nrf_esb.o(i.NVIC_SetPendingIRQ)
    i.NVIC_SetPriority                       0x0000036c   Section        0  nrf_esb.o(i.NVIC_SetPriority)
    NVIC_SetPriority                         0x0000036d   Thumb Code    32  nrf_esb.o(i.NVIC_SetPriority)
    i.RADIO_IRQHandler                       0x0000038c   Section        0  nrf_esb.o(i.RADIO_IRQHandler)
    i.SEGGER_RTT_Write                       0x000003e8   Section        0  segger_rtt.o(i.SEGGER_RTT_Write)
    i.SEGGER_RTT_WriteNoLock                 0x0000041c   Section        0  segger_rtt.o(i.SEGGER_RTT_WriteNoLock)
    i.SEGGER_RTT_WriteString                 0x00000478   Section        0  segger_rtt.o(i.SEGGER_RTT_WriteString)
    i.SEGGER_RTT_printf                      0x00000492   Section        0  segger_rtt_printf.o(i.SEGGER_RTT_printf)
    i.SEGGER_RTT_vprintf                     0x000004a8   Section        0  segger_rtt_printf.o(i.SEGGER_RTT_vprintf)
    i.SWI0_EGU0_IRQHandler                   0x00000640   Section        0  nrf_esb.o(i.SWI0_EGU0_IRQHandler)
    i.SystemInit                             0x00000698   Section        0  system_nrf52840.o(i.SystemInit)
    i.UARTE0_UART0_IRQHandler                0x00000874   Section        0  nrfx_prs.o(i.UARTE0_UART0_IRQHandler)
    i.WIZCHIP_READ                           0x00000880   Section        0  w5100.o(i.WIZCHIP_READ)
    i.WIZCHIP_READ_BUF                       0x000008b8   Section        0  w5100.o(i.WIZCHIP_READ_BUF)
    i.WIZCHIP_WRITE                          0x00000910   Section        0  w5100.o(i.WIZCHIP_WRITE)
    i.WIZCHIP_WRITE_BUF                      0x0000094c   Section        0  w5100.o(i.WIZCHIP_WRITE_BUF)
    i._DoInit                                0x000009a4   Section        0  segger_rtt.o(i._DoInit)
    _DoInit                                  0x000009a5   Thumb Code    76  segger_rtt.o(i._DoInit)
    i._GetAvailWriteSpace                    0x00000a0c   Section        0  segger_rtt.o(i._GetAvailWriteSpace)
    _GetAvailWriteSpace                      0x00000a0d   Thumb Code    22  segger_rtt.o(i._GetAvailWriteSpace)
    i._PrintInt                              0x00000a24   Section        0  segger_rtt_printf.o(i._PrintInt)
    _PrintInt                                0x00000a25   Thumb Code   198  segger_rtt_printf.o(i._PrintInt)
    i._PrintUnsigned                         0x00000aec   Section        0  segger_rtt_printf.o(i._PrintUnsigned)
    _PrintUnsigned                           0x00000aed   Thumb Code   206  segger_rtt_printf.o(i._PrintUnsigned)
    i._StoreChar                             0x00000bc0   Section        0  segger_rtt_printf.o(i._StoreChar)
    _StoreChar                               0x00000bc1   Thumb Code    62  segger_rtt_printf.o(i._StoreChar)
    i._WriteBlocking                         0x00000bfe   Section        0  segger_rtt.o(i._WriteBlocking)
    _WriteBlocking                           0x00000bff   Thumb Code    90  segger_rtt.o(i._WriteBlocking)
    i._WriteNoCheck                          0x00000c58   Section        0  segger_rtt.o(i._WriteNoCheck)
    _WriteNoCheck                            0x00000c59   Thumb Code    66  segger_rtt.o(i._WriteNoCheck)
    i.__0sprintf$3                           0x00000c9c   Section        0  printf3.o(i.__0sprintf$3)
    i.__scatterload_copy                     0x00000cc4   Section       14  handlers.o(i.__scatterload_copy)
    i.__scatterload_null                     0x00000cd2   Section        2  handlers.o(i.__scatterload_null)
    i.__scatterload_zeroinit                 0x00000cd4   Section       14  handlers.o(i.__scatterload_zeroinit)
    i._printf_core                           0x00000ce4   Section        0  printf3.o(i._printf_core)
    _printf_core                             0x00000ce5   Thumb Code   436  printf3.o(i._printf_core)
    i._sputc                                 0x00000e9c   Section        0  printf3.o(i._sputc)
    _sputc                                   0x00000e9d   Thumb Code    10  printf3.o(i._sputc)
    i.addr_conv                              0x00000ea6   Section        0  nrf_esb.o(i.addr_conv)
    addr_conv                                0x00000ea7   Thumb Code    12  nrf_esb.o(i.addr_conv)
    i.app_util_critical_region_enter         0x00000eb2   Section        0  app_util_platform.o(i.app_util_critical_region_enter)
    i.app_util_critical_region_exit          0x00000eb6   Section        0  app_util_platform.o(i.app_util_critical_region_exit)
    i.app_util_disable_irq                   0x00000ebc   Section        0  app_util_platform.o(i.app_util_disable_irq)
    i.app_util_enable_irq                    0x00000ecc   Section        0  app_util_platform.o(i.app_util_enable_irq)
    i.bsp_board_init                         0x00000ee0   Section        0  boards.o(i.bsp_board_init)
    i.bsp_board_led_off                      0x00000f34   Section        0  boards.o(i.bsp_board_led_off)
    i.bsp_board_leds_off                     0x00000f44   Section        0  boards.o(i.bsp_board_leds_off)
    i.bytewise_bit_swap                      0x00000f56   Section        0  nrf_esb.o(i.bytewise_bit_swap)
    bytewise_bit_swap                        0x00000f57   Thumb Code    10  nrf_esb.o(i.bytewise_bit_swap)
    i.clear_events_restart_rx                0x00000f60   Section        0  nrf_esb.o(i.clear_events_restart_rx)
    clear_events_restart_rx                  0x00000f61   Thumb Code    62  nrf_esb.o(i.clear_events_restart_rx)
    i.clocks_start                           0x00000fb4   Section        0  main.o(i.clocks_start)
    i.close                                  0x00000fd0   Section        0  socket.o(i.close)
    i.ctlnetwork                             0x00001040   Section        0  wizchip_conf.o(i.ctlnetwork)
    i.ctlwizchip                             0x0000108c   Section        0  wizchip_conf.o(i.ctlwizchip)
    i.esb_init                               0x00001100   Section        0  main.o(i.esb_init)
    i.getSn_RX_RSR                           0x000011b0   Section        0  w5100.o(i.getSn_RX_RSR)
    i.getSn_RxBASE                           0x000011fa   Section        0  w5100.o(i.getSn_RxBASE)
    i.getSn_TX_FSR                           0x00001236   Section        0  w5100.o(i.getSn_TX_FSR)
    i.getSn_TxBASE                           0x00001280   Section        0  w5100.o(i.getSn_TxBASE)
    i.gpio_init                              0x000012bc   Section        0  main.o(i.gpio_init)
    i.main                                   0x000012f0   Section        0  main.o(i.main)
    i.network_init                           0x00001488   Section        0  user_ethernet.o(i.network_init)
    i.nrf_delay_ms                           0x000014a8   Section        0  main.o(i.nrf_delay_ms)
    nrf_delay_ms                             0x000014a9   Thumb Code    22  main.o(i.nrf_delay_ms)
    i.nrf_esb_disable                        0x000014c0   Section        0  nrf_esb.o(i.nrf_esb_disable)
    i.nrf_esb_event_handler                  0x00001504   Section        0  main.o(i.nrf_esb_event_handler)
    i.nrf_esb_flush_tx                       0x000015f0   Section        0  nrf_esb.o(i.nrf_esb_flush_tx)
    i.nrf_esb_init                           0x00001620   Section        0  nrf_esb.o(i.nrf_esb_init)
    i.nrf_esb_read_rx_payload                0x00001770   Section        0  nrf_esb.o(i.nrf_esb_read_rx_payload)
    i.nrf_esb_set_base_address_0             0x000017f8   Section        0  nrf_esb.o(i.nrf_esb_set_base_address_0)
    i.nrf_esb_set_base_address_1             0x0000181c   Section        0  nrf_esb.o(i.nrf_esb_set_base_address_1)
    i.nrf_esb_set_prefixes                   0x00001840   Section        0  nrf_esb.o(i.nrf_esb_set_prefixes)
    i.nrf_esb_set_rf_channel                 0x00001888   Section        0  nrf_esb.o(i.nrf_esb_set_rf_channel)
    i.nrf_esb_skip_tx                        0x000018a8   Section        0  nrf_esb.o(i.nrf_esb_skip_tx)
    i.nrf_esb_start_rx                       0x000018ec   Section        0  nrf_esb.o(i.nrf_esb_start_rx)
    i.nrf_esb_stop_rx                        0x0000196c   Section        0  nrf_esb.o(i.nrf_esb_stop_rx)
    i.nrf_esb_write_payload                  0x000019ac   Section        0  nrf_esb.o(i.nrf_esb_write_payload)
    i.nrf_gpio_cfg                           0x00001a58   Section        0  boards.o(i.nrf_gpio_cfg)
    nrf_gpio_cfg                             0x00001a59   Thumb Code    50  boards.o(i.nrf_gpio_cfg)
    i.nrf_gpio_cfg                           0x00001a8a   Section        0  user_spi.o(i.nrf_gpio_cfg)
    nrf_gpio_cfg                             0x00001a8b   Thumb Code    50  user_spi.o(i.nrf_gpio_cfg)
    i.nrf_gpio_cfg_input                     0x00001abc   Section        0  main.o(i.nrf_gpio_cfg_input)
    nrf_gpio_cfg_input                       0x00001abd   Thumb Code    30  main.o(i.nrf_gpio_cfg_input)
    i.nrf_gpio_cfg_output                    0x00001ada   Section        0  user_spi.o(i.nrf_gpio_cfg_output)
    nrf_gpio_cfg_output                      0x00001adb   Thumb Code    20  user_spi.o(i.nrf_gpio_cfg_output)
    i.nrf_gpio_pin_port_decode               0x00001af0   Section        0  main.o(i.nrf_gpio_pin_port_decode)
    nrf_gpio_pin_port_decode                 0x00001af1   Thumb Code    22  main.o(i.nrf_gpio_pin_port_decode)
    i.nrf_gpio_pin_port_decode               0x00001b0c   Section        0  boards.o(i.nrf_gpio_pin_port_decode)
    nrf_gpio_pin_port_decode                 0x00001b0d   Thumb Code    22  boards.o(i.nrf_gpio_pin_port_decode)
    i.nrf_gpio_pin_port_decode               0x00001b28   Section        0  user_ethernet.o(i.nrf_gpio_pin_port_decode)
    nrf_gpio_pin_port_decode                 0x00001b29   Thumb Code    22  user_ethernet.o(i.nrf_gpio_pin_port_decode)
    i.nrf_gpio_pin_port_decode               0x00001b44   Section        0  user_spi.o(i.nrf_gpio_pin_port_decode)
    nrf_gpio_pin_port_decode                 0x00001b45   Thumb Code    22  user_spi.o(i.nrf_gpio_pin_port_decode)
    i.nrf_gpio_pin_set                       0x00001b60   Section        0  user_spi.o(i.nrf_gpio_pin_set)
    nrf_gpio_pin_set                         0x00001b61   Thumb Code    20  user_spi.o(i.nrf_gpio_pin_set)
    i.nrf_gpio_pin_write                     0x00001b74   Section        0  main.o(i.nrf_gpio_pin_write)
    nrf_gpio_pin_write                       0x00001b75   Thumb Code    38  main.o(i.nrf_gpio_pin_write)
    i.nrf_gpio_pin_write                     0x00001b9a   Section        0  boards.o(i.nrf_gpio_pin_write)
    nrf_gpio_pin_write                       0x00001b9b   Thumb Code    38  boards.o(i.nrf_gpio_pin_write)
    i.nrfx_coredep_delay_us                  0x00001bc0   Section        0  main.o(i.nrfx_coredep_delay_us)
    nrfx_coredep_delay_us                    0x00001bc1   Thumb Code    12  main.o(i.nrfx_coredep_delay_us)
    i.on_radio_disabled_rx                   0x00001bd0   Section        0  nrf_esb.o(i.on_radio_disabled_rx)
    on_radio_disabled_rx                     0x00001bd1   Thumb Code   346  nrf_esb.o(i.on_radio_disabled_rx)
    i.on_radio_disabled_rx_ack               0x00001d4c   Section        0  nrf_esb.o(i.on_radio_disabled_rx_ack)
    on_radio_disabled_rx_ack                 0x00001d4d   Thumb Code    40  nrf_esb.o(i.on_radio_disabled_rx_ack)
    i.on_radio_disabled_tx                   0x00001d8c   Section        0  nrf_esb.o(i.on_radio_disabled_tx)
    on_radio_disabled_tx                     0x00001d8d   Thumb Code    90  nrf_esb.o(i.on_radio_disabled_tx)
    i.on_radio_disabled_tx_noack             0x00001e0c   Section        0  nrf_esb.o(i.on_radio_disabled_tx_noack)
    on_radio_disabled_tx_noack               0x00001e0d   Thumb Code    50  nrf_esb.o(i.on_radio_disabled_tx_noack)
    i.on_radio_disabled_tx_wait_for_ack      0x00001e48   Section        0  nrf_esb.o(i.on_radio_disabled_tx_wait_for_ack)
    on_radio_disabled_tx_wait_for_ack        0x00001e49   Thumb Code   268  nrf_esb.o(i.on_radio_disabled_tx_wait_for_ack)
    i.recvfrom                               0x00001f7c   Section        0  socket.o(i.recvfrom)
    i.reg_wizchip_cs_cbfunc                  0x00002194   Section        0  wizchip_conf.o(i.reg_wizchip_cs_cbfunc)
    i.reg_wizchip_spi_cbfunc                 0x000021b8   Section        0  wizchip_conf.o(i.reg_wizchip_spi_cbfunc)
    i.reset_fifos                            0x000021e4   Section        0  nrf_esb.o(i.reset_fifos)
    reset_fifos                              0x000021e5   Thumb Code    22  nrf_esb.o(i.reset_fifos)
    i.rx_fifo_push_rfbuf                     0x00002200   Section        0  nrf_esb.o(i.rx_fifo_push_rfbuf)
    rx_fifo_push_rfbuf                       0x00002201   Thumb Code   144  nrf_esb.o(i.rx_fifo_push_rfbuf)
    i.sendto                                 0x00002298   Section        0  socket.o(i.sendto)
    i.size                                   0x00002454   Section        0  main.o(i.size)
    i.socket                                 0x00002468   Section        0  socket.o(i.socket)
    i.spi0_master_init                       0x00002570   Section        0  user_spi.o(i.spi0_master_init)
    i.spi_master_init                        0x0000258c   Section        0  user_spi.o(i.spi_master_init)
    i.spi_master_rx                          0x00002630   Section        0  user_spi.o(i.spi_master_rx)
    i.spi_master_tx                          0x00002688   Section        0  user_spi.o(i.spi_master_tx)
    i.start_tx_transaction                   0x000026e8   Section        0  nrf_esb.o(i.start_tx_transaction)
    start_tx_transaction                     0x000026e9   Thumb Code   252  nrf_esb.o(i.start_tx_transaction)
    i.transmit                               0x000027fc   Section        0  main.o(i.transmit)
    i.update_radio_addresses                 0x0000288c   Section        0  nrf_esb.o(i.update_radio_addresses)
    update_radio_addresses                   0x0000288d   Thumb Code    70  nrf_esb.o(i.update_radio_addresses)
    i.update_radio_bitrate                   0x000028dc   Section        0  nrf_esb.o(i.update_radio_bitrate)
    update_radio_bitrate                     0x000028dd   Thumb Code    42  nrf_esb.o(i.update_radio_bitrate)
    i.update_radio_parameters                0x00002914   Section        0  nrf_esb.o(i.update_radio_parameters)
    update_radio_parameters                  0x00002915   Thumb Code   110  nrf_esb.o(i.update_radio_parameters)
    i.update_radio_tx_power                  0x0000299c   Section        0  nrf_esb.o(i.update_radio_tx_power)
    update_radio_tx_power                    0x0000299d   Thumb Code    10  nrf_esb.o(i.update_radio_tx_power)
    i.update_rf_payload_format_esb           0x000029b0   Section        0  nrf_esb.o(i.update_rf_payload_format_esb)
    update_rf_payload_format_esb             0x000029b1   Thumb Code    30  nrf_esb.o(i.update_rf_payload_format_esb)
    i.update_rf_payload_format_esb_dpl       0x000029dc   Section        0  nrf_esb.o(i.update_rf_payload_format_esb_dpl)
    update_rf_payload_format_esb_dpl         0x000029dd   Thumb Code    26  nrf_esb.o(i.update_rf_payload_format_esb_dpl)
    i.user_ethernet_init                     0x00002a08   Section        0  user_ethernet.o(i.user_ethernet_init)
    i.welcome                                0x00002aa4   Section        0  main.o(i.welcome)
    i.wiz_recv_data                          0x00002ad0   Section        0  w5100.o(i.wiz_recv_data)
    i.wiz_recv_ignore                        0x00002ba0   Section        0  w5100.o(i.wiz_recv_ignore)
    i.wiz_send_data                          0x00002be2   Section        0  w5100.o(i.wiz_send_data)
    i.wizchip_bus_readdata                   0x00002cb2   Section        0  wizchip_conf.o(i.wizchip_bus_readdata)
    i.wizchip_bus_writedata                  0x00002cb6   Section        0  wizchip_conf.o(i.wizchip_bus_writedata)
    i.wizchip_clrinterrupt                   0x00002cba   Section        0  wizchip_conf.o(i.wizchip_clrinterrupt)
    i.wizchip_cris_enter                     0x00002cce   Section        0  wizchip_conf.o(i.wizchip_cris_enter)
    i.wizchip_cris_exit                      0x00002cd0   Section        0  wizchip_conf.o(i.wizchip_cris_exit)
    i.wizchip_cs_deselect                    0x00002cd2   Section        0  wizchip_conf.o(i.wizchip_cs_deselect)
    i.wizchip_cs_select                      0x00002cd4   Section        0  wizchip_conf.o(i.wizchip_cs_select)
    i.wizchip_deselect                       0x00002cd6   Section        0  user_ethernet.o(i.wizchip_deselect)
    i.wizchip_getinterrupt                   0x00002cee   Section        0  wizchip_conf.o(i.wizchip_getinterrupt)
    i.wizchip_getinterruptmask               0x00002cfc   Section        0  wizchip_conf.o(i.wizchip_getinterruptmask)
    i.wizchip_getnetinfo                     0x00002d14   Section        0  wizchip_conf.o(i.wizchip_getnetinfo)
    i.wizchip_getnetmode                     0x00002d64   Section        0  wizchip_conf.o(i.wizchip_getnetmode)
    i.wizchip_gettimeout                     0x00002d6a   Section        0  wizchip_conf.o(i.wizchip_gettimeout)
    i.wizchip_init                           0x00002d8c   Section        0  wizchip_conf.o(i.wizchip_init)
    i.wizchip_read                           0x00002e24   Section        0  user_ethernet.o(i.wizchip_read)
    i.wizchip_select                         0x00002e36   Section        0  user_ethernet.o(i.wizchip_select)
    i.wizchip_setinterruptmask               0x00002e4e   Section        0  wizchip_conf.o(i.wizchip_setinterruptmask)
    i.wizchip_setnetinfo                     0x00002e60   Section        0  wizchip_conf.o(i.wizchip_setnetinfo)
    i.wizchip_setnetmode                     0x00002eb0   Section        0  wizchip_conf.o(i.wizchip_setnetmode)
    i.wizchip_settimeout                     0x00002ed4   Section        0  wizchip_conf.o(i.wizchip_settimeout)
    i.wizchip_spi_readbyte                   0x00002ef6   Section        0  wizchip_conf.o(i.wizchip_spi_readbyte)
    i.wizchip_spi_writebyte                  0x00002efa   Section        0  wizchip_conf.o(i.wizchip_spi_writebyte)
    i.wizchip_sw_reset                       0x00002efc   Section        0  wizchip_conf.o(i.wizchip_sw_reset)
    i.wizchip_write                          0x00002f62   Section        0  user_ethernet.o(i.wizchip_write)
    .constdata                               0x00002f70   Section       32  main.o(.constdata)
    delay_bytecode                           0x00002f70   Data           6  main.o(.constdata)
    .constdata                               0x00002f90   Section        8  boards.o(.constdata)
    m_board_led_list                         0x00002f90   Data           4  boards.o(.constdata)
    m_board_btn_list                         0x00002f94   Data           4  boards.o(.constdata)
    .constdata                               0x00002f98   Section       16  segger_rtt_printf.o(.constdata)
    _aV2C                                    0x00002f98   Data          16  segger_rtt_printf.o(.constdata)
    .constdata                               0x00002fa8   Section       16  user_ethernet.o(.constdata)
    .constdata                               0x00002fb8   Section        6  user_spi.o(.constdata)
    .data                                    0x20000000   Section       20  main.o(.data)
    .data                                    0x20000014   Section        8  nrfx_prs.o(.data)
    m_prs_box_4                              0x20000014   Data           8  nrfx_prs.o(.data)
    .data                                    0x2000001c   Section        4  app_util_platform.o(.data)
    m_in_critical_region                     0x2000001c   Data           4  app_util_platform.o(.data)
    .data                                    0x20000020   Section       72  nrf_esb.o(.data)
    m_esb_initialized                        0x20000020   Data           1  nrf_esb.o(.data)
    m_nrf_esb_mainstate                      0x20000021   Data           1  nrf_esb.o(.data)
    m_interrupt_flags                        0x20000024   Data           4  nrf_esb.o(.data)
    m_radio_shorts_common                    0x20000028   Data           4  nrf_esb.o(.data)
    on_radio_disabled                        0x2000002c   Data           4  nrf_esb.o(.data)
    on_radio_end                             0x20000030   Data           4  nrf_esb.o(.data)
    update_rf_payload_format                 0x20000034   Data           4  nrf_esb.o(.data)
    mp_current_payload                       0x20000038   Data           4  nrf_esb.o(.data)
    m_event_handler                          0x2000003c   Data           4  nrf_esb.o(.data)
    m_retransmits_remaining                  0x20000040   Data           4  nrf_esb.o(.data)
    m_last_tx_attempts                       0x20000044   Data           4  nrf_esb.o(.data)
    m_wait_for_ack_timeout_us                0x20000048   Data           4  nrf_esb.o(.data)
    m_pids                                   0x2000004c   Data           8  nrf_esb.o(.data)
    m_esb_addr                               0x20000054   Data          20  nrf_esb.o(.data)
    .data                                    0x20000068   Section       18  socket.o(.data)
    sock_any_port                            0x20000068   Data           2  socket.o(.data)
    sock_io_mode                             0x2000006a   Data           2  socket.o(.data)
    sock_is_sending                          0x2000006c   Data           2  socket.o(.data)
    sock_remained_size                       0x20000072   Data           8  socket.o(.data)
    .data                                    0x2000007c   Section       48  wizchip_conf.o(.data)
    _DHCP_                                   0x2000007c   Data           1  wizchip_conf.o(.data)
    _DNS_                                    0x2000007d   Data           4  wizchip_conf.o(.data)
    .data                                    0x200000ac   Section       23  user_ethernet.o(.data)
    .data                                    0x200000c4   Section       12  user_spi.o(.data)
    SPI                                      0x200000c4   Data           4  user_spi.o(.data)
    spi_base                                 0x200000c8   Data           8  user_spi.o(.data)
    .data                                    0x200000d0   Section        4  system_nrf52840.o(.data)
    __tagsym$$used                           0x200000d0   Number         0  system_nrf52840.o(.data)
    .bss                                     0x200000d4   Section      596  main.o(.bss)
    tx_payload                               0x200001d4   Data          37  main.o(.bss)
    rx_payload                               0x200001f9   Data          37  main.o(.bss)
    .bss                                     0x20000328   Section      804  nrf_esb.o(.bss)
    m_config_local                           0x20000328   Data          24  nrf_esb.o(.bss)
    m_tx_fifo_payload                        0x20000340   Data         296  nrf_esb.o(.bss)
    m_tx_fifo                                0x20000468   Data          44  nrf_esb.o(.bss)
    m_rx_fifo_payload                        0x20000494   Data         296  nrf_esb.o(.bss)
    m_rx_fifo                                0x200005bc   Data          44  nrf_esb.o(.bss)
    m_tx_payload_buffer                      0x200005e8   Data          34  nrf_esb.o(.bss)
    m_rx_payload_buffer                      0x2000060a   Data          34  nrf_esb.o(.bss)
    m_rx_pipe_info                           0x2000062c   Data          32  nrf_esb.o(.bss)
    .bss                                     0x2000064c   Section      648  segger_rtt.o(.bss)
    _acUpBuffer                              0x200006c4   Data         512  segger_rtt.o(.bss)
    _acDownBuffer                            0x200008c4   Data          16  segger_rtt.o(.bss)
    .bss                                     0x200008d4   Section       12  user_spi.o(.bss)
    spi_config_table                         0x200008d4   Data          12  user_spi.o(.bss)
    .bss                                     0x200008e0   Section      256  mylog.o(.bss)
    STACK                                    0x200009e0   Section     8192  arm_startup_nrf52840.o(STACK)

    Global Symbols

    Symbol Name                              Value     Ov Type        Size  Object(Section)

    BuildAttributes$$THM_ISAv4$E$P$D$K$B$S$7EM$VFPi3$EXTD16$VFPS$VFMA$PE$A:L22UL41UL21$X:L11$S22US41US21$IEEE1$IW$USESV6$~STKCKD$USESV7$~SHL$OSPACE$ROPI$EBA8$MICROLIB$REQ8$EABIv2 0x00000000   Number         0  anon$$obj.o ABSOLUTE
    __ARM_use_no_argv                        0x00000000   Number         0  main.o ABSOLUTE
    __Vectors                                0x00000000   Data           4  arm_startup_nrf52840.o(RESET)
    _printf_a                                0x00000000   Number         0  stubs.o ABSOLUTE
    _printf_c                                0x00000000   Number         0  stubs.o ABSOLUTE
    _printf_charcount                        0x00000000   Number         0  stubs.o ABSOLUTE
    _printf_d                                0x00000000   Number         0  stubs.o ABSOLUTE
    _printf_e                                0x00000000   Number         0  stubs.o ABSOLUTE
    _printf_f                                0x00000000   Number         0  stubs.o ABSOLUTE
    _printf_flags                            0x00000000   Number         0  stubs.o ABSOLUTE
    _printf_fp_dec                           0x00000000   Number         0  stubs.o ABSOLUTE
    _printf_fp_hex                           0x00000000   Number         0  stubs.o ABSOLUTE
    _printf_g                                0x00000000   Number         0  stubs.o ABSOLUTE
    _printf_i                                0x00000000   Number         0  stubs.o ABSOLUTE
    _printf_int_dec                          0x00000000   Number         0  stubs.o ABSOLUTE
    _printf_l                                0x00000000   Number         0  stubs.o ABSOLUTE
    _printf_lc                               0x00000000   Number         0  stubs.o ABSOLUTE
    _printf_ll                               0x00000000   Number         0  stubs.o ABSOLUTE
    _printf_lld                              0x00000000   Number         0  stubs.o ABSOLUTE
    _printf_lli                              0x00000000   Number         0  stubs.o ABSOLUTE
    _printf_llo                              0x00000000   Number         0  stubs.o ABSOLUTE
    _printf_llu                              0x00000000   Number         0  stubs.o ABSOLUTE
    _printf_llx                              0x00000000   Number         0  stubs.o ABSOLUTE
    _printf_longlong_dec                     0x00000000   Number         0  stubs.o ABSOLUTE
    _printf_longlong_hex                     0x00000000   Number         0  stubs.o ABSOLUTE
    _printf_longlong_oct                     0x00000000   Number         0  stubs.o ABSOLUTE
    _printf_ls                               0x00000000   Number         0  stubs.o ABSOLUTE
    _printf_mbtowc                           0x00000000   Number         0  stubs.o ABSOLUTE
    _printf_n                                0x00000000   Number         0  stubs.o ABSOLUTE
    _printf_o                                0x00000000   Number         0  stubs.o ABSOLUTE
    _printf_p                                0x00000000   Number         0  stubs.o ABSOLUTE
    _printf_percent                          0x00000000   Number         0  stubs.o ABSOLUTE
    _printf_pre_padding                      0x00000000   Number         0  stubs.o ABSOLUTE
    _printf_return_value                     0x00000000   Number         0  stubs.o ABSOLUTE
    _printf_s                                0x00000000   Number         0  stubs.o ABSOLUTE
    _printf_sizespec                         0x00000000   Number         0  stubs.o ABSOLUTE
    _printf_str                              0x00000000   Number         0  stubs.o ABSOLUTE
    _printf_truncate_signed                  0x00000000   Number         0  stubs.o ABSOLUTE
    _printf_truncate_unsigned                0x00000000   Number         0  stubs.o ABSOLUTE
    _printf_u                                0x00000000   Number         0  stubs.o ABSOLUTE
    _printf_wc                               0x00000000   Number         0  stubs.o ABSOLUTE
    _printf_wctomb                           0x00000000   Number         0  stubs.o ABSOLUTE
    _printf_widthprec                        0x00000000   Number         0  stubs.o ABSOLUTE
    _printf_x                                0x00000000   Number         0  stubs.o ABSOLUTE
    __cpp_initialize__aeabi_                  - Undefined Weak Reference
    __cxa_finalize                            - Undefined Weak Reference
    __decompress                              - Undefined Weak Reference
    _clock_init                               - Undefined Weak Reference
    _microlib_exit                            - Undefined Weak Reference
    __Vectors_End                            0x00000200   Data           0  arm_startup_nrf52840.o(RESET)
    __Vectors_Size                           0x00000200   Number         0  arm_startup_nrf52840.o ABSOLUTE
    __main                                   0x00000201   Thumb Code     0  entry.o(.ARM.Collect$$$$00000000)
    _main_stk                                0x00000201   Thumb Code     0  entry2.o(.ARM.Collect$$$$00000001)
    _main_scatterload                        0x00000205   Thumb Code     0  entry5.o(.ARM.Collect$$$$00000004)
    __main_after_scatterload                 0x00000209   Thumb Code     0  entry5.o(.ARM.Collect$$$$00000004)
    _main_clock                              0x00000209   Thumb Code     0  entry7b.o(.ARM.Collect$$$$00000008)
    _main_cpp_init                           0x00000209   Thumb Code     0  entry8b.o(.ARM.Collect$$$$0000000A)
    _main_init                               0x00000209   Thumb Code     0  entry9a.o(.ARM.Collect$$$$0000000B)
    __rt_final_cpp                           0x00000211   Thumb Code     0  entry10a.o(.ARM.Collect$$$$0000000D)
    __rt_final_exit                          0x00000211   Thumb Code     0  entry11a.o(.ARM.Collect$$$$0000000F)
    Reset_Handler                            0x00000215   Thumb Code     8  arm_startup_nrf52840.o(.text)
    NMI_Handler                              0x0000021d   Thumb Code     2  arm_startup_nrf52840.o(.text)
    HardFault_Handler                        0x0000021f   Thumb Code     2  arm_startup_nrf52840.o(.text)
    MemoryManagement_Handler                 0x00000221   Thumb Code     2  arm_startup_nrf52840.o(.text)
    BusFault_Handler                         0x00000223   Thumb Code     2  arm_startup_nrf52840.o(.text)
    UsageFault_Handler                       0x00000225   Thumb Code     2  arm_startup_nrf52840.o(.text)
    SVC_Handler                              0x00000227   Thumb Code     2  arm_startup_nrf52840.o(.text)
    DebugMon_Handler                         0x00000229   Thumb Code     2  arm_startup_nrf52840.o(.text)
    PendSV_Handler                           0x0000022b   Thumb Code     2  arm_startup_nrf52840.o(.text)
    SysTick_Handler                          0x0000022d   Thumb Code     2  arm_startup_nrf52840.o(.text)
    CCM_AAR_IRQHandler                       0x0000022f   Thumb Code     0  arm_startup_nrf52840.o(.text)
    COMP_LPCOMP_IRQHandler                   0x0000022f   Thumb Code     0  arm_startup_nrf52840.o(.text)
    CRYPTOCELL_IRQHandler                    0x0000022f   Thumb Code     0  arm_startup_nrf52840.o(.text)
    ECB_IRQHandler                           0x0000022f   Thumb Code     0  arm_startup_nrf52840.o(.text)
    FPU_IRQHandler                           0x0000022f   Thumb Code     0  arm_startup_nrf52840.o(.text)
    GPIOTE_IRQHandler                        0x0000022f   Thumb Code     0  arm_startup_nrf52840.o(.text)
    I2S_IRQHandler                           0x0000022f   Thumb Code     0  arm_startup_nrf52840.o(.text)
    MWU_IRQHandler                           0x0000022f   Thumb Code     0  arm_startup_nrf52840.o(.text)
    NFCT_IRQHandler                          0x0000022f   Thumb Code     0  arm_startup_nrf52840.o(.text)
    PDM_IRQHandler                           0x0000022f   Thumb Code     0  arm_startup_nrf52840.o(.text)
    POWER_CLOCK_IRQHandler                   0x0000022f   Thumb Code     0  arm_startup_nrf52840.o(.text)
    PWM0_IRQHandler                          0x0000022f   Thumb Code     0  arm_startup_nrf52840.o(.text)
    PWM1_IRQHandler                          0x0000022f   Thumb Code     0  arm_startup_nrf52840.o(.text)
    PWM2_IRQHandler                          0x0000022f   Thumb Code     0  arm_startup_nrf52840.o(.text)
    PWM3_IRQHandler                          0x0000022f   Thumb Code     0  arm_startup_nrf52840.o(.text)
    QDEC_IRQHandler                          0x0000022f   Thumb Code     0  arm_startup_nrf52840.o(.text)
    QSPI_IRQHandler                          0x0000022f   Thumb Code     0  arm_startup_nrf52840.o(.text)
    RNG_IRQHandler                           0x0000022f   Thumb Code     0  arm_startup_nrf52840.o(.text)
    RTC0_IRQHandler                          0x0000022f   Thumb Code     0  arm_startup_nrf52840.o(.text)
    RTC1_IRQHandler                          0x0000022f   Thumb Code     0  arm_startup_nrf52840.o(.text)
    RTC2_IRQHandler                          0x0000022f   Thumb Code     0  arm_startup_nrf52840.o(.text)
    SAADC_IRQHandler                         0x0000022f   Thumb Code     0  arm_startup_nrf52840.o(.text)
    SPIM0_SPIS0_TWIM0_TWIS0_SPI0_TWI0_IRQHandler 0x0000022f   Thumb Code     0  arm_startup_nrf52840.o(.text)
    SPIM1_SPIS1_TWIM1_TWIS1_SPI1_TWI1_IRQHandler 0x0000022f   Thumb Code     0  arm_startup_nrf52840.o(.text)
    SPIM2_SPIS2_SPI2_IRQHandler              0x0000022f   Thumb Code     0  arm_startup_nrf52840.o(.text)
    SPIM3_IRQHandler                         0x0000022f   Thumb Code     0  arm_startup_nrf52840.o(.text)
    SWI1_EGU1_IRQHandler                     0x0000022f   Thumb Code     0  arm_startup_nrf52840.o(.text)
    SWI2_EGU2_IRQHandler                     0x0000022f   Thumb Code     0  arm_startup_nrf52840.o(.text)
    SWI3_EGU3_IRQHandler                     0x0000022f   Thumb Code     0  arm_startup_nrf52840.o(.text)
    SWI4_EGU4_IRQHandler                     0x0000022f   Thumb Code     0  arm_startup_nrf52840.o(.text)
    SWI5_EGU5_IRQHandler                     0x0000022f   Thumb Code     0  arm_startup_nrf52840.o(.text)
    TEMP_IRQHandler                          0x0000022f   Thumb Code     0  arm_startup_nrf52840.o(.text)
    TIMER0_IRQHandler                        0x0000022f   Thumb Code     0  arm_startup_nrf52840.o(.text)
    TIMER1_IRQHandler                        0x0000022f   Thumb Code     0  arm_startup_nrf52840.o(.text)
    TIMER2_IRQHandler                        0x0000022f   Thumb Code     0  arm_startup_nrf52840.o(.text)
    TIMER3_IRQHandler                        0x0000022f   Thumb Code     0  arm_startup_nrf52840.o(.text)
    TIMER4_IRQHandler                        0x0000022f   Thumb Code     0  arm_startup_nrf52840.o(.text)
    UARTE1_IRQHandler                        0x0000022f   Thumb Code     0  arm_startup_nrf52840.o(.text)
    USBD_IRQHandler                          0x0000022f   Thumb Code     0  arm_startup_nrf52840.o(.text)
    WDT_IRQHandler                           0x0000022f   Thumb Code     0  arm_startup_nrf52840.o(.text)
    __aeabi_memcpy                           0x00000239   Thumb Code    36  memcpya.o(.text)
    __aeabi_memcpy4                          0x00000239   Thumb Code     0  memcpya.o(.text)
    __aeabi_memcpy8                          0x00000239   Thumb Code     0  memcpya.o(.text)
    __aeabi_memset                           0x0000025d   Thumb Code    14  memseta.o(.text)
    __aeabi_memset4                          0x0000025d   Thumb Code     0  memseta.o(.text)
    __aeabi_memset8                          0x0000025d   Thumb Code     0  memseta.o(.text)
    __aeabi_memclr                           0x0000026b   Thumb Code     4  memseta.o(.text)
    __aeabi_memclr4                          0x0000026b   Thumb Code     0  memseta.o(.text)
    __aeabi_memclr8                          0x0000026b   Thumb Code     0  memseta.o(.text)
    _memset$wrapper                          0x0000026f   Thumb Code    18  memseta.o(.text)
    strlen                                   0x00000281   Thumb Code    14  strlen.o(.text)
    strcpy                                   0x0000028f   Thumb Code    18  strcpy.o(.text)
    __aeabi_uidiv                            0x000002a1   Thumb Code     0  uidiv.o(.text)
    __aeabi_uidivmod                         0x000002a1   Thumb Code    44  uidiv.o(.text)
    __scatterload                            0x000002cd   Thumb Code    28  init.o(.text)
    __scatterload_rt2                        0x000002cd   Thumb Code     0  init.o(.text)
    MYLOG                                    0x000002f1   Thumb Code    18  mylog.o(i.MYLOG)
    RADIO_IRQHandler                         0x0000038d   Thumb Code    84  nrf_esb.o(i.RADIO_IRQHandler)
    SEGGER_RTT_Write                         0x000003e9   Thumb Code    46  segger_rtt.o(i.SEGGER_RTT_Write)
    SEGGER_RTT_WriteNoLock                   0x0000041d   Thumb Code    86  segger_rtt.o(i.SEGGER_RTT_WriteNoLock)
    SEGGER_RTT_WriteString                   0x00000479   Thumb Code    26  segger_rtt.o(i.SEGGER_RTT_WriteString)
    SEGGER_RTT_printf                        0x00000493   Thumb Code    22  segger_rtt_printf.o(i.SEGGER_RTT_printf)
    SEGGER_RTT_vprintf                       0x000004a9   Thumb Code   406  segger_rtt_printf.o(i.SEGGER_RTT_vprintf)
    SWI0_EGU0_IRQHandler                     0x00000641   Thumb Code    84  nrf_esb.o(i.SWI0_EGU0_IRQHandler)
    SystemInit                               0x00000699   Thumb Code   416  system_nrf52840.o(i.SystemInit)
    UARTE0_UART0_IRQHandler                  0x00000875   Thumb Code     6  nrfx_prs.o(i.UARTE0_UART0_IRQHandler)
    WIZCHIP_READ                             0x00000881   Thumb Code    52  w5100.o(i.WIZCHIP_READ)
    WIZCHIP_READ_BUF                         0x000008b9   Thumb Code    84  w5100.o(i.WIZCHIP_READ_BUF)
    WIZCHIP_WRITE                            0x00000911   Thumb Code    54  w5100.o(i.WIZCHIP_WRITE)
    WIZCHIP_WRITE_BUF                        0x0000094d   Thumb Code    84  w5100.o(i.WIZCHIP_WRITE_BUF)
    __0sprintf$3                             0x00000c9d   Thumb Code    34  printf3.o(i.__0sprintf$3)
    __1sprintf$3                             0x00000c9d   Thumb Code     0  printf3.o(i.__0sprintf$3)
    __2sprintf                               0x00000c9d   Thumb Code     0  printf3.o(i.__0sprintf$3)
    __scatterload_copy                       0x00000cc5   Thumb Code    14  handlers.o(i.__scatterload_copy)
    __scatterload_null                       0x00000cd3   Thumb Code     2  handlers.o(i.__scatterload_null)
    __scatterload_zeroinit                   0x00000cd5   Thumb Code    14  handlers.o(i.__scatterload_zeroinit)
    app_util_critical_region_enter           0x00000eb3   Thumb Code     4  app_util_platform.o(i.app_util_critical_region_enter)
    app_util_critical_region_exit            0x00000eb7   Thumb Code     4  app_util_platform.o(i.app_util_critical_region_exit)
    app_util_disable_irq                     0x00000ebd   Thumb Code    12  app_util_platform.o(i.app_util_disable_irq)
    app_util_enable_irq                      0x00000ecd   Thumb Code    14  app_util_platform.o(i.app_util_enable_irq)
    bsp_board_init                           0x00000ee1   Thumb Code    80  boards.o(i.bsp_board_init)
    bsp_board_led_off                        0x00000f35   Thumb Code    10  boards.o(i.bsp_board_led_off)
    bsp_board_leds_off                       0x00000f45   Thumb Code    18  boards.o(i.bsp_board_leds_off)
    clocks_start                             0x00000fb5   Thumb Code    26  main.o(i.clocks_start)
    close                                    0x00000fd1   Thumb Code   106  socket.o(i.close)
    ctlnetwork                               0x00001041   Thumb Code    76  wizchip_conf.o(i.ctlnetwork)
    ctlwizchip                               0x0000108d   Thumb Code   112  wizchip_conf.o(i.ctlwizchip)
    esb_init                                 0x00001101   Thumb Code   150  main.o(i.esb_init)
    getSn_RX_RSR                             0x000011b1   Thumb Code    74  w5100.o(i.getSn_RX_RSR)
    getSn_RxBASE                             0x000011fb   Thumb Code    60  w5100.o(i.getSn_RxBASE)
    getSn_TX_FSR                             0x00001237   Thumb Code    74  w5100.o(i.getSn_TX_FSR)
    getSn_TxBASE                             0x00001281   Thumb Code    60  w5100.o(i.getSn_TxBASE)
    gpio_init                                0x000012bd   Thumb Code    50  main.o(i.gpio_init)
    main                                     0x000012f1   Thumb Code   232  main.o(i.main)
    network_init                             0x00001489   Thumb Code    28  user_ethernet.o(i.network_init)
    nrf_esb_disable                          0x000014c1   Thumb Code    52  nrf_esb.o(i.nrf_esb_disable)
    nrf_esb_event_handler                    0x00001505   Thumb Code   158  main.o(i.nrf_esb_event_handler)
    nrf_esb_flush_tx                         0x000015f1   Thumb Code    38  nrf_esb.o(i.nrf_esb_flush_tx)
    nrf_esb_init                             0x00001621   Thumb Code   282  nrf_esb.o(i.nrf_esb_init)
    nrf_esb_read_rx_payload                  0x00001771   Thumb Code   126  nrf_esb.o(i.nrf_esb_read_rx_payload)
    nrf_esb_set_base_address_0               0x000017f9   Thumb Code    32  nrf_esb.o(i.nrf_esb_set_base_address_0)
    nrf_esb_set_base_address_1               0x0000181d   Thumb Code    32  nrf_esb.o(i.nrf_esb_set_base_address_1)
    nrf_esb_set_prefixes                     0x00001841   Thumb Code    66  nrf_esb.o(i.nrf_esb_set_prefixes)
    nrf_esb_set_rf_channel                   0x00001889   Thumb Code    28  nrf_esb.o(i.nrf_esb_set_rf_channel)
    nrf_esb_skip_tx                          0x000018a9   Thumb Code    60  nrf_esb.o(i.nrf_esb_skip_tx)
    nrf_esb_start_rx                         0x000018ed   Thumb Code   106  nrf_esb.o(i.nrf_esb_start_rx)
    nrf_esb_stop_rx                          0x0000196d   Thumb Code    54  nrf_esb.o(i.nrf_esb_stop_rx)
    nrf_esb_write_payload                    0x000019ad   Thumb Code   160  nrf_esb.o(i.nrf_esb_write_payload)
    recvfrom                                 0x00001f7d   Thumb Code   532  socket.o(i.recvfrom)
    reg_wizchip_cs_cbfunc                    0x00002195   Thumb Code    22  wizchip_conf.o(i.reg_wizchip_cs_cbfunc)
    reg_wizchip_spi_cbfunc                   0x000021b9   Thumb Code    30  wizchip_conf.o(i.reg_wizchip_spi_cbfunc)
    sendto                                   0x00002299   Thumb Code   430  socket.o(i.sendto)
    size                                     0x00002455   Thumb Code    20  main.o(i.size)
    socket                                   0x00002469   Thumb Code   260  socket.o(i.socket)
    spi0_master_init                         0x00002571   Thumb Code    22  user_spi.o(i.spi0_master_init)
    spi_master_init                          0x0000258d   Thumb Code   156  user_spi.o(i.spi_master_init)
    spi_master_rx                            0x00002631   Thumb Code    82  user_spi.o(i.spi_master_rx)
    spi_master_tx                            0x00002689   Thumb Code    90  user_spi.o(i.spi_master_tx)
    transmit                                 0x000027fd   Thumb Code   124  main.o(i.transmit)
    user_ethernet_init                       0x00002a09   Thumb Code    86  user_ethernet.o(i.user_ethernet_init)
    welcome                                  0x00002aa5   Thumb Code    44  main.o(i.welcome)
    wiz_recv_data                            0x00002ad1   Thumb Code   208  w5100.o(i.wiz_recv_data)
    wiz_recv_ignore                          0x00002ba1   Thumb Code    66  w5100.o(i.wiz_recv_ignore)
    wiz_send_data                            0x00002be3   Thumb Code   208  w5100.o(i.wiz_send_data)
    wizchip_bus_readdata                     0x00002cb3   Thumb Code     4  wizchip_conf.o(i.wizchip_bus_readdata)
    wizchip_bus_writedata                    0x00002cb7   Thumb Code     4  wizchip_conf.o(i.wizchip_bus_writedata)
    wizchip_clrinterrupt                     0x00002cbb   Thumb Code    20  wizchip_conf.o(i.wizchip_clrinterrupt)
    wizchip_cris_enter                       0x00002ccf   Thumb Code     2  wizchip_conf.o(i.wizchip_cris_enter)
    wizchip_cris_exit                        0x00002cd1   Thumb Code     2  wizchip_conf.o(i.wizchip_cris_exit)
    wizchip_cs_deselect                      0x00002cd3   Thumb Code     2  wizchip_conf.o(i.wizchip_cs_deselect)
    wizchip_cs_select                        0x00002cd5   Thumb Code     2  wizchip_conf.o(i.wizchip_cs_select)
    wizchip_deselect                         0x00002cd7   Thumb Code    24  user_ethernet.o(i.wizchip_deselect)
    wizchip_getinterrupt                     0x00002cef   Thumb Code    14  wizchip_conf.o(i.wizchip_getinterrupt)
    wizchip_getinterruptmask                 0x00002cfd   Thumb Code    22  wizchip_conf.o(i.wizchip_getinterruptmask)
    wizchip_getnetinfo                       0x00002d15   Thumb Code    76  wizchip_conf.o(i.wizchip_getnetinfo)
    wizchip_getnetmode                       0x00002d65   Thumb Code     6  wizchip_conf.o(i.wizchip_getnetmode)
    wizchip_gettimeout                       0x00002d6b   Thumb Code    34  wizchip_conf.o(i.wizchip_gettimeout)
    wizchip_init                             0x00002d8d   Thumb Code   152  wizchip_conf.o(i.wizchip_init)
    wizchip_read                             0x00002e25   Thumb Code    18  user_ethernet.o(i.wizchip_read)
    wizchip_select                           0x00002e37   Thumb Code    24  user_ethernet.o(i.wizchip_select)
    wizchip_setinterruptmask                 0x00002e4f   Thumb Code    18  wizchip_conf.o(i.wizchip_setinterruptmask)
    wizchip_setnetinfo                       0x00002e61   Thumb Code    76  wizchip_conf.o(i.wizchip_setnetinfo)
    wizchip_setnetmode                       0x00002eb1   Thumb Code    36  wizchip_conf.o(i.wizchip_setnetmode)
    wizchip_settimeout                       0x00002ed5   Thumb Code    34  wizchip_conf.o(i.wizchip_settimeout)
    wizchip_spi_readbyte                     0x00002ef7   Thumb Code     4  wizchip_conf.o(i.wizchip_spi_readbyte)
    wizchip_spi_writebyte                    0x00002efb   Thumb Code     2  wizchip_conf.o(i.wizchip_spi_writebyte)
    wizchip_sw_reset                         0x00002efd   Thumb Code   102  wizchip_conf.o(i.wizchip_sw_reset)
    wizchip_write                            0x00002f63   Thumb Code    14  user_ethernet.o(i.wizchip_write)
    Region$$Table$$Base                      0x00002fc0   Number         0  anon$$obj.o(Region$$Table)
    Region$$Table$$Limit                     0x00002fe0   Number         0  anon$$obj.o(Region$$Table)
    received                                 0x20000000   Data           1  main.o(.data)
    targetPort                               0x20000002   Data           2  main.o(.data)
    counter                                  0x20000004   Data           4  main.o(.data)
    targetIP                                 0x20000008   Data           4  main.o(.data)
    c                                        0x2000000c   Data           4  main.o(.data)
    curPort                                  0x20000010   Data           4  main.o(.data)
    sock_pack_info                           0x2000006e   Data           4  socket.o(.data)
    WIZCHIP                                  0x20000084   Data          40  wizchip_conf.o(.data)
    gWIZNETINFO                              0x200000ac   Data          23  user_ethernet.o(.data)
    SystemCoreClock                          0x200000d0   Data           4  system_nrf52840.o(.data)
    tempBuffer                               0x200000d4   Data         256  main.o(.bss)
    buf                                      0x2000021e   Data          10  main.o(.bss)
    UDP_packet                               0x20000228   Data         256  main.o(.bss)
    _SEGGER_RTT                              0x2000064c   Data         120  segger_rtt.o(.bss)
    logBuffer                                0x200008e0   Data         256  mylog.o(.bss)
    __initial_sp                             0x200029e0   Data           0  arm_startup_nrf52840.o(STACK)



==============================================================================

Memory Map of the image

  Image Entry point : 0x00000201

  Load Region LR_IROM1 (Base: 0x00000000, Size: 0x000030b4, Max: 0x00100000, ABSOLUTE)

    Execution Region ER_IROM1 (Exec base: 0x00000000, Load base: 0x00000000, Size: 0x00002fe0, Max: 0x00100000, ABSOLUTE)

    Exec Addr    Load Addr    Size         Type   Attr      Idx    E Section Name        Object

    0x00000000   0x00000000   0x00000200   Data   RO         2999    RESET               arm_startup_nrf52840.o
    0x00000200   0x00000200   0x00000000   Code   RO         3040  * .ARM.Collect$$$$00000000  mc_w.l(entry.o)
    0x00000200   0x00000200   0x00000004   Code   RO         3314    .ARM.Collect$$$$00000001  mc_w.l(entry2.o)
    0x00000204   0x00000204   0x00000004   Code   RO         3317    .ARM.Collect$$$$00000004  mc_w.l(entry5.o)
    0x00000208   0x00000208   0x00000000   Code   RO         3319    .ARM.Collect$$$$00000008  mc_w.l(entry7b.o)
    0x00000208   0x00000208   0x00000000   Code   RO         3321    .ARM.Collect$$$$0000000A  mc_w.l(entry8b.o)
    0x00000208   0x00000208   0x00000008   Code   RO         3322    .ARM.Collect$$$$0000000B  mc_w.l(entry9a.o)
    0x00000210   0x00000210   0x00000000   Code   RO         3324    .ARM.Collect$$$$0000000D  mc_w.l(entry10a.o)
    0x00000210   0x00000210   0x00000000   Code   RO         3326    .ARM.Collect$$$$0000000F  mc_w.l(entry11a.o)
    0x00000210   0x00000210   0x00000004   Code   RO         3315    .ARM.Collect$$$$00002712  mc_w.l(entry2.o)
    0x00000214   0x00000214   0x00000024   Code   RO         3000    .text               arm_startup_nrf52840.o
    0x00000238   0x00000238   0x00000024   Code   RO         3043    .text               mc_w.l(memcpya.o)
    0x0000025c   0x0000025c   0x00000024   Code   RO         3045    .text               mc_w.l(memseta.o)
    0x00000280   0x00000280   0x0000000e   Code   RO         3047    .text               mc_w.l(strlen.o)
    0x0000028e   0x0000028e   0x00000012   Code   RO         3049    .text               mc_w.l(strcpy.o)
    0x000002a0   0x000002a0   0x0000002c   Code   RO         3328    .text               mc_w.l(uidiv.o)
    0x000002cc   0x000002cc   0x00000024   Code   RO         3343    .text               mc_w.l(init.o)
    0x000002f0   0x000002f0   0x00000024   Code   RO         2982    i.MYLOG             mylog.o
    0x00000314   0x00000314   0x00000016   Code   RO         1914    i.NVIC_ClearPendingIRQ  nrf_esb.o
    0x0000032a   0x0000032a   0x00000016   Code   RO         1915    i.NVIC_DisableIRQ   nrf_esb.o
    0x00000340   0x00000340   0x00000016   Code   RO         1916    i.NVIC_EnableIRQ    nrf_esb.o
    0x00000356   0x00000356   0x00000016   Code   RO         1917    i.NVIC_SetPendingIRQ  nrf_esb.o
    0x0000036c   0x0000036c   0x00000020   Code   RO         1918    i.NVIC_SetPriority  nrf_esb.o
    0x0000038c   0x0000038c   0x0000005c   Code   RO         1919    i.RADIO_IRQHandler  nrf_esb.o
    0x000003e8   0x000003e8   0x00000034   Code   RO         2243    i.SEGGER_RTT_Write  segger_rtt.o
    0x0000041c   0x0000041c   0x0000005c   Code   RO         2244    i.SEGGER_RTT_WriteNoLock  segger_rtt.o
    0x00000478   0x00000478   0x0000001a   Code   RO         2246    i.SEGGER_RTT_WriteString  segger_rtt.o
    0x00000492   0x00000492   0x00000016   Code   RO         2430    i.SEGGER_RTT_printf  segger_rtt_printf.o
    0x000004a8   0x000004a8   0x00000196   Code   RO         2431    i.SEGGER_RTT_vprintf  segger_rtt_printf.o
    0x0000063e   0x0000063e   0x00000002   PAD
    0x00000640   0x00000640   0x00000058   Code   RO         1920    i.SWI0_EGU0_IRQHandler  nrf_esb.o
    0x00000698   0x00000698   0x000001dc   Code   RO         3008    i.SystemInit        system_nrf52840.o
    0x00000874   0x00000874   0x0000000c   Code   RO          878    i.UARTE0_UART0_IRQHandler  nrfx_prs.o
    0x00000880   0x00000880   0x00000038   Code   RO         2760    i.WIZCHIP_READ      w5100.o
    0x000008b8   0x000008b8   0x00000058   Code   RO         2761    i.WIZCHIP_READ_BUF  w5100.o
    0x00000910   0x00000910   0x0000003c   Code   RO         2762    i.WIZCHIP_WRITE     w5100.o
    0x0000094c   0x0000094c   0x00000058   Code   RO         2763    i.WIZCHIP_WRITE_BUF  w5100.o
    0x000009a4   0x000009a4   0x00000068   Code   RO         2248    i._DoInit           segger_rtt.o
    0x00000a0c   0x00000a0c   0x00000016   Code   RO         2249    i._GetAvailWriteSpace  segger_rtt.o
    0x00000a22   0x00000a22   0x00000002   PAD
    0x00000a24   0x00000a24   0x000000c6   Code   RO         2432    i._PrintInt         segger_rtt_printf.o
    0x00000aea   0x00000aea   0x00000002   PAD
    0x00000aec   0x00000aec   0x000000d4   Code   RO         2433    i._PrintUnsigned    segger_rtt_printf.o
    0x00000bc0   0x00000bc0   0x0000003e   Code   RO         2434    i._StoreChar        segger_rtt_printf.o
    0x00000bfe   0x00000bfe   0x0000005a   Code   RO         2251    i._WriteBlocking    segger_rtt.o
    0x00000c58   0x00000c58   0x00000042   Code   RO         2252    i._WriteNoCheck     segger_rtt.o
    0x00000c9a   0x00000c9a   0x00000002   PAD
    0x00000c9c   0x00000c9c   0x00000028   Code   RO         3144    i.__0sprintf$3      mc_w.l(printf3.o)
    0x00000cc4   0x00000cc4   0x0000000e   Code   RO         3355    i.__scatterload_copy  mc_w.l(handlers.o)
    0x00000cd2   0x00000cd2   0x00000002   Code   RO         3356    i.__scatterload_null  mc_w.l(handlers.o)
    0x00000cd4   0x00000cd4   0x0000000e   Code   RO         3357    i.__scatterload_zeroinit  mc_w.l(handlers.o)
    0x00000ce2   0x00000ce2   0x00000002   PAD
    0x00000ce4   0x00000ce4   0x000001b8   Code   RO         3149    i._printf_core      mc_w.l(printf3.o)
    0x00000e9c   0x00000e9c   0x0000000a   Code   RO         3151    i._sputc            mc_w.l(printf3.o)
    0x00000ea6   0x00000ea6   0x0000000c   Code   RO         1921    i.addr_conv         nrf_esb.o
    0x00000eb2   0x00000eb2   0x00000004   Code   RO         1070    i.app_util_critical_region_enter  app_util_platform.o
    0x00000eb6   0x00000eb6   0x00000004   Code   RO         1071    i.app_util_critical_region_exit  app_util_platform.o
    0x00000eba   0x00000eba   0x00000002   PAD
    0x00000ebc   0x00000ebc   0x00000010   Code   RO         1072    i.app_util_disable_irq  app_util_platform.o
    0x00000ecc   0x00000ecc   0x00000014   Code   RO         1073    i.app_util_enable_irq  app_util_platform.o
    0x00000ee0   0x00000ee0   0x00000054   Code   RO          322    i.bsp_board_init    boards.o
    0x00000f34   0x00000f34   0x00000010   Code   RO          325    i.bsp_board_led_off  boards.o
    0x00000f44   0x00000f44   0x00000012   Code   RO          328    i.bsp_board_leds_off  boards.o
    0x00000f56   0x00000f56   0x0000000a   Code   RO         1922    i.bytewise_bit_swap  nrf_esb.o
    0x00000f60   0x00000f60   0x00000054   Code   RO         1923    i.clear_events_restart_rx  nrf_esb.o
    0x00000fb4   0x00000fb4   0x0000001a   Code   RO            4    i.clocks_start      main.o
    0x00000fce   0x00000fce   0x00000002   PAD
    0x00000fd0   0x00000fd0   0x00000070   Code   RO         2484    i.close             socket.o
    0x00001040   0x00001040   0x0000004c   Code   RO         2575    i.ctlnetwork        wizchip_conf.o
    0x0000108c   0x0000108c   0x00000074   Code   RO         2576    i.ctlwizchip        wizchip_conf.o
    0x00001100   0x00001100   0x000000b0   Code   RO            6    i.esb_init          main.o
    0x000011b0   0x000011b0   0x0000004a   Code   RO         2764    i.getSn_RX_RSR      w5100.o
    0x000011fa   0x000011fa   0x0000003c   Code   RO         2765    i.getSn_RxBASE      w5100.o
    0x00001236   0x00001236   0x0000004a   Code   RO         2766    i.getSn_TX_FSR      w5100.o
    0x00001280   0x00001280   0x0000003c   Code   RO         2767    i.getSn_TxBASE      w5100.o
    0x000012bc   0x000012bc   0x00000032   Code   RO            7    i.gpio_init         main.o
    0x000012ee   0x000012ee   0x00000002   PAD
    0x000012f0   0x000012f0   0x00000198   Code   RO            9    i.main              main.o
    0x00001488   0x00001488   0x00000020   Code   RO         2838    i.network_init      user_ethernet.o
    0x000014a8   0x000014a8   0x00000016   Code   RO           10    i.nrf_delay_ms      main.o
    0x000014be   0x000014be   0x00000002   PAD
    0x000014c0   0x000014c0   0x00000044   Code   RO         1924    i.nrf_esb_disable   nrf_esb.o
    0x00001504   0x00001504   0x000000ec   Code   RO           11    i.nrf_esb_event_handler  main.o
    0x000015f0   0x000015f0   0x00000030   Code   RO         1927    i.nrf_esb_flush_tx  nrf_esb.o
    0x00001620   0x00001620   0x00000150   Code   RO         1929    i.nrf_esb_init      nrf_esb.o
    0x00001770   0x00001770   0x00000088   Code   RO         1932    i.nrf_esb_read_rx_payload  nrf_esb.o
    0x000017f8   0x000017f8   0x00000024   Code   RO         1935    i.nrf_esb_set_base_address_0  nrf_esb.o
    0x0000181c   0x0000181c   0x00000024   Code   RO         1936    i.nrf_esb_set_base_address_1  nrf_esb.o
    0x00001840   0x00001840   0x00000048   Code   RO         1938    i.nrf_esb_set_prefixes  nrf_esb.o
    0x00001888   0x00001888   0x00000020   Code   RO         1941    i.nrf_esb_set_rf_channel  nrf_esb.o
    0x000018a8   0x000018a8   0x00000044   Code   RO         1943    i.nrf_esb_skip_tx   nrf_esb.o
    0x000018ec   0x000018ec   0x00000080   Code   RO         1944    i.nrf_esb_start_rx  nrf_esb.o
    0x0000196c   0x0000196c   0x00000040   Code   RO         1946    i.nrf_esb_stop_rx   nrf_esb.o
    0x000019ac   0x000019ac   0x000000ac   Code   RO         1949    i.nrf_esb_write_payload  nrf_esb.o
    0x00001a58   0x00001a58   0x00000032   Code   RO          332    i.nrf_gpio_cfg      boards.o
    0x00001a8a   0x00001a8a   0x00000032   Code   RO         2910    i.nrf_gpio_cfg      user_spi.o
    0x00001abc   0x00001abc   0x0000001e   Code   RO           12    i.nrf_gpio_cfg_input  main.o
    0x00001ada   0x00001ada   0x00000014   Code   RO         2911    i.nrf_gpio_cfg_output  user_spi.o
    0x00001aee   0x00001aee   0x00000002   PAD
    0x00001af0   0x00001af0   0x0000001c   Code   RO           13    i.nrf_gpio_pin_port_decode  main.o
    0x00001b0c   0x00001b0c   0x0000001c   Code   RO          333    i.nrf_gpio_pin_port_decode  boards.o
    0x00001b28   0x00001b28   0x0000001c   Code   RO         2839    i.nrf_gpio_pin_port_decode  user_ethernet.o
    0x00001b44   0x00001b44   0x0000001c   Code   RO         2912    i.nrf_gpio_pin_port_decode  user_spi.o
    0x00001b60   0x00001b60   0x00000014   Code   RO         2913    i.nrf_gpio_pin_set  user_spi.o
    0x00001b74   0x00001b74   0x00000026   Code   RO           14    i.nrf_gpio_pin_write  main.o
    0x00001b9a   0x00001b9a   0x00000026   Code   RO          334    i.nrf_gpio_pin_write  boards.o
    0x00001bc0   0x00001bc0   0x00000010   Code   RO           15    i.nrfx_coredep_delay_us  main.o
    0x00001bd0   0x00001bd0   0x0000017c   Code   RO         1950    i.on_radio_disabled_rx  nrf_esb.o
    0x00001d4c   0x00001d4c   0x00000040   Code   RO         1951    i.on_radio_disabled_rx_ack  nrf_esb.o
    0x00001d8c   0x00001d8c   0x00000080   Code   RO         1952    i.on_radio_disabled_tx  nrf_esb.o
    0x00001e0c   0x00001e0c   0x0000003c   Code   RO         1953    i.on_radio_disabled_tx_noack  nrf_esb.o
    0x00001e48   0x00001e48   0x00000134   Code   RO         1954    i.on_radio_disabled_tx_wait_for_ack  nrf_esb.o
    0x00001f7c   0x00001f7c   0x00000218   Code   RO         2491    i.recvfrom          socket.o
    0x00002194   0x00002194   0x00000024   Code   RO         2579    i.reg_wizchip_cs_cbfunc  wizchip_conf.o
    0x000021b8   0x000021b8   0x0000002c   Code   RO         2580    i.reg_wizchip_spi_cbfunc  wizchip_conf.o
    0x000021e4   0x000021e4   0x0000001c   Code   RO         1955    i.reset_fifos       nrf_esb.o
    0x00002200   0x00002200   0x00000098   Code   RO         1956    i.rx_fifo_push_rfbuf  nrf_esb.o
    0x00002298   0x00002298   0x000001bc   Code   RO         2493    i.sendto            socket.o
    0x00002454   0x00002454   0x00000014   Code   RO           16    i.size              main.o
    0x00002468   0x00002468   0x00000108   Code   RO         2495    i.socket            socket.o
    0x00002570   0x00002570   0x0000001c   Code   RO         2914    i.spi0_master_init  user_spi.o
    0x0000258c   0x0000258c   0x000000a4   Code   RO         2915    i.spi_master_init   user_spi.o
    0x00002630   0x00002630   0x00000058   Code   RO         2916    i.spi_master_rx     user_spi.o
    0x00002688   0x00002688   0x00000060   Code   RO         2917    i.spi_master_tx     user_spi.o
    0x000026e8   0x000026e8   0x00000114   Code   RO         1957    i.start_tx_transaction  nrf_esb.o
    0x000027fc   0x000027fc   0x00000090   Code   RO           17    i.transmit          main.o
    0x0000288c   0x0000288c   0x00000050   Code   RO         1958    i.update_radio_addresses  nrf_esb.o
    0x000028dc   0x000028dc   0x00000038   Code   RO         1959    i.update_radio_bitrate  nrf_esb.o
    0x00002914   0x00002914   0x00000088   Code   RO         1960    i.update_radio_parameters  nrf_esb.o
    0x0000299c   0x0000299c   0x00000014   Code   RO         1961    i.update_radio_tx_power  nrf_esb.o
    0x000029b0   0x000029b0   0x0000002c   Code   RO         1962    i.update_rf_payload_format_esb  nrf_esb.o
    0x000029dc   0x000029dc   0x0000002c   Code   RO         1963    i.update_rf_payload_format_esb_dpl  nrf_esb.o
    0x00002a08   0x00002a08   0x0000009c   Code   RO         2840    i.user_ethernet_init  user_ethernet.o
    0x00002aa4   0x00002aa4   0x0000002c   Code   RO           18    i.welcome           main.o
    0x00002ad0   0x00002ad0   0x000000d0   Code   RO         2768    i.wiz_recv_data     w5100.o
    0x00002ba0   0x00002ba0   0x00000042   Code   RO         2769    i.wiz_recv_ignore   w5100.o
    0x00002be2   0x00002be2   0x000000d0   Code   RO         2770    i.wiz_send_data     w5100.o
    0x00002cb2   0x00002cb2   0x00000004   Code   RO         2582    i.wizchip_bus_readdata  wizchip_conf.o
    0x00002cb6   0x00002cb6   0x00000004   Code   RO         2583    i.wizchip_bus_writedata  wizchip_conf.o
    0x00002cba   0x00002cba   0x00000014   Code   RO         2584    i.wizchip_clrinterrupt  wizchip_conf.o
    0x00002cce   0x00002cce   0x00000002   Code   RO         2585    i.wizchip_cris_enter  wizchip_conf.o
    0x00002cd0   0x00002cd0   0x00000002   Code   RO         2586    i.wizchip_cris_exit  wizchip_conf.o
    0x00002cd2   0x00002cd2   0x00000002   Code   RO         2587    i.wizchip_cs_deselect  wizchip_conf.o
    0x00002cd4   0x00002cd4   0x00000002   Code   RO         2588    i.wizchip_cs_select  wizchip_conf.o
    0x00002cd6   0x00002cd6   0x00000018   Code   RO         2841    i.wizchip_deselect  user_ethernet.o
    0x00002cee   0x00002cee   0x0000000e   Code   RO         2589    i.wizchip_getinterrupt  wizchip_conf.o
    0x00002cfc   0x00002cfc   0x00000016   Code   RO         2590    i.wizchip_getinterruptmask  wizchip_conf.o
    0x00002d12   0x00002d12   0x00000002   PAD
    0x00002d14   0x00002d14   0x00000050   Code   RO         2591    i.wizchip_getnetinfo  wizchip_conf.o
    0x00002d64   0x00002d64   0x00000006   Code   RO         2592    i.wizchip_getnetmode  wizchip_conf.o
    0x00002d6a   0x00002d6a   0x00000022   Code   RO         2593    i.wizchip_gettimeout  wizchip_conf.o
    0x00002d8c   0x00002d8c   0x00000098   Code   RO         2594    i.wizchip_init      wizchip_conf.o
    0x00002e24   0x00002e24   0x00000012   Code   RO         2842    i.wizchip_read      user_ethernet.o
    0x00002e36   0x00002e36   0x00000018   Code   RO         2843    i.wizchip_select    user_ethernet.o
    0x00002e4e   0x00002e4e   0x00000012   Code   RO         2595    i.wizchip_setinterruptmask  wizchip_conf.o
    0x00002e60   0x00002e60   0x00000050   Code   RO         2596    i.wizchip_setnetinfo  wizchip_conf.o
    0x00002eb0   0x00002eb0   0x00000024   Code   RO         2597    i.wizchip_setnetmode  wizchip_conf.o
    0x00002ed4   0x00002ed4   0x00000022   Code   RO         2598    i.wizchip_settimeout  wizchip_conf.o
    0x00002ef6   0x00002ef6   0x00000004   Code   RO         2600    i.wizchip_spi_readbyte  wizchip_conf.o
    0x00002efa   0x00002efa   0x00000002   Code   RO         2602    i.wizchip_spi_writebyte  wizchip_conf.o
    0x00002efc   0x00002efc   0x00000066   Code   RO         2603    i.wizchip_sw_reset  wizchip_conf.o
    0x00002f62   0x00002f62   0x0000000e   Code   RO         2844    i.wizchip_write     user_ethernet.o
    0x00002f70   0x00002f70   0x00000020   Data   RO           20    .constdata          main.o
    0x00002f90   0x00002f90   0x00000008   Data   RO          335    .constdata          boards.o
    0x00002f98   0x00002f98   0x00000010   Data   RO         2435    .constdata          segger_rtt_printf.o
    0x00002fa8   0x00002fa8   0x00000010   Data   RO         2845    .constdata          user_ethernet.o
    0x00002fb8   0x00002fb8   0x00000006   Data   RO         2920    .constdata          user_spi.o
    0x00002fbe   0x00002fbe   0x00000002   PAD
    0x00002fc0   0x00002fc0   0x00000020   Data   RO         3353    Region$$Table       anon$$obj.o


    Execution Region RW_IRAM1 (Exec base: 0x20000000, Load base: 0x00002fe0, Size: 0x000029e0, Max: 0x00040000, ABSOLUTE)

    Exec Addr    Load Addr    Size         Type   Attr      Idx    E Section Name        Object

    0x20000000   0x00002fe0   0x00000014   Data   RW           21    .data               main.o
    0x20000014   0x00002ff4   0x00000008   Data   RW          883    .data               nrfx_prs.o
    0x2000001c   0x00002ffc   0x00000004   Data   RW         1076    .data               app_util_platform.o
    0x20000020   0x00003000   0x00000048   Data   RW         1965    .data               nrf_esb.o
    0x20000068   0x00003048   0x00000012   Data   RW         2496    .data               socket.o
    0x2000007a   0x0000305a   0x00000002   PAD
    0x2000007c   0x0000305c   0x00000030   Data   RW         2605    .data               wizchip_conf.o
    0x200000ac   0x0000308c   0x00000017   Data   RW         2846    .data               user_ethernet.o
    0x200000c3   0x000030a3   0x00000001   PAD
    0x200000c4   0x000030a4   0x0000000c   Data   RW         2921    .data               user_spi.o
    0x200000d0   0x000030b0   0x00000004   Data   RW         3009    .data               system_nrf52840.o
    0x200000d4        -       0x00000254   Zero   RW           19    .bss                main.o
    0x20000328        -       0x00000324   Zero   RW         1964    .bss                nrf_esb.o
    0x2000064c        -       0x00000288   Zero   RW         2253    .bss                segger_rtt.o
    0x200008d4        -       0x0000000c   Zero   RW         2919    .bss                user_spi.o
    0x200008e0        -       0x00000100   Zero   RW         2983    .bss                mylog.o
    0x200009e0        -       0x00002000   Zero   RW         2997    STACK               arm_startup_nrf52840.o


==============================================================================

Image component sizes


      Code (inc. data)   RO Data    RW Data    ZI Data      Debug   Object Name

         0          0          0          0          0      26607   app_error_weak.o
        44         10          0          4          0       3488   app_util_platform.o
        36          8        512          0       8192        960   arm_startup_nrf52840.o
       234         16          8          0          0      45589   boards.o
      1238        310         32         20        596      64418   main.o
        36         18          0          0        256       1496   mylog.o
      3378        470          0         72        804      57428   nrf_esb.o
         0          0          0          0          0        564   nrf_fprintf.o
        12          6          0          8          0       2038   nrfx_prs.o
       452         40          0          0        648      10265   segger_rtt.o
       900          6         16          0          0       6573   segger_rtt_printf.o
      1356         34          0         18          0       6282   socket.o
       476         60          0          4          0       2415   system_nrf52840.o
       296         80         16         23          0       9989   user_ethernet.o
       494         32          6         12         12      10013   user_spi.o
      1042         18          0          0          0       9448   w5100.o
       892         56          0         48          0      20820   wizchip_conf.o

    ----------------------------------------------------------------------
     10906       1164        624        212      10508     278393   Object Totals
         0          0         32          0          0          0   (incl. Generated)
        20          0          2          3          0          0   (incl. Padding)

    ----------------------------------------------------------------------

      Code (inc. data)   RO Data    RW Data    ZI Data      Debug   Library Member Name

         0          0          0          0          0          0   entry.o
         0          0          0          0          0          0   entry10a.o
         0          0          0          0          0          0   entry11a.o
         8          4          0          0          0          0   entry2.o
         4          0          0          0          0          0   entry5.o
         0          0          0          0          0          0   entry7b.o
         0          0          0          0          0          0   entry8b.o
         8          4          0          0          0          0   entry9a.o
        30          0          0          0          0          0   handlers.o
        36          8          0          0          0         68   init.o
        36          0          0          0          0         68   memcpya.o
        36          0          0          0          0        108   memseta.o
       490         10          0          0          0        252   printf3.o
        18          0          0          0          0         68   strcpy.o
        14          0          0          0          0         68   strlen.o
        44          0          0          0          0         80   uidiv.o

    ----------------------------------------------------------------------
       726         26          0          0          0        712   Library Totals
         2          0          0          0          0          0   (incl. Padding)

    ----------------------------------------------------------------------

      Code (inc. data)   RO Data    RW Data    ZI Data      Debug   Library Name

       724         26          0          0          0        712   mc_w.l

    ----------------------------------------------------------------------
       726         26          0          0          0        712   Library Totals

    ----------------------------------------------------------------------

==============================================================================


      Code (inc. data)   RO Data    RW Data    ZI Data      Debug   

     11632       1190        624        212      10508     266949   Grand Totals
     11632       1190        624        212      10508     266949   ELF Image Totals
     11632       1190        624        212          0          0   ROM Totals

==============================================================================

    Total RO  Size (Code + RO Data)                12256 (  11.97kB)
    Total RW  Size (RW Data + ZI Data)             10720 (  10.47kB)
    Total ROM Size (Code + RO Data + RW Data)      12468 (  12.18kB)

==============================================================================

